[0.149s] DEBUG:colcon:Command line arguments: ['/usr/bin/colcon', 'build', '--symlink-install']
[0.149s] DEBUG:colcon:Parsed command line arguments: Namespace(log_base=None, log_level=None, verb_name='build', build_base='build', install_base='install', merge_install=False, symlink_install=True, test_result_base=None, continue_on_error=False, executor='parallel', parallel_workers=8, event_handlers=None, ignore_user_meta=False, metas=['./colcon.meta'], base_paths=['.'], packages_ignore=None, packages_ignore_regex=None, paths=None, packages_up_to=None, packages_up_to_regex=None, packages_above=None, packages_above_and_dependencies=None, packages_above_depth=None, packages_select_by_dep=None, packages_skip_by_dep=None, packages_skip_up_to=None, packages_select_build_failed=False, packages_skip_build_finished=False, packages_select_test_failures=False, packages_skip_test_passed=False, packages_select=None, packages_skip=None, packages_select_regex=None, packages_skip_regex=None, packages_start=None, packages_end=None, allow_overriding=[], cmake_args=None, cmake_target=None, cmake_target_skip_unavailable=False, cmake_clean_cache=False, cmake_clean_first=False, cmake_force_configure=False, ament_cmake_args=None, catkin_cmake_args=None, catkin_skip_building_tests=False, mixin_files=None, mixin=None, verb_parser=<colcon_mixin.mixin.mixin_argument.MixinArgumentDecorator object at 0xffff81db44a0>, verb_extension=<colcon_core.verb.build.BuildVerb object at 0xffff81db4140>, main=<bound method BuildVerb.main of <colcon_core.verb.build.BuildVerb object at 0xffff81db4140>>, mixin_verb=('build',))
[0.202s] Level 1:colcon.colcon_core.package_discovery:discover_packages(colcon_meta) check parameters
[0.202s] Level 1:colcon.colcon_core.package_discovery:discover_packages(recursive) check parameters
[0.202s] Level 1:colcon.colcon_core.package_discovery:discover_packages(ignore) check parameters
[0.202s] Level 1:colcon.colcon_core.package_discovery:discover_packages(path) check parameters
[0.202s] Level 1:colcon.colcon_core.package_discovery:discover_packages(colcon_meta) discover
[0.202s] Level 1:colcon.colcon_core.package_discovery:discover_packages(recursive) discover
[0.202s] INFO:colcon.colcon_core.package_discovery:Crawling recursively for packages in '/home/radxa/receptionist_robot_ws'
[0.203s] Level 1:colcon.colcon_core.package_identification:_identify(.) by extensions ['ignore', 'ignore_ament_install']
[0.203s] Level 1:colcon.colcon_core.package_identification:_identify(.) by extension 'ignore'
[0.203s] Level 1:colcon.colcon_core.package_identification:_identify(.) by extension 'ignore_ament_install'
[0.203s] Level 1:colcon.colcon_core.package_identification:_identify(.) by extensions ['colcon_pkg']
[0.203s] Level 1:colcon.colcon_core.package_identification:_identify(.) by extension 'colcon_pkg'
[0.203s] Level 1:colcon.colcon_core.package_identification:_identify(.) by extensions ['colcon_meta']
[0.203s] Level 1:colcon.colcon_core.package_identification:_identify(.) by extension 'colcon_meta'
[0.203s] Level 1:colcon.colcon_core.package_identification:_identify(.) by extensions ['ros']
[0.203s] Level 1:colcon.colcon_core.package_identification:_identify(.) by extension 'ros'
[0.238s] Level 1:colcon.colcon_core.package_identification:_identify(.) by extensions ['cmake', 'python']
[0.238s] Level 1:colcon.colcon_core.package_identification:_identify(.) by extension 'cmake'
[0.239s] Level 1:colcon.colcon_core.package_identification:_identify(.) by extension 'python'
[0.239s] Level 1:colcon.colcon_core.package_identification:_identify(.) by extensions ['python_setup_py']
[0.239s] Level 1:colcon.colcon_core.package_identification:_identify(.) by extension 'python_setup_py'
[0.239s] Level 1:colcon.colcon_core.package_identification:_identify(EDS_Bot) by extensions ['ignore', 'ignore_ament_install']
[0.239s] Level 1:colcon.colcon_core.package_identification:_identify(EDS_Bot) by extension 'ignore'
[0.239s] Level 1:colcon.colcon_core.package_identification:_identify(EDS_Bot) by extension 'ignore_ament_install'
[0.239s] Level 1:colcon.colcon_core.package_identification:_identify(EDS_Bot) by extensions ['colcon_pkg']
[0.239s] Level 1:colcon.colcon_core.package_identification:_identify(EDS_Bot) by extension 'colcon_pkg'
[0.239s] Level 1:colcon.colcon_core.package_identification:_identify(EDS_Bot) by extensions ['colcon_meta']
[0.239s] Level 1:colcon.colcon_core.package_identification:_identify(EDS_Bot) by extension 'colcon_meta'
[0.239s] Level 1:colcon.colcon_core.package_identification:_identify(EDS_Bot) by extensions ['ros']
[0.239s] Level 1:colcon.colcon_core.package_identification:_identify(EDS_Bot) by extension 'ros'
[0.243s] DEBUG:colcon.colcon_core.package_identification:Package 'EDS_Bot' with type 'ros.ament_cmake' and name 'eds_bot'
[0.243s] Level 1:colcon.colcon_core.package_identification:_identify(build) by extensions ['ignore', 'ignore_ament_install']
[0.243s] Level 1:colcon.colcon_core.package_identification:_identify(build) by extension 'ignore'
[0.243s] Level 1:colcon.colcon_core.package_identification:_identify(build) ignored
[0.243s] Level 1:colcon.colcon_core.package_identification:_identify(install) by extensions ['ignore', 'ignore_ament_install']
[0.243s] Level 1:colcon.colcon_core.package_identification:_identify(install) by extension 'ignore'
[0.243s] Level 1:colcon.colcon_core.package_identification:_identify(install) ignored
[0.243s] Level 1:colcon.colcon_core.package_identification:_identify(log) by extensions ['ignore', 'ignore_ament_install']
[0.244s] Level 1:colcon.colcon_core.package_identification:_identify(log) by extension 'ignore'
[0.244s] Level 1:colcon.colcon_core.package_identification:_identify(log) ignored
[0.244s] Level 1:colcon.colcon_core.package_identification:_identify(map) by extensions ['ignore', 'ignore_ament_install']
[0.244s] Level 1:colcon.colcon_core.package_identification:_identify(map) by extension 'ignore'
[0.244s] Level 1:colcon.colcon_core.package_identification:_identify(map) by extension 'ignore_ament_install'
[0.244s] Level 1:colcon.colcon_core.package_identification:_identify(map) by extensions ['colcon_pkg']
[0.244s] Level 1:colcon.colcon_core.package_identification:_identify(map) by extension 'colcon_pkg'
[0.244s] Level 1:colcon.colcon_core.package_identification:_identify(map) by extensions ['colcon_meta']
[0.244s] Level 1:colcon.colcon_core.package_identification:_identify(map) by extension 'colcon_meta'
[0.244s] Level 1:colcon.colcon_core.package_identification:_identify(map) by extensions ['ros']
[0.244s] Level 1:colcon.colcon_core.package_identification:_identify(map) by extension 'ros'
[0.244s] Level 1:colcon.colcon_core.package_identification:_identify(map) by extensions ['cmake', 'python']
[0.244s] Level 1:colcon.colcon_core.package_identification:_identify(map) by extension 'cmake'
[0.245s] Level 1:colcon.colcon_core.package_identification:_identify(map) by extension 'python'
[0.245s] Level 1:colcon.colcon_core.package_identification:_identify(map) by extensions ['python_setup_py']
[0.245s] Level 1:colcon.colcon_core.package_identification:_identify(map) by extension 'python_setup_py'
[0.245s] Level 1:colcon.colcon_core.package_identification:_identify(src) by extensions ['ignore', 'ignore_ament_install']
[0.245s] Level 1:colcon.colcon_core.package_identification:_identify(src) by extension 'ignore'
[0.245s] Level 1:colcon.colcon_core.package_identification:_identify(src) by extension 'ignore_ament_install'
[0.245s] Level 1:colcon.colcon_core.package_identification:_identify(src) by extensions ['colcon_pkg']
[0.245s] Level 1:colcon.colcon_core.package_identification:_identify(src) by extension 'colcon_pkg'
[0.245s] Level 1:colcon.colcon_core.package_identification:_identify(src) by extensions ['colcon_meta']
[0.245s] Level 1:colcon.colcon_core.package_identification:_identify(src) by extension 'colcon_meta'
[0.245s] Level 1:colcon.colcon_core.package_identification:_identify(src) by extensions ['ros']
[0.245s] Level 1:colcon.colcon_core.package_identification:_identify(src) by extension 'ros'
[0.245s] Level 1:colcon.colcon_core.package_identification:_identify(src) by extensions ['cmake', 'python']
[0.245s] Level 1:colcon.colcon_core.package_identification:_identify(src) by extension 'cmake'
[0.246s] Level 1:colcon.colcon_core.package_identification:_identify(src) by extension 'python'
[0.246s] Level 1:colcon.colcon_core.package_identification:_identify(src) by extensions ['python_setup_py']
[0.246s] Level 1:colcon.colcon_core.package_identification:_identify(src) by extension 'python_setup_py'
[0.246s] Level 1:colcon.colcon_core.package_identification:_identify(src/receptionist_robot_bringup) by extensions ['ignore', 'ignore_ament_install']
[0.246s] Level 1:colcon.colcon_core.package_identification:_identify(src/receptionist_robot_bringup) by extension 'ignore'
[0.246s] Level 1:colcon.colcon_core.package_identification:_identify(src/receptionist_robot_bringup) by extension 'ignore_ament_install'
[0.246s] Level 1:colcon.colcon_core.package_identification:_identify(src/receptionist_robot_bringup) by extensions ['colcon_pkg']
[0.246s] Level 1:colcon.colcon_core.package_identification:_identify(src/receptionist_robot_bringup) by extension 'colcon_pkg'
[0.246s] Level 1:colcon.colcon_core.package_identification:_identify(src/receptionist_robot_bringup) by extensions ['colcon_meta']
[0.246s] Level 1:colcon.colcon_core.package_identification:_identify(src/receptionist_robot_bringup) by extension 'colcon_meta'
[0.246s] Level 1:colcon.colcon_core.package_identification:_identify(src/receptionist_robot_bringup) by extensions ['ros']
[0.246s] Level 1:colcon.colcon_core.package_identification:_identify(src/receptionist_robot_bringup) by extension 'ros'
[0.247s] DEBUG:colcon.colcon_core.package_identification:Package 'src/receptionist_robot_bringup' with type 'ros.ament_cmake' and name 'receptionist_robot_bringup'
[0.247s] Level 1:colcon.colcon_core.package_identification:_identify(src/receptionist_robot_description) by extensions ['ignore', 'ignore_ament_install']
[0.247s] Level 1:colcon.colcon_core.package_identification:_identify(src/receptionist_robot_description) by extension 'ignore'
[0.247s] Level 1:colcon.colcon_core.package_identification:_identify(src/receptionist_robot_description) by extension 'ignore_ament_install'
[0.247s] Level 1:colcon.colcon_core.package_identification:_identify(src/receptionist_robot_description) by extensions ['colcon_pkg']
[0.247s] Level 1:colcon.colcon_core.package_identification:_identify(src/receptionist_robot_description) by extension 'colcon_pkg'
[0.247s] Level 1:colcon.colcon_core.package_identification:_identify(src/receptionist_robot_description) by extensions ['colcon_meta']
[0.248s] Level 1:colcon.colcon_core.package_identification:_identify(src/receptionist_robot_description) by extension 'colcon_meta'
[0.248s] Level 1:colcon.colcon_core.package_identification:_identify(src/receptionist_robot_description) by extensions ['ros']
[0.248s] Level 1:colcon.colcon_core.package_identification:_identify(src/receptionist_robot_description) by extension 'ros'
[0.248s] DEBUG:colcon.colcon_core.package_identification:Package 'src/receptionist_robot_description' with type 'ros.ament_cmake' and name 'receptionist_robot_description'
[0.248s] Level 1:colcon.colcon_core.package_identification:_identify(src/sllidar_ros2) by extensions ['ignore', 'ignore_ament_install']
[0.248s] Level 1:colcon.colcon_core.package_identification:_identify(src/sllidar_ros2) by extension 'ignore'
[0.248s] Level 1:colcon.colcon_core.package_identification:_identify(src/sllidar_ros2) by extension 'ignore_ament_install'
[0.249s] Level 1:colcon.colcon_core.package_identification:_identify(src/sllidar_ros2) by extensions ['colcon_pkg']
[0.249s] Level 1:colcon.colcon_core.package_identification:_identify(src/sllidar_ros2) by extension 'colcon_pkg'
[0.249s] Level 1:colcon.colcon_core.package_identification:_identify(src/sllidar_ros2) by extensions ['colcon_meta']
[0.249s] Level 1:colcon.colcon_core.package_identification:_identify(src/sllidar_ros2) by extension 'colcon_meta'
[0.249s] Level 1:colcon.colcon_core.package_identification:_identify(src/sllidar_ros2) by extensions ['ros']
[0.249s] Level 1:colcon.colcon_core.package_identification:_identify(src/sllidar_ros2) by extension 'ros'
[0.249s] DEBUG:colcon.colcon_core.package_identification:Package 'src/sllidar_ros2' with type 'ros.ament_cmake' and name 'sllidar_ros2'
[0.250s] Level 1:colcon.colcon_core.package_discovery:discover_packages(recursive) using defaults
[0.250s] Level 1:colcon.colcon_core.package_discovery:discover_packages(ignore) discover
[0.250s] Level 1:colcon.colcon_core.package_discovery:discover_packages(ignore) using defaults
[0.250s] Level 1:colcon.colcon_core.package_discovery:discover_packages(path) discover
[0.250s] Level 1:colcon.colcon_core.package_discovery:discover_packages(path) using defaults
[0.273s] Level 1:colcon.colcon_core.package_discovery:discover_packages(prefix_path) check parameters
[0.273s] Level 1:colcon.colcon_core.package_discovery:discover_packages(prefix_path) discover
[0.276s] DEBUG:colcon.colcon_installed_package_information.package_discovery:Found 4 installed packages in /home/radxa/receptionist_robot_ws/install
[0.277s] DEBUG:colcon.colcon_installed_package_information.package_discovery:Found 14 installed packages in /home/radxa/turtlebot3_ws/install
[0.278s] DEBUG:colcon.colcon_installed_package_information.package_discovery:Found 2 installed packages in /home/radxa/microros_ws/install
[0.280s] DEBUG:colcon.colcon_installed_package_information.package_discovery:Found 386 installed packages in /opt/ros/jazzy
[0.282s] Level 1:colcon.colcon_core.package_discovery:discover_packages(prefix_path) using defaults
[0.353s] Level 5:colcon.colcon_core.verb:set package 'eds_bot' build argument 'cmake_args' from command line to 'None'
[0.353s] Level 5:colcon.colcon_core.verb:set package 'eds_bot' build argument 'cmake_target' from command line to 'None'
[0.353s] Level 5:colcon.colcon_core.verb:set package 'eds_bot' build argument 'cmake_target_skip_unavailable' from command line to 'False'
[0.353s] Level 5:colcon.colcon_core.verb:set package 'eds_bot' build argument 'cmake_clean_cache' from command line to 'False'
[0.353s] Level 5:colcon.colcon_core.verb:set package 'eds_bot' build argument 'cmake_clean_first' from command line to 'False'
[0.353s] Level 5:colcon.colcon_core.verb:set package 'eds_bot' build argument 'cmake_force_configure' from command line to 'False'
[0.353s] Level 5:colcon.colcon_core.verb:set package 'eds_bot' build argument 'ament_cmake_args' from command line to 'None'
[0.353s] Level 5:colcon.colcon_core.verb:set package 'eds_bot' build argument 'catkin_cmake_args' from command line to 'None'
[0.353s] Level 5:colcon.colcon_core.verb:set package 'eds_bot' build argument 'catkin_skip_building_tests' from command line to 'False'
[0.353s] DEBUG:colcon.colcon_core.verb:Building package 'eds_bot' with the following arguments: {'ament_cmake_args': None, 'build_base': '/home/radxa/receptionist_robot_ws/build/eds_bot', 'catkin_cmake_args': None, 'catkin_skip_building_tests': False, 'cmake_args': None, 'cmake_clean_cache': False, 'cmake_clean_first': False, 'cmake_force_configure': False, 'cmake_target': None, 'cmake_target_skip_unavailable': False, 'install_base': '/home/radxa/receptionist_robot_ws/install/eds_bot', 'merge_install': False, 'path': '/home/radxa/receptionist_robot_ws/EDS_Bot', 'symlink_install': True, 'test_result_base': None}
[0.354s] Level 5:colcon.colcon_core.verb:set package 'receptionist_robot_description' build argument 'cmake_args' from command line to 'None'
[0.354s] Level 5:colcon.colcon_core.verb:set package 'receptionist_robot_description' build argument 'cmake_target' from command line to 'None'
[0.354s] Level 5:colcon.colcon_core.verb:set package 'receptionist_robot_description' build argument 'cmake_target_skip_unavailable' from command line to 'False'
[0.354s] Level 5:colcon.colcon_core.verb:set package 'receptionist_robot_description' build argument 'cmake_clean_cache' from command line to 'False'
[0.354s] Level 5:colcon.colcon_core.verb:set package 'receptionist_robot_description' build argument 'cmake_clean_first' from command line to 'False'
[0.354s] Level 5:colcon.colcon_core.verb:set package 'receptionist_robot_description' build argument 'cmake_force_configure' from command line to 'False'
[0.354s] Level 5:colcon.colcon_core.verb:set package 'receptionist_robot_description' build argument 'ament_cmake_args' from command line to 'None'
[0.354s] Level 5:colcon.colcon_core.verb:set package 'receptionist_robot_description' build argument 'catkin_cmake_args' from command line to 'None'
[0.354s] Level 5:colcon.colcon_core.verb:set package 'receptionist_robot_description' build argument 'catkin_skip_building_tests' from command line to 'False'
[0.354s] DEBUG:colcon.colcon_core.verb:Building package 'receptionist_robot_description' with the following arguments: {'ament_cmake_args': None, 'build_base': '/home/radxa/receptionist_robot_ws/build/receptionist_robot_description', 'catkin_cmake_args': None, 'catkin_skip_building_tests': False, 'cmake_args': None, 'cmake_clean_cache': False, 'cmake_clean_first': False, 'cmake_force_configure': False, 'cmake_target': None, 'cmake_target_skip_unavailable': False, 'install_base': '/home/radxa/receptionist_robot_ws/install/receptionist_robot_description', 'merge_install': False, 'path': '/home/radxa/receptionist_robot_ws/src/receptionist_robot_description', 'symlink_install': True, 'test_result_base': None}
[0.354s] Level 5:colcon.colcon_core.verb:set package 'sllidar_ros2' build argument 'cmake_args' from command line to 'None'
[0.354s] Level 5:colcon.colcon_core.verb:set package 'sllidar_ros2' build argument 'cmake_target' from command line to 'None'
[0.354s] Level 5:colcon.colcon_core.verb:set package 'sllidar_ros2' build argument 'cmake_target_skip_unavailable' from command line to 'False'
[0.355s] Level 5:colcon.colcon_core.verb:set package 'sllidar_ros2' build argument 'cmake_clean_cache' from command line to 'False'
[0.355s] Level 5:colcon.colcon_core.verb:set package 'sllidar_ros2' build argument 'cmake_clean_first' from command line to 'False'
[0.355s] Level 5:colcon.colcon_core.verb:set package 'sllidar_ros2' build argument 'cmake_force_configure' from command line to 'False'
[0.355s] Level 5:colcon.colcon_core.verb:set package 'sllidar_ros2' build argument 'ament_cmake_args' from command line to 'None'
[0.355s] Level 5:colcon.colcon_core.verb:set package 'sllidar_ros2' build argument 'catkin_cmake_args' from command line to 'None'
[0.355s] Level 5:colcon.colcon_core.verb:set package 'sllidar_ros2' build argument 'catkin_skip_building_tests' from command line to 'False'
[0.355s] DEBUG:colcon.colcon_core.verb:Building package 'sllidar_ros2' with the following arguments: {'ament_cmake_args': None, 'build_base': '/home/radxa/receptionist_robot_ws/build/sllidar_ros2', 'catkin_cmake_args': None, 'catkin_skip_building_tests': False, 'cmake_args': None, 'cmake_clean_cache': False, 'cmake_clean_first': False, 'cmake_force_configure': False, 'cmake_target': None, 'cmake_target_skip_unavailable': False, 'install_base': '/home/radxa/receptionist_robot_ws/install/sllidar_ros2', 'merge_install': False, 'path': '/home/radxa/receptionist_robot_ws/src/sllidar_ros2', 'symlink_install': True, 'test_result_base': None}
[0.355s] Level 5:colcon.colcon_core.verb:set package 'receptionist_robot_bringup' build argument 'cmake_args' from command line to 'None'
[0.355s] Level 5:colcon.colcon_core.verb:set package 'receptionist_robot_bringup' build argument 'cmake_target' from command line to 'None'
[0.355s] Level 5:colcon.colcon_core.verb:set package 'receptionist_robot_bringup' build argument 'cmake_target_skip_unavailable' from command line to 'False'
[0.355s] Level 5:colcon.colcon_core.verb:set package 'receptionist_robot_bringup' build argument 'cmake_clean_cache' from command line to 'False'
[0.355s] Level 5:colcon.colcon_core.verb:set package 'receptionist_robot_bringup' build argument 'cmake_clean_first' from command line to 'False'
[0.355s] Level 5:colcon.colcon_core.verb:set package 'receptionist_robot_bringup' build argument 'cmake_force_configure' from command line to 'False'
[0.355s] Level 5:colcon.colcon_core.verb:set package 'receptionist_robot_bringup' build argument 'ament_cmake_args' from command line to 'None'
[0.355s] Level 5:colcon.colcon_core.verb:set package 'receptionist_robot_bringup' build argument 'catkin_cmake_args' from command line to 'None'
[0.355s] Level 5:colcon.colcon_core.verb:set package 'receptionist_robot_bringup' build argument 'catkin_skip_building_tests' from command line to 'False'
[0.355s] DEBUG:colcon.colcon_core.verb:Building package 'receptionist_robot_bringup' with the following arguments: {'ament_cmake_args': None, 'build_base': '/home/radxa/receptionist_robot_ws/build/receptionist_robot_bringup', 'catkin_cmake_args': None, 'catkin_skip_building_tests': False, 'cmake_args': None, 'cmake_clean_cache': False, 'cmake_clean_first': False, 'cmake_force_configure': False, 'cmake_target': None, 'cmake_target_skip_unavailable': False, 'install_base': '/home/radxa/receptionist_robot_ws/install/receptionist_robot_bringup', 'merge_install': False, 'path': '/home/radxa/receptionist_robot_ws/src/receptionist_robot_bringup', 'symlink_install': True, 'test_result_base': None}
[0.355s] INFO:colcon.colcon_core.executor:Executing jobs using 'parallel' executor
[0.358s] DEBUG:colcon.colcon_parallel_executor.executor.parallel:run_until_complete
[0.358s] INFO:colcon.colcon_ros.task.ament_cmake.build:Building ROS package in '/home/radxa/receptionist_robot_ws/src/receptionist_robot_description' with build type 'ament_cmake'
[0.359s] INFO:colcon.colcon_cmake.task.cmake.build:Building CMake package in '/home/radxa/receptionist_robot_ws/src/receptionist_robot_description'
[0.361s] INFO:colcon.colcon_core.plugin_system:Skipping extension 'colcon_core.shell.bat': Not used on non-Windows systems
[0.361s] INFO:colcon.colcon_core.shell:Skip shell extension 'powershell' for command environment: Not usable outside of PowerShell
[0.361s] DEBUG:colcon.colcon_core.shell:Skip shell extension 'dsv' for command environment
[0.369s] INFO:colcon.colcon_ros.task.ament_cmake.build:Building ROS package in '/home/radxa/receptionist_robot_ws/src/sllidar_ros2' with build type 'ament_cmake'
[0.370s] INFO:colcon.colcon_cmake.task.cmake.build:Building CMake package in '/home/radxa/receptionist_robot_ws/src/sllidar_ros2'
[0.370s] INFO:colcon.colcon_core.shell:Skip shell extension 'powershell' for command environment: Not usable outside of PowerShell
[0.370s] DEBUG:colcon.colcon_core.shell:Skip shell extension 'dsv' for command environment
[0.383s] INFO:colcon.colcon_ros.task.ament_cmake.build:Building ROS package in '/home/radxa/receptionist_robot_ws/EDS_Bot' with build type 'ament_cmake'
[0.384s] INFO:colcon.colcon_cmake.task.cmake.build:Building CMake package in '/home/radxa/receptionist_robot_ws/EDS_Bot'
[0.384s] INFO:colcon.colcon_core.shell:Skip shell extension 'powershell' for command environment: Not usable outside of PowerShell
[0.384s] DEBUG:colcon.colcon_core.shell:Skip shell extension 'dsv' for command environment
[0.403s] DEBUG:colcon.colcon_core.event_handler.log_command:Invoking command in '/home/radxa/receptionist_robot_ws/build/receptionist_robot_description': CMAKE_PREFIX_PATH=${CMAKE_PREFIX_PATH}:/home/radxa/turtlebot3_ws/install/turtlebot3_teleop:/home/radxa/turtlebot3_ws/install/turtlebot3_example:/opt/ros/jazzy /usr/bin/cmake --build /home/radxa/receptionist_robot_ws/build/receptionist_robot_description -- -j8 -l8
[0.421s] DEBUG:colcon.colcon_core.event_handler.log_command:Invoking command in '/home/radxa/receptionist_robot_ws/build/sllidar_ros2': CMAKE_PREFIX_PATH=${CMAKE_PREFIX_PATH}:/home/radxa/turtlebot3_ws/install/turtlebot3_teleop:/home/radxa/turtlebot3_ws/install/turtlebot3_example:/opt/ros/jazzy /usr/bin/cmake --build /home/radxa/receptionist_robot_ws/build/sllidar_ros2 -- -j8 -l8
[0.439s] DEBUG:colcon.colcon_core.event_handler.log_command:Invoking command in '/home/radxa/receptionist_robot_ws/build/eds_bot': CMAKE_PREFIX_PATH=${CMAKE_PREFIX_PATH}:/home/radxa/turtlebot3_ws/install/turtlebot3_teleop:/home/radxa/turtlebot3_ws/install/turtlebot3_example:/opt/ros/jazzy /usr/bin/cmake --build /home/radxa/receptionist_robot_ws/build/eds_bot -- -j8 -l8
[0.509s] DEBUG:colcon.colcon_core.event_handler.log_command:Invoked command in '/home/radxa/receptionist_robot_ws/build/receptionist_robot_description' returned '0': CMAKE_PREFIX_PATH=${CMAKE_PREFIX_PATH}:/home/radxa/turtlebot3_ws/install/turtlebot3_teleop:/home/radxa/turtlebot3_ws/install/turtlebot3_example:/opt/ros/jazzy /usr/bin/cmake --build /home/radxa/receptionist_robot_ws/build/receptionist_robot_description -- -j8 -l8
[0.524s] DEBUG:colcon.colcon_core.event_handler.log_command:Invoking command in '/home/radxa/receptionist_robot_ws/build/receptionist_robot_description': CMAKE_PREFIX_PATH=${CMAKE_PREFIX_PATH}:/home/radxa/turtlebot3_ws/install/turtlebot3_teleop:/home/radxa/turtlebot3_ws/install/turtlebot3_example:/opt/ros/jazzy /usr/bin/cmake --install /home/radxa/receptionist_robot_ws/build/receptionist_robot_description
[0.551s] DEBUG:colcon.colcon_core.event_handler.log_command:Invoked command in '/home/radxa/receptionist_robot_ws/build/eds_bot' returned '0': CMAKE_PREFIX_PATH=${CMAKE_PREFIX_PATH}:/home/radxa/turtlebot3_ws/install/turtlebot3_teleop:/home/radxa/turtlebot3_ws/install/turtlebot3_example:/opt/ros/jazzy /usr/bin/cmake --build /home/radxa/receptionist_robot_ws/build/eds_bot -- -j8 -l8
[0.553s] DEBUG:colcon.colcon_core.event_handler.log_command:Invoking command in '/home/radxa/receptionist_robot_ws/build/eds_bot': CMAKE_PREFIX_PATH=${CMAKE_PREFIX_PATH}:/home/radxa/turtlebot3_ws/install/turtlebot3_teleop:/home/radxa/turtlebot3_ws/install/turtlebot3_example:/opt/ros/jazzy /usr/bin/cmake --install /home/radxa/receptionist_robot_ws/build/eds_bot
[0.557s] Level 1:colcon.colcon_core.environment:create_environment_scripts_only(receptionist_robot_description)
[0.560s] DEBUG:colcon.colcon_core.event_handler.log_command:Invoked command in '/home/radxa/receptionist_robot_ws/build/receptionist_robot_description' returned '0': CMAKE_PREFIX_PATH=${CMAKE_PREFIX_PATH}:/home/radxa/turtlebot3_ws/install/turtlebot3_teleop:/home/radxa/turtlebot3_ws/install/turtlebot3_example:/opt/ros/jazzy /usr/bin/cmake --install /home/radxa/receptionist_robot_ws/build/receptionist_robot_description
[0.581s] Level 1:colcon.colcon_core.environment:checking '/home/radxa/receptionist_robot_ws/install/receptionist_robot_description' for CMake module files
[0.585s] Level 1:colcon.colcon_core.environment:checking '/home/radxa/receptionist_robot_ws/install/receptionist_robot_description' for CMake config files
[0.588s] Level 1:colcon.colcon_core.shell:create_environment_hook('receptionist_robot_description', 'cmake_prefix_path')
[0.588s] INFO:colcon.colcon_core.shell:Creating environment hook '/home/radxa/receptionist_robot_ws/install/receptionist_robot_description/share/receptionist_robot_description/hook/cmake_prefix_path.ps1'
[0.589s] INFO:colcon.colcon_core.shell:Creating environment descriptor '/home/radxa/receptionist_robot_ws/install/receptionist_robot_description/share/receptionist_robot_description/hook/cmake_prefix_path.dsv'
[0.596s] INFO:colcon.colcon_core.shell:Creating environment hook '/home/radxa/receptionist_robot_ws/install/receptionist_robot_description/share/receptionist_robot_description/hook/cmake_prefix_path.sh'
[0.610s] Level 1:colcon.colcon_core.environment:checking '/home/radxa/receptionist_robot_ws/install/receptionist_robot_description/bin'
[0.610s] Level 1:colcon.colcon_core.environment:checking '/home/radxa/receptionist_robot_ws/install/receptionist_robot_description/lib/pkgconfig/receptionist_robot_description.pc'
[0.611s] Level 1:colcon.colcon_core.environment:checking '/home/radxa/receptionist_robot_ws/install/receptionist_robot_description/lib/python3.12/site-packages'
[0.613s] Level 1:colcon.colcon_core.environment:checking '/home/radxa/receptionist_robot_ws/install/receptionist_robot_description/bin'
[0.614s] INFO:colcon.colcon_core.shell:Creating package script '/home/radxa/receptionist_robot_ws/install/receptionist_robot_description/share/receptionist_robot_description/package.ps1'
[0.619s] INFO:colcon.colcon_core.shell:Creating package descriptor '/home/radxa/receptionist_robot_ws/install/receptionist_robot_description/share/receptionist_robot_description/package.dsv'
[0.621s] INFO:colcon.colcon_core.shell:Creating package script '/home/radxa/receptionist_robot_ws/install/receptionist_robot_description/share/receptionist_robot_description/package.sh'
[0.629s] INFO:colcon.colcon_core.shell:Creating package script '/home/radxa/receptionist_robot_ws/install/receptionist_robot_description/share/receptionist_robot_description/package.bash'
[0.633s] INFO:colcon.colcon_core.shell:Creating package script '/home/radxa/receptionist_robot_ws/install/receptionist_robot_description/share/receptionist_robot_description/package.zsh'
[0.643s] Level 1:colcon.colcon_core.environment:create_file_with_runtime_dependencies(/home/radxa/receptionist_robot_ws/install/receptionist_robot_description/share/colcon-core/packages/receptionist_robot_description)
[0.652s] Level 1:colcon.colcon_core.environment:create_environment_scripts_only(receptionist_robot_description)
[0.654s] Level 1:colcon.colcon_core.environment:checking '/home/radxa/receptionist_robot_ws/install/receptionist_robot_description' for CMake module files
[0.658s] Level 1:colcon.colcon_core.environment:checking '/home/radxa/receptionist_robot_ws/install/receptionist_robot_description' for CMake config files
[0.659s] Level 1:colcon.colcon_core.shell:create_environment_hook('receptionist_robot_description', 'cmake_prefix_path')
[0.660s] INFO:colcon.colcon_core.shell:Creating environment hook '/home/radxa/receptionist_robot_ws/install/receptionist_robot_description/share/receptionist_robot_description/hook/cmake_prefix_path.ps1'
[0.662s] INFO:colcon.colcon_core.shell:Creating environment descriptor '/home/radxa/receptionist_robot_ws/install/receptionist_robot_description/share/receptionist_robot_description/hook/cmake_prefix_path.dsv'
[0.673s] INFO:colcon.colcon_core.shell:Creating environment hook '/home/radxa/receptionist_robot_ws/install/receptionist_robot_description/share/receptionist_robot_description/hook/cmake_prefix_path.sh'
[0.681s] Level 1:colcon.colcon_core.environment:checking '/home/radxa/receptionist_robot_ws/install/receptionist_robot_description/bin'
[0.681s] Level 1:colcon.colcon_core.environment:checking '/home/radxa/receptionist_robot_ws/install/receptionist_robot_description/lib/pkgconfig/receptionist_robot_description.pc'
[0.682s] Level 1:colcon.colcon_core.environment:checking '/home/radxa/receptionist_robot_ws/install/receptionist_robot_description/lib/python3.12/site-packages'
[0.685s] Level 1:colcon.colcon_core.environment:checking '/home/radxa/receptionist_robot_ws/install/receptionist_robot_description/bin'
[0.686s] INFO:colcon.colcon_core.shell:Creating package script '/home/radxa/receptionist_robot_ws/install/receptionist_robot_description/share/receptionist_robot_description/package.ps1'
[0.689s] INFO:colcon.colcon_core.shell:Creating package descriptor '/home/radxa/receptionist_robot_ws/install/receptionist_robot_description/share/receptionist_robot_description/package.dsv'
[0.695s] INFO:colcon.colcon_core.shell:Creating package script '/home/radxa/receptionist_robot_ws/install/receptionist_robot_description/share/receptionist_robot_description/package.sh'
[0.700s] INFO:colcon.colcon_core.shell:Creating package script '/home/radxa/receptionist_robot_ws/install/receptionist_robot_description/share/receptionist_robot_description/package.bash'
[0.712s] INFO:colcon.colcon_core.shell:Creating package script '/home/radxa/receptionist_robot_ws/install/receptionist_robot_description/share/receptionist_robot_description/package.zsh'
[0.717s] Level 1:colcon.colcon_core.environment:create_file_with_runtime_dependencies(/home/radxa/receptionist_robot_ws/install/receptionist_robot_description/share/colcon-core/packages/receptionist_robot_description)
[0.733s] DEBUG:colcon.colcon_core.event_handler.log_command:Invoked command in '/home/radxa/receptionist_robot_ws/build/sllidar_ros2' returned '0': CMAKE_PREFIX_PATH=${CMAKE_PREFIX_PATH}:/home/radxa/turtlebot3_ws/install/turtlebot3_teleop:/home/radxa/turtlebot3_ws/install/turtlebot3_example:/opt/ros/jazzy /usr/bin/cmake --build /home/radxa/receptionist_robot_ws/build/sllidar_ros2 -- -j8 -l8
[0.736s] Level 1:colcon.colcon_core.environment:create_environment_scripts_only(eds_bot)
[0.738s] Level 1:colcon.colcon_core.environment:checking '/home/radxa/receptionist_robot_ws/install/eds_bot' for CMake module files
[0.744s] Level 1:colcon.colcon_core.environment:checking '/home/radxa/receptionist_robot_ws/install/eds_bot' for CMake config files
[0.745s] DEBUG:colcon.colcon_core.event_handler.log_command:Invoking command in '/home/radxa/receptionist_robot_ws/build/sllidar_ros2': CMAKE_PREFIX_PATH=${CMAKE_PREFIX_PATH}:/home/radxa/turtlebot3_ws/install/turtlebot3_teleop:/home/radxa/turtlebot3_ws/install/turtlebot3_example:/opt/ros/jazzy /usr/bin/cmake --install /home/radxa/receptionist_robot_ws/build/sllidar_ros2
[0.747s] DEBUG:colcon.colcon_core.event_handler.log_command:Invoked command in '/home/radxa/receptionist_robot_ws/build/eds_bot' returned '0': CMAKE_PREFIX_PATH=${CMAKE_PREFIX_PATH}:/home/radxa/turtlebot3_ws/install/turtlebot3_teleop:/home/radxa/turtlebot3_ws/install/turtlebot3_example:/opt/ros/jazzy /usr/bin/cmake --install /home/radxa/receptionist_robot_ws/build/eds_bot
[0.750s] Level 1:colcon.colcon_core.shell:create_environment_hook('eds_bot', 'cmake_prefix_path')
[0.751s] INFO:colcon.colcon_core.shell:Creating environment hook '/home/radxa/receptionist_robot_ws/install/eds_bot/share/eds_bot/hook/cmake_prefix_path.ps1'
[0.755s] INFO:colcon.colcon_core.shell:Creating environment descriptor '/home/radxa/receptionist_robot_ws/install/eds_bot/share/eds_bot/hook/cmake_prefix_path.dsv'
[0.770s] INFO:colcon.colcon_core.shell:Creating environment hook '/home/radxa/receptionist_robot_ws/install/eds_bot/share/eds_bot/hook/cmake_prefix_path.sh'
[0.778s] Level 1:colcon.colcon_core.environment:checking '/home/radxa/receptionist_robot_ws/install/eds_bot/bin'
[0.779s] Level 1:colcon.colcon_core.environment:checking '/home/radxa/receptionist_robot_ws/install/eds_bot/lib/pkgconfig/eds_bot.pc'
[0.780s] Level 1:colcon.colcon_core.environment:checking '/home/radxa/receptionist_robot_ws/install/eds_bot/lib/python3.12/site-packages'
[0.784s] Level 1:colcon.colcon_core.environment:checking '/home/radxa/receptionist_robot_ws/install/eds_bot/bin'
[0.786s] INFO:colcon.colcon_core.shell:Creating package script '/home/radxa/receptionist_robot_ws/install/eds_bot/share/eds_bot/package.ps1'
[0.789s] INFO:colcon.colcon_core.shell:Creating package descriptor '/home/radxa/receptionist_robot_ws/install/eds_bot/share/eds_bot/package.dsv'
[0.790s] INFO:colcon.colcon_core.shell:Creating package script '/home/radxa/receptionist_robot_ws/install/eds_bot/share/eds_bot/package.sh'
[0.796s] INFO:colcon.colcon_core.shell:Creating package script '/home/radxa/receptionist_robot_ws/install/eds_bot/share/eds_bot/package.bash'
[0.807s] INFO:colcon.colcon_core.shell:Creating package script '/home/radxa/receptionist_robot_ws/install/eds_bot/share/eds_bot/package.zsh'
[0.814s] Level 1:colcon.colcon_core.environment:create_file_with_runtime_dependencies(/home/radxa/receptionist_robot_ws/install/eds_bot/share/colcon-core/packages/eds_bot)
[0.819s] Level 1:colcon.colcon_core.environment:create_environment_scripts_only(eds_bot)
[0.820s] Level 1:colcon.colcon_core.environment:checking '/home/radxa/receptionist_robot_ws/install/eds_bot' for CMake module files
[0.835s] Level 1:colcon.colcon_core.environment:checking '/home/radxa/receptionist_robot_ws/install/eds_bot' for CMake config files
[0.837s] Level 1:colcon.colcon_core.shell:create_environment_hook('eds_bot', 'cmake_prefix_path')
[0.838s] INFO:colcon.colcon_core.shell:Creating environment hook '/home/radxa/receptionist_robot_ws/install/eds_bot/share/eds_bot/hook/cmake_prefix_path.ps1'
[0.840s] INFO:colcon.colcon_core.shell:Creating environment descriptor '/home/radxa/receptionist_robot_ws/install/eds_bot/share/eds_bot/hook/cmake_prefix_path.dsv'
[0.856s] INFO:colcon.colcon_core.shell:Creating environment hook '/home/radxa/receptionist_robot_ws/install/eds_bot/share/eds_bot/hook/cmake_prefix_path.sh'
[0.864s] Level 1:colcon.colcon_core.environment:checking '/home/radxa/receptionist_robot_ws/install/eds_bot/bin'
[0.864s] Level 1:colcon.colcon_core.environment:checking '/home/radxa/receptionist_robot_ws/install/eds_bot/lib/pkgconfig/eds_bot.pc'
[0.865s] Level 1:colcon.colcon_core.environment:checking '/home/radxa/receptionist_robot_ws/install/eds_bot/lib/python3.12/site-packages'
[0.867s] Level 1:colcon.colcon_core.environment:checking '/home/radxa/receptionist_robot_ws/install/eds_bot/bin'
[0.868s] INFO:colcon.colcon_core.shell:Creating package script '/home/radxa/receptionist_robot_ws/install/eds_bot/share/eds_bot/package.ps1'
[0.877s] INFO:colcon.colcon_core.shell:Creating package descriptor '/home/radxa/receptionist_robot_ws/install/eds_bot/share/eds_bot/package.dsv'
[0.883s] INFO:colcon.colcon_core.shell:Creating package script '/home/radxa/receptionist_robot_ws/install/eds_bot/share/eds_bot/package.sh'
[0.890s] INFO:colcon.colcon_core.shell:Creating package script '/home/radxa/receptionist_robot_ws/install/eds_bot/share/eds_bot/package.bash'
[0.898s] INFO:colcon.colcon_core.shell:Creating package script '/home/radxa/receptionist_robot_ws/install/eds_bot/share/eds_bot/package.zsh'
[0.906s] Level 1:colcon.colcon_core.environment:create_file_with_runtime_dependencies(/home/radxa/receptionist_robot_ws/install/eds_bot/share/colcon-core/packages/eds_bot)
[0.914s] Level 1:colcon.colcon_core.environment:create_environment_scripts_only(sllidar_ros2)
[0.915s] Level 1:colcon.colcon_core.environment:checking '/home/radxa/receptionist_robot_ws/install/sllidar_ros2' for CMake module files
[0.919s] Level 1:colcon.colcon_core.environment:checking '/home/radxa/receptionist_robot_ws/install/sllidar_ros2' for CMake config files
[0.921s] Level 1:colcon.colcon_core.shell:create_environment_hook('sllidar_ros2', 'cmake_prefix_path')
[0.922s] INFO:colcon.colcon_core.shell:Creating environment hook '/home/radxa/receptionist_robot_ws/install/sllidar_ros2/share/sllidar_ros2/hook/cmake_prefix_path.ps1'
[0.926s] INFO:colcon.colcon_core.shell:Creating environment descriptor '/home/radxa/receptionist_robot_ws/install/sllidar_ros2/share/sllidar_ros2/hook/cmake_prefix_path.dsv'
[0.934s] INFO:colcon.colcon_core.shell:Creating environment hook '/home/radxa/receptionist_robot_ws/install/sllidar_ros2/share/sllidar_ros2/hook/cmake_prefix_path.sh'
[0.943s] Level 1:colcon.colcon_core.environment:checking '/home/radxa/receptionist_robot_ws/install/sllidar_ros2/lib'
[0.945s] Level 1:colcon.colcon_core.environment:checking '/home/radxa/receptionist_robot_ws/install/sllidar_ros2/bin'
[0.946s] Level 1:colcon.colcon_core.environment:checking '/home/radxa/receptionist_robot_ws/install/sllidar_ros2/lib/pkgconfig/sllidar_ros2.pc'
[0.947s] Level 1:colcon.colcon_core.environment:checking '/home/radxa/receptionist_robot_ws/install/sllidar_ros2/lib/python3.12/site-packages'
[0.949s] Level 1:colcon.colcon_core.environment:checking '/home/radxa/receptionist_robot_ws/install/sllidar_ros2/bin'
[0.951s] INFO:colcon.colcon_core.shell:Creating package script '/home/radxa/receptionist_robot_ws/install/sllidar_ros2/share/sllidar_ros2/package.ps1'
[0.955s] INFO:colcon.colcon_core.shell:Creating package descriptor '/home/radxa/receptionist_robot_ws/install/sllidar_ros2/share/sllidar_ros2/package.dsv'
[0.958s] INFO:colcon.colcon_core.shell:Creating package script '/home/radxa/receptionist_robot_ws/install/sllidar_ros2/share/sllidar_ros2/package.sh'
[0.967s] INFO:colcon.colcon_core.shell:Creating package script '/home/radxa/receptionist_robot_ws/install/sllidar_ros2/share/sllidar_ros2/package.bash'
[0.973s] DEBUG:colcon.colcon_core.event_handler.log_command:Invoked command in '/home/radxa/receptionist_robot_ws/build/sllidar_ros2' returned '0': CMAKE_PREFIX_PATH=${CMAKE_PREFIX_PATH}:/home/radxa/turtlebot3_ws/install/turtlebot3_teleop:/home/radxa/turtlebot3_ws/install/turtlebot3_example:/opt/ros/jazzy /usr/bin/cmake --install /home/radxa/receptionist_robot_ws/build/sllidar_ros2
[0.975s] INFO:colcon.colcon_core.shell:Creating package script '/home/radxa/receptionist_robot_ws/install/sllidar_ros2/share/sllidar_ros2/package.zsh'
[0.982s] Level 1:colcon.colcon_core.environment:create_file_with_runtime_dependencies(/home/radxa/receptionist_robot_ws/install/sllidar_ros2/share/colcon-core/packages/sllidar_ros2)
[1.044s] Level 1:colcon.colcon_core.environment:create_environment_scripts_only(sllidar_ros2)
[1.046s] Level 1:colcon.colcon_core.environment:checking '/home/radxa/receptionist_robot_ws/install/sllidar_ros2' for CMake module files
[1.050s] Level 1:colcon.colcon_core.environment:checking '/home/radxa/receptionist_robot_ws/install/sllidar_ros2' for CMake config files
[1.052s] Level 1:colcon.colcon_core.shell:create_environment_hook('sllidar_ros2', 'cmake_prefix_path')
[1.053s] INFO:colcon.colcon_core.shell:Creating environment hook '/home/radxa/receptionist_robot_ws/install/sllidar_ros2/share/sllidar_ros2/hook/cmake_prefix_path.ps1'
[1.076s] INFO:colcon.colcon_core.shell:Creating environment descriptor '/home/radxa/receptionist_robot_ws/install/sllidar_ros2/share/sllidar_ros2/hook/cmake_prefix_path.dsv'
[1.104s] INFO:colcon.colcon_core.shell:Creating environment hook '/home/radxa/receptionist_robot_ws/install/sllidar_ros2/share/sllidar_ros2/hook/cmake_prefix_path.sh'
[1.136s] Level 1:colcon.colcon_core.environment:checking '/home/radxa/receptionist_robot_ws/install/sllidar_ros2/lib'
[1.137s] Level 1:colcon.colcon_core.environment:checking '/home/radxa/receptionist_robot_ws/install/sllidar_ros2/bin'
[1.138s] Level 1:colcon.colcon_core.environment:checking '/home/radxa/receptionist_robot_ws/install/sllidar_ros2/lib/pkgconfig/sllidar_ros2.pc'
[1.140s] Level 1:colcon.colcon_core.environment:checking '/home/radxa/receptionist_robot_ws/install/sllidar_ros2/lib/python3.12/site-packages'
[1.143s] Level 1:colcon.colcon_core.environment:checking '/home/radxa/receptionist_robot_ws/install/sllidar_ros2/bin'
[1.145s] INFO:colcon.colcon_core.shell:Creating package script '/home/radxa/receptionist_robot_ws/install/sllidar_ros2/share/sllidar_ros2/package.ps1'
[1.168s] INFO:colcon.colcon_core.shell:Creating package descriptor '/home/radxa/receptionist_robot_ws/install/sllidar_ros2/share/sllidar_ros2/package.dsv'
[1.199s] INFO:colcon.colcon_core.shell:Creating package script '/home/radxa/receptionist_robot_ws/install/sllidar_ros2/share/sllidar_ros2/package.sh'
[1.212s] INFO:colcon.colcon_core.shell:Creating package script '/home/radxa/receptionist_robot_ws/install/sllidar_ros2/share/sllidar_ros2/package.bash'
[1.219s] INFO:colcon.colcon_core.shell:Creating package script '/home/radxa/receptionist_robot_ws/install/sllidar_ros2/share/sllidar_ros2/package.zsh'
[1.225s] Level 1:colcon.colcon_core.environment:create_file_with_runtime_dependencies(/home/radxa/receptionist_robot_ws/install/sllidar_ros2/share/colcon-core/packages/sllidar_ros2)
[1.237s] INFO:colcon.colcon_ros.task.ament_cmake.build:Building ROS package in '/home/radxa/receptionist_robot_ws/src/receptionist_robot_bringup' with build type 'ament_cmake'
[1.238s] INFO:colcon.colcon_cmake.task.cmake.build:Building CMake package in '/home/radxa/receptionist_robot_ws/src/receptionist_robot_bringup'
[1.240s] INFO:colcon.colcon_core.shell:Skip shell extension 'powershell' for command environment: Not usable outside of PowerShell
[1.240s] DEBUG:colcon.colcon_core.shell:Skip shell extension 'dsv' for command environment
[1.321s] DEBUG:colcon.colcon_core.event_handler.log_command:Invoking command in '/home/radxa/receptionist_robot_ws/build/receptionist_robot_bringup': CMAKE_PREFIX_PATH=/home/radxa/receptionist_robot_ws/install/sllidar_ros2:/home/radxa/receptionist_robot_ws/install/receptionist_robot_description:/home/radxa/receptionist_robot_ws/install/receptionist_robot_bringup:/home/radxa/turtlebot3_ws/install/turtlebot3:/home/radxa/turtlebot3_ws/install/turtlebot3_bringup:/home/radxa/turtlebot3_ws/install/turtlebot3_node:/home/radxa/turtlebot3_ws/install/turtlebot3_navigation2:/home/radxa/turtlebot3_ws/install/turtlebot3_msgs:/home/radxa/turtlebot3_ws/install/turtlebot3_description:/home/radxa/turtlebot3_ws/install/turtlebot3_cartographer:/home/radxa/turtlebot3_ws/install/sllidar_ros2:/home/radxa/turtlebot3_ws/install/hclidar_driver_ros2:/home/radxa/turtlebot3_ws/install/dynamixel_sdk_examples:/home/radxa/turtlebot3_ws/install/dynamixel_sdk_custom_interfaces:/home/radxa/turtlebot3_ws/install/dynamixel_sdk:/home/radxa/microros_ws/install/micro_ros_agent:/home/radxa/microros_ws/install/micro_ros_msgs:/opt/ros/jazzy/opt/gz_sim_vendor:/opt/ros/jazzy/opt/gz_sensors_vendor:/opt/ros/jazzy/opt/gz_physics_vendor:/opt/ros/jazzy/opt/sdformat_vendor:/opt/ros/jazzy/opt/gz_gui_vendor:/opt/ros/jazzy/opt/gz_transport_vendor:/opt/ros/jazzy/opt/gz_rendering_vendor:/opt/ros/jazzy/opt/gz_plugin_vendor:/opt/ros/jazzy/opt/gz_fuel_tools_vendor:/opt/ros/jazzy/opt/gz_msgs_vendor:/opt/ros/jazzy/opt/gz_common_vendor:/opt/ros/jazzy/opt/gz_math_vendor:/opt/ros/jazzy/opt/gz_utils_vendor:/opt/ros/jazzy/opt/gz_tools_vendor:/opt/ros/jazzy/opt/gz_ogre_next_vendor:/opt/ros/jazzy/opt/gz_dartsim_vendor:/opt/ros/jazzy/opt/gz_cmake_vendor:/home/radxa/turtlebot3_ws/install/turtlebot3_teleop:/home/radxa/turtlebot3_ws/install/turtlebot3_example:/opt/ros/jazzy /usr/bin/cmake --build /home/radxa/receptionist_robot_ws/build/receptionist_robot_bringup -- -j8 -l8
[1.380s] DEBUG:colcon.colcon_core.event_handler.log_command:Invoked command in '/home/radxa/receptionist_robot_ws/build/receptionist_robot_bringup' returned '0': CMAKE_PREFIX_PATH=/home/radxa/receptionist_robot_ws/install/sllidar_ros2:/home/radxa/receptionist_robot_ws/install/receptionist_robot_description:/home/radxa/receptionist_robot_ws/install/receptionist_robot_bringup:/home/radxa/turtlebot3_ws/install/turtlebot3:/home/radxa/turtlebot3_ws/install/turtlebot3_bringup:/home/radxa/turtlebot3_ws/install/turtlebot3_node:/home/radxa/turtlebot3_ws/install/turtlebot3_navigation2:/home/radxa/turtlebot3_ws/install/turtlebot3_msgs:/home/radxa/turtlebot3_ws/install/turtlebot3_description:/home/radxa/turtlebot3_ws/install/turtlebot3_cartographer:/home/radxa/turtlebot3_ws/install/sllidar_ros2:/home/radxa/turtlebot3_ws/install/hclidar_driver_ros2:/home/radxa/turtlebot3_ws/install/dynamixel_sdk_examples:/home/radxa/turtlebot3_ws/install/dynamixel_sdk_custom_interfaces:/home/radxa/turtlebot3_ws/install/dynamixel_sdk:/home/radxa/microros_ws/install/micro_ros_agent:/home/radxa/microros_ws/install/micro_ros_msgs:/opt/ros/jazzy/opt/gz_sim_vendor:/opt/ros/jazzy/opt/gz_sensors_vendor:/opt/ros/jazzy/opt/gz_physics_vendor:/opt/ros/jazzy/opt/sdformat_vendor:/opt/ros/jazzy/opt/gz_gui_vendor:/opt/ros/jazzy/opt/gz_transport_vendor:/opt/ros/jazzy/opt/gz_rendering_vendor:/opt/ros/jazzy/opt/gz_plugin_vendor:/opt/ros/jazzy/opt/gz_fuel_tools_vendor:/opt/ros/jazzy/opt/gz_msgs_vendor:/opt/ros/jazzy/opt/gz_common_vendor:/opt/ros/jazzy/opt/gz_math_vendor:/opt/ros/jazzy/opt/gz_utils_vendor:/opt/ros/jazzy/opt/gz_tools_vendor:/opt/ros/jazzy/opt/gz_ogre_next_vendor:/opt/ros/jazzy/opt/gz_dartsim_vendor:/opt/ros/jazzy/opt/gz_cmake_vendor:/home/radxa/turtlebot3_ws/install/turtlebot3_teleop:/home/radxa/turtlebot3_ws/install/turtlebot3_example:/opt/ros/jazzy /usr/bin/cmake --build /home/radxa/receptionist_robot_ws/build/receptionist_robot_bringup -- -j8 -l8
[1.391s] DEBUG:colcon.colcon_core.event_handler.log_command:Invoking command in '/home/radxa/receptionist_robot_ws/build/receptionist_robot_bringup': CMAKE_PREFIX_PATH=/home/radxa/receptionist_robot_ws/install/sllidar_ros2:/home/radxa/receptionist_robot_ws/install/receptionist_robot_description:/home/radxa/receptionist_robot_ws/install/receptionist_robot_bringup:/home/radxa/turtlebot3_ws/install/turtlebot3:/home/radxa/turtlebot3_ws/install/turtlebot3_bringup:/home/radxa/turtlebot3_ws/install/turtlebot3_node:/home/radxa/turtlebot3_ws/install/turtlebot3_navigation2:/home/radxa/turtlebot3_ws/install/turtlebot3_msgs:/home/radxa/turtlebot3_ws/install/turtlebot3_description:/home/radxa/turtlebot3_ws/install/turtlebot3_cartographer:/home/radxa/turtlebot3_ws/install/sllidar_ros2:/home/radxa/turtlebot3_ws/install/hclidar_driver_ros2:/home/radxa/turtlebot3_ws/install/dynamixel_sdk_examples:/home/radxa/turtlebot3_ws/install/dynamixel_sdk_custom_interfaces:/home/radxa/turtlebot3_ws/install/dynamixel_sdk:/home/radxa/microros_ws/install/micro_ros_agent:/home/radxa/microros_ws/install/micro_ros_msgs:/opt/ros/jazzy/opt/gz_sim_vendor:/opt/ros/jazzy/opt/gz_sensors_vendor:/opt/ros/jazzy/opt/gz_physics_vendor:/opt/ros/jazzy/opt/sdformat_vendor:/opt/ros/jazzy/opt/gz_gui_vendor:/opt/ros/jazzy/opt/gz_transport_vendor:/opt/ros/jazzy/opt/gz_rendering_vendor:/opt/ros/jazzy/opt/gz_plugin_vendor:/opt/ros/jazzy/opt/gz_fuel_tools_vendor:/opt/ros/jazzy/opt/gz_msgs_vendor:/opt/ros/jazzy/opt/gz_common_vendor:/opt/ros/jazzy/opt/gz_math_vendor:/opt/ros/jazzy/opt/gz_utils_vendor:/opt/ros/jazzy/opt/gz_tools_vendor:/opt/ros/jazzy/opt/gz_ogre_next_vendor:/opt/ros/jazzy/opt/gz_dartsim_vendor:/opt/ros/jazzy/opt/gz_cmake_vendor:/home/radxa/turtlebot3_ws/install/turtlebot3_teleop:/home/radxa/turtlebot3_ws/install/turtlebot3_example:/opt/ros/jazzy /usr/bin/cmake --install /home/radxa/receptionist_robot_ws/build/receptionist_robot_bringup
[1.425s] Level 1:colcon.colcon_core.environment:create_environment_scripts_only(receptionist_robot_bringup)
[1.427s] Level 1:colcon.colcon_core.environment:checking '/home/radxa/receptionist_robot_ws/install/receptionist_robot_bringup' for CMake module files
[1.436s] DEBUG:colcon.colcon_core.event_handler.log_command:Invoked command in '/home/radxa/receptionist_robot_ws/build/receptionist_robot_bringup' returned '0': CMAKE_PREFIX_PATH=/home/radxa/receptionist_robot_ws/install/sllidar_ros2:/home/radxa/receptionist_robot_ws/install/receptionist_robot_description:/home/radxa/receptionist_robot_ws/install/receptionist_robot_bringup:/home/radxa/turtlebot3_ws/install/turtlebot3:/home/radxa/turtlebot3_ws/install/turtlebot3_bringup:/home/radxa/turtlebot3_ws/install/turtlebot3_node:/home/radxa/turtlebot3_ws/install/turtlebot3_navigation2:/home/radxa/turtlebot3_ws/install/turtlebot3_msgs:/home/radxa/turtlebot3_ws/install/turtlebot3_description:/home/radxa/turtlebot3_ws/install/turtlebot3_cartographer:/home/radxa/turtlebot3_ws/install/sllidar_ros2:/home/radxa/turtlebot3_ws/install/hclidar_driver_ros2:/home/radxa/turtlebot3_ws/install/dynamixel_sdk_examples:/home/radxa/turtlebot3_ws/install/dynamixel_sdk_custom_interfaces:/home/radxa/turtlebot3_ws/install/dynamixel_sdk:/home/radxa/microros_ws/install/micro_ros_agent:/home/radxa/microros_ws/install/micro_ros_msgs:/opt/ros/jazzy/opt/gz_sim_vendor:/opt/ros/jazzy/opt/gz_sensors_vendor:/opt/ros/jazzy/opt/gz_physics_vendor:/opt/ros/jazzy/opt/sdformat_vendor:/opt/ros/jazzy/opt/gz_gui_vendor:/opt/ros/jazzy/opt/gz_transport_vendor:/opt/ros/jazzy/opt/gz_rendering_vendor:/opt/ros/jazzy/opt/gz_plugin_vendor:/opt/ros/jazzy/opt/gz_fuel_tools_vendor:/opt/ros/jazzy/opt/gz_msgs_vendor:/opt/ros/jazzy/opt/gz_common_vendor:/opt/ros/jazzy/opt/gz_math_vendor:/opt/ros/jazzy/opt/gz_utils_vendor:/opt/ros/jazzy/opt/gz_tools_vendor:/opt/ros/jazzy/opt/gz_ogre_next_vendor:/opt/ros/jazzy/opt/gz_dartsim_vendor:/opt/ros/jazzy/opt/gz_cmake_vendor:/home/radxa/turtlebot3_ws/install/turtlebot3_teleop:/home/radxa/turtlebot3_ws/install/turtlebot3_example:/opt/ros/jazzy /usr/bin/cmake --install /home/radxa/receptionist_robot_ws/build/receptionist_robot_bringup
[1.438s] Level 1:colcon.colcon_core.environment:checking '/home/radxa/receptionist_robot_ws/install/receptionist_robot_bringup' for CMake config files
[1.440s] Level 1:colcon.colcon_core.shell:create_environment_hook('receptionist_robot_bringup', 'cmake_prefix_path')
[1.441s] INFO:colcon.colcon_core.shell:Creating environment hook '/home/radxa/receptionist_robot_ws/install/receptionist_robot_bringup/share/receptionist_robot_bringup/hook/cmake_prefix_path.ps1'
[1.444s] INFO:colcon.colcon_core.shell:Creating environment descriptor '/home/radxa/receptionist_robot_ws/install/receptionist_robot_bringup/share/receptionist_robot_bringup/hook/cmake_prefix_path.dsv'
[1.450s] INFO:colcon.colcon_core.shell:Creating environment hook '/home/radxa/receptionist_robot_ws/install/receptionist_robot_bringup/share/receptionist_robot_bringup/hook/cmake_prefix_path.sh'
[1.458s] Level 1:colcon.colcon_core.environment:checking '/home/radxa/receptionist_robot_ws/install/receptionist_robot_bringup/bin'
[1.458s] Level 1:colcon.colcon_core.environment:checking '/home/radxa/receptionist_robot_ws/install/receptionist_robot_bringup/lib/pkgconfig/receptionist_robot_bringup.pc'
[1.459s] Level 1:colcon.colcon_core.environment:checking '/home/radxa/receptionist_robot_ws/install/receptionist_robot_bringup/lib/python3.12/site-packages'
[1.462s] Level 1:colcon.colcon_core.environment:checking '/home/radxa/receptionist_robot_ws/install/receptionist_robot_bringup/bin'
[1.464s] INFO:colcon.colcon_core.shell:Creating package script '/home/radxa/receptionist_robot_ws/install/receptionist_robot_bringup/share/receptionist_robot_bringup/package.ps1'
[1.467s] INFO:colcon.colcon_core.shell:Creating package descriptor '/home/radxa/receptionist_robot_ws/install/receptionist_robot_bringup/share/receptionist_robot_bringup/package.dsv'
[1.468s] INFO:colcon.colcon_core.shell:Creating package script '/home/radxa/receptionist_robot_ws/install/receptionist_robot_bringup/share/receptionist_robot_bringup/package.sh'
[1.472s] INFO:colcon.colcon_core.shell:Creating package script '/home/radxa/receptionist_robot_ws/install/receptionist_robot_bringup/share/receptionist_robot_bringup/package.bash'
[1.478s] INFO:colcon.colcon_core.shell:Creating package script '/home/radxa/receptionist_robot_ws/install/receptionist_robot_bringup/share/receptionist_robot_bringup/package.zsh'
[1.489s] Level 1:colcon.colcon_core.environment:create_file_with_runtime_dependencies(/home/radxa/receptionist_robot_ws/install/receptionist_robot_bringup/share/colcon-core/packages/receptionist_robot_bringup)
[1.496s] Level 1:colcon.colcon_core.environment:create_environment_scripts_only(receptionist_robot_bringup)
[1.497s] Level 1:colcon.colcon_core.environment:checking '/home/radxa/receptionist_robot_ws/install/receptionist_robot_bringup' for CMake module files
[1.501s] Level 1:colcon.colcon_core.environment:checking '/home/radxa/receptionist_robot_ws/install/receptionist_robot_bringup' for CMake config files
[1.503s] Level 1:colcon.colcon_core.shell:create_environment_hook('receptionist_robot_bringup', 'cmake_prefix_path')
[1.503s] INFO:colcon.colcon_core.shell:Creating environment hook '/home/radxa/receptionist_robot_ws/install/receptionist_robot_bringup/share/receptionist_robot_bringup/hook/cmake_prefix_path.ps1'
[1.508s] INFO:colcon.colcon_core.shell:Creating environment descriptor '/home/radxa/receptionist_robot_ws/install/receptionist_robot_bringup/share/receptionist_robot_bringup/hook/cmake_prefix_path.dsv'
[1.520s] INFO:colcon.colcon_core.shell:Creating environment hook '/home/radxa/receptionist_robot_ws/install/receptionist_robot_bringup/share/receptionist_robot_bringup/hook/cmake_prefix_path.sh'
[1.531s] Level 1:colcon.colcon_core.environment:checking '/home/radxa/receptionist_robot_ws/install/receptionist_robot_bringup/bin'
[1.532s] Level 1:colcon.colcon_core.environment:checking '/home/radxa/receptionist_robot_ws/install/receptionist_robot_bringup/lib/pkgconfig/receptionist_robot_bringup.pc'
[1.533s] Level 1:colcon.colcon_core.environment:checking '/home/radxa/receptionist_robot_ws/install/receptionist_robot_bringup/lib/python3.12/site-packages'
[1.536s] Level 1:colcon.colcon_core.environment:checking '/home/radxa/receptionist_robot_ws/install/receptionist_robot_bringup/bin'
[1.538s] INFO:colcon.colcon_core.shell:Creating package script '/home/radxa/receptionist_robot_ws/install/receptionist_robot_bringup/share/receptionist_robot_bringup/package.ps1'
[1.542s] INFO:colcon.colcon_core.shell:Creating package descriptor '/home/radxa/receptionist_robot_ws/install/receptionist_robot_bringup/share/receptionist_robot_bringup/package.dsv'
[1.551s] INFO:colcon.colcon_core.shell:Creating package script '/home/radxa/receptionist_robot_ws/install/receptionist_robot_bringup/share/receptionist_robot_bringup/package.sh'
[1.560s] INFO:colcon.colcon_core.shell:Creating package script '/home/radxa/receptionist_robot_ws/install/receptionist_robot_bringup/share/receptionist_robot_bringup/package.bash'
[1.573s] INFO:colcon.colcon_core.shell:Creating package script '/home/radxa/receptionist_robot_ws/install/receptionist_robot_bringup/share/receptionist_robot_bringup/package.zsh'
[1.584s] Level 1:colcon.colcon_core.environment:create_file_with_runtime_dependencies(/home/radxa/receptionist_robot_ws/install/receptionist_robot_bringup/share/colcon-core/packages/receptionist_robot_bringup)
[1.592s] DEBUG:colcon.colcon_parallel_executor.executor.parallel:closing loop
[1.593s] DEBUG:colcon.colcon_parallel_executor.executor.parallel:loop closed
[1.593s] DEBUG:colcon.colcon_parallel_executor.executor.parallel:run_until_complete finished with '0'
[1.593s] DEBUG:colcon.colcon_core.event_reactor:joining thread
[1.599s] DEBUG:colcon.colcon_core.event_reactor:joined thread
[1.601s] INFO:colcon.colcon_core.shell:Creating prefix script '/home/radxa/receptionist_robot_ws/install/local_setup.ps1'
[1.605s] INFO:colcon.colcon_core.shell:Creating prefix util module '/home/radxa/receptionist_robot_ws/install/_local_setup_util_ps1.py'
[1.618s] INFO:colcon.colcon_core.shell:Creating prefix chain script '/home/radxa/receptionist_robot_ws/install/setup.ps1'
[1.632s] INFO:colcon.colcon_core.shell:Creating prefix script '/home/radxa/receptionist_robot_ws/install/local_setup.sh'
[1.641s] INFO:colcon.colcon_core.shell:Creating prefix util module '/home/radxa/receptionist_robot_ws/install/_local_setup_util_sh.py'
[1.652s] INFO:colcon.colcon_core.shell:Creating prefix chain script '/home/radxa/receptionist_robot_ws/install/setup.sh'
[1.667s] INFO:colcon.colcon_core.shell:Creating prefix script '/home/radxa/receptionist_robot_ws/install/local_setup.bash'
[1.675s] INFO:colcon.colcon_core.shell:Creating prefix chain script '/home/radxa/receptionist_robot_ws/install/setup.bash'
[1.687s] INFO:colcon.colcon_core.shell:Creating prefix script '/home/radxa/receptionist_robot_ws/install/local_setup.zsh'
[1.701s] INFO:colcon.colcon_core.shell:Creating prefix chain script '/home/radxa/receptionist_robot_ws/install/setup.zsh'
