[0.039s] Invoking command in '/home/radxa/receptionist_robot_ws/build/receptionist_robot_description': CMAKE_PREFIX_PATH=${CMAKE_PREFIX_PATH}:/home/radxa/turtlebot3_ws/install/turtlebot3_teleop:/home/radxa/turtlebot3_ws/install/turtlebot3_example:/opt/ros/jazzy /usr/bin/cmake /home/radxa/receptionist_robot_ws/src/receptionist_robot_description -DAMENT_CMAKE_SYMLINK_INSTALL=1 -DCMAKE_INSTALL_PREFIX=/home/radxa/receptionist_robot_ws/install/receptionist_robot_description
[0.712s] -- The C compiler identification is GNU 13.3.0
[1.214s] -- The CXX compiler identification is GNU 13.3.0
[1.276s] -- Detecting C compiler ABI info
[1.530s] -- Detecting C compiler ABI info - done
[1.580s] -- Check for working C compiler: /usr/bin/cc - skipped
[1.580s] -- Detecting C compile features
[1.581s] -- Detecting C compile features - done
[1.602s] -- Detecting CXX compiler ABI info
[1.889s] -- Detecting CXX compiler ABI info - done
[1.939s] -- Check for working CXX compiler: /usr/bin/c++ - skipped
[1.940s] -- Detecting CXX compile features
[1.941s] -- Detecting CXX compile features - done
[1.946s] -- Found ament_cmake: 2.5.6 (/opt/ros/jazzy/share/ament_cmake/cmake)
[2.188s] -- Found Python3: /usr/bin/python3 (found version "3.12.3") found components: Interpreter 
[2.340s] -- Override CMake install command with custom implementation using symlinks instead of copying resources
[2.545s] -- Found ament_lint_auto: 0.17.5 (/opt/ros/jazzy/share/ament_lint_auto/cmake)
[2.862s] -- Added test 'lint_cmake' to check CMake code style
[2.868s] -- Added test 'xmllint' to check XML markup files
[2.874s] -- Configuring done (2.7s)
[2.878s] -- Generating done (0.0s)
[2.885s] -- Build files have been written to: /home/radxa/receptionist_robot_ws/build/receptionist_robot_description
[2.891s] Invoked command in '/home/radxa/receptionist_robot_ws/build/receptionist_robot_description' returned '0': CMAKE_PREFIX_PATH=${CMAKE_PREFIX_PATH}:/home/radxa/turtlebot3_ws/install/turtlebot3_teleop:/home/radxa/turtlebot3_ws/install/turtlebot3_example:/opt/ros/jazzy /usr/bin/cmake /home/radxa/receptionist_robot_ws/src/receptionist_robot_description -DAMENT_CMAKE_SYMLINK_INSTALL=1 -DCMAKE_INSTALL_PREFIX=/home/radxa/receptionist_robot_ws/install/receptionist_robot_description
[2.896s] Invoking command in '/home/radxa/receptionist_robot_ws/build/receptionist_robot_description': CMAKE_PREFIX_PATH=${CMAKE_PREFIX_PATH}:/home/radxa/turtlebot3_ws/install/turtlebot3_teleop:/home/radxa/turtlebot3_ws/install/turtlebot3_example:/opt/ros/jazzy /usr/bin/cmake --build /home/radxa/receptionist_robot_ws/build/receptionist_robot_description -- -j8 -l8
[2.964s] Invoked command in '/home/radxa/receptionist_robot_ws/build/receptionist_robot_description' returned '0': CMAKE_PREFIX_PATH=${CMAKE_PREFIX_PATH}:/home/radxa/turtlebot3_ws/install/turtlebot3_teleop:/home/radxa/turtlebot3_ws/install/turtlebot3_example:/opt/ros/jazzy /usr/bin/cmake --build /home/radxa/receptionist_robot_ws/build/receptionist_robot_description -- -j8 -l8
[2.987s] Invoking command in '/home/radxa/receptionist_robot_ws/build/receptionist_robot_description': CMAKE_PREFIX_PATH=${CMAKE_PREFIX_PATH}:/home/radxa/turtlebot3_ws/install/turtlebot3_teleop:/home/radxa/turtlebot3_ws/install/turtlebot3_example:/opt/ros/jazzy /usr/bin/cmake --install /home/radxa/receptionist_robot_ws/build/receptionist_robot_description
[2.999s] -- Install configuration: ""
[3.000s] -- Execute custom install script
[3.003s] -- Symlinking: /home/radxa/receptionist_robot_ws/install/receptionist_robot_description/share/receptionist_robot_description/urdf/receptionist_robot.urdf.xacro
[3.016s] -- Symlinking: /home/radxa/receptionist_robot_ws/install/receptionist_robot_description/share/receptionist_robot_description/rviz/receptionist_robot.rviz
[3.029s] -- Symlinking: /home/radxa/receptionist_robot_ws/install/receptionist_robot_description/share/ament_index/resource_index/package_run_dependencies/receptionist_robot_description
[3.042s] -- Symlinking: /home/radxa/receptionist_robot_ws/install/receptionist_robot_description/share/ament_index/resource_index/parent_prefix_path/receptionist_robot_description
[3.055s] -- Symlinking: /home/radxa/receptionist_robot_ws/install/receptionist_robot_description/share/receptionist_robot_description/environment/ament_prefix_path.sh
[3.068s] -- Symlinking: /home/radxa/receptionist_robot_ws/install/receptionist_robot_description/share/receptionist_robot_description/environment/ament_prefix_path.dsv
[3.099s] -- Symlinking: /home/radxa/receptionist_robot_ws/install/receptionist_robot_description/share/receptionist_robot_description/environment/path.sh
[3.115s] -- Symlinking: /home/radxa/receptionist_robot_ws/install/receptionist_robot_description/share/receptionist_robot_description/environment/path.dsv
[3.131s] -- Symlinking: /home/radxa/receptionist_robot_ws/install/receptionist_robot_description/share/receptionist_robot_description/local_setup.bash
[3.146s] -- Symlinking: /home/radxa/receptionist_robot_ws/install/receptionist_robot_description/share/receptionist_robot_description/local_setup.sh
[3.162s] -- Symlinking: /home/radxa/receptionist_robot_ws/install/receptionist_robot_description/share/receptionist_robot_description/local_setup.zsh
[3.178s] -- Symlinking: /home/radxa/receptionist_robot_ws/install/receptionist_robot_description/share/receptionist_robot_description/local_setup.dsv
[3.196s] -- Symlinking: /home/radxa/receptionist_robot_ws/install/receptionist_robot_description/share/receptionist_robot_description/package.dsv
[3.214s] -- Symlinking: /home/radxa/receptionist_robot_ws/install/receptionist_robot_description/share/ament_index/resource_index/packages/receptionist_robot_description
[3.236s] -- Symlinking: /home/radxa/receptionist_robot_ws/install/receptionist_robot_description/share/receptionist_robot_description/cmake/receptionist_robot_descriptionConfig.cmake
[3.253s] -- Symlinking: /home/radxa/receptionist_robot_ws/install/receptionist_robot_description/share/receptionist_robot_description/cmake/receptionist_robot_descriptionConfig-version.cmake
[3.268s] -- Symlinking: /home/radxa/receptionist_robot_ws/install/receptionist_robot_description/share/receptionist_robot_description/package.xml
[3.293s] Invoked command in '/home/radxa/receptionist_robot_ws/build/receptionist_robot_description' returned '0': CMAKE_PREFIX_PATH=${CMAKE_PREFIX_PATH}:/home/radxa/turtlebot3_ws/install/turtlebot3_teleop:/home/radxa/turtlebot3_ws/install/turtlebot3_example:/opt/ros/jazzy /usr/bin/cmake --install /home/radxa/receptionist_robot_ws/build/receptionist_robot_description
