[0.556s] DEBUG:colcon:Command line arguments: ['/usr/bin/colcon', 'build', '--symlink-install']
[0.556s] DEBUG:colcon:Parsed command line arguments: Namespace(log_base=None, log_level=None, verb_name='build', build_base='build', install_base='install', merge_install=False, symlink_install=True, test_result_base=None, continue_on_error=False, executor='parallel', parallel_workers=8, event_handlers=None, ignore_user_meta=False, metas=['./colcon.meta'], base_paths=['.'], packages_ignore=None, packages_ignore_regex=None, paths=None, packages_up_to=None, packages_up_to_regex=None, packages_above=None, packages_above_and_dependencies=None, packages_above_depth=None, packages_select_by_dep=None, packages_skip_by_dep=None, packages_skip_up_to=None, packages_select_build_failed=False, packages_skip_build_finished=False, packages_select_test_failures=False, packages_skip_test_passed=False, packages_select=None, packages_skip=None, packages_select_regex=None, packages_skip_regex=None, packages_start=None, packages_end=None, allow_overriding=[], cmake_args=None, cmake_target=None, cmake_target_skip_unavailable=False, cmake_clean_cache=False, cmake_clean_first=False, cmake_force_configure=False, ament_cmake_args=None, catkin_cmake_args=None, catkin_skip_building_tests=False, mixin_files=None, mixin=None, verb_parser=<colcon_mixin.mixin.mixin_argument.MixinArgumentDecorator object at 0xffffba2fc6b0>, verb_extension=<colcon_core.verb.build.BuildVerb object at 0xffffba2fc200>, main=<bound method BuildVerb.main of <colcon_core.verb.build.BuildVerb object at 0xffffba2fc200>>, mixin_verb=('build',))
[0.877s] Level 1:colcon.colcon_core.package_discovery:discover_packages(colcon_meta) check parameters
[0.878s] Level 1:colcon.colcon_core.package_discovery:discover_packages(recursive) check parameters
[0.878s] Level 1:colcon.colcon_core.package_discovery:discover_packages(ignore) check parameters
[0.878s] Level 1:colcon.colcon_core.package_discovery:discover_packages(path) check parameters
[0.878s] Level 1:colcon.colcon_core.package_discovery:discover_packages(colcon_meta) discover
[0.878s] Level 1:colcon.colcon_core.package_discovery:discover_packages(recursive) discover
[0.878s] INFO:colcon.colcon_core.package_discovery:Crawling recursively for packages in '/home/radxa/receptionist_robot_ws'
[0.879s] Level 1:colcon.colcon_core.package_identification:_identify(.) by extensions ['ignore', 'ignore_ament_install']
[0.879s] Level 1:colcon.colcon_core.package_identification:_identify(.) by extension 'ignore'
[0.880s] Level 1:colcon.colcon_core.package_identification:_identify(.) by extension 'ignore_ament_install'
[0.880s] Level 1:colcon.colcon_core.package_identification:_identify(.) by extensions ['colcon_pkg']
[0.880s] Level 1:colcon.colcon_core.package_identification:_identify(.) by extension 'colcon_pkg'
[0.880s] Level 1:colcon.colcon_core.package_identification:_identify(.) by extensions ['colcon_meta']
[0.880s] Level 1:colcon.colcon_core.package_identification:_identify(.) by extension 'colcon_meta'
[0.880s] Level 1:colcon.colcon_core.package_identification:_identify(.) by extensions ['ros']
[0.881s] Level 1:colcon.colcon_core.package_identification:_identify(.) by extension 'ros'
[0.929s] Level 1:colcon.colcon_core.package_identification:_identify(.) by extensions ['cmake', 'python']
[0.929s] Level 1:colcon.colcon_core.package_identification:_identify(.) by extension 'cmake'
[0.929s] Level 1:colcon.colcon_core.package_identification:_identify(.) by extension 'python'
[0.929s] Level 1:colcon.colcon_core.package_identification:_identify(.) by extensions ['python_setup_py']
[0.929s] Level 1:colcon.colcon_core.package_identification:_identify(.) by extension 'python_setup_py'
[0.930s] Level 1:colcon.colcon_core.package_identification:_identify(build) by extensions ['ignore', 'ignore_ament_install']
[0.930s] Level 1:colcon.colcon_core.package_identification:_identify(build) by extension 'ignore'
[0.930s] Level 1:colcon.colcon_core.package_identification:_identify(build) ignored
[0.930s] Level 1:colcon.colcon_core.package_identification:_identify(install) by extensions ['ignore', 'ignore_ament_install']
[0.930s] Level 1:colcon.colcon_core.package_identification:_identify(install) by extension 'ignore'
[0.930s] Level 1:colcon.colcon_core.package_identification:_identify(install) ignored
[0.930s] Level 1:colcon.colcon_core.package_identification:_identify(log) by extensions ['ignore', 'ignore_ament_install']
[0.931s] Level 1:colcon.colcon_core.package_identification:_identify(log) by extension 'ignore'
[0.931s] Level 1:colcon.colcon_core.package_identification:_identify(log) ignored
[0.931s] Level 1:colcon.colcon_core.package_identification:_identify(src) by extensions ['ignore', 'ignore_ament_install']
[0.931s] Level 1:colcon.colcon_core.package_identification:_identify(src) by extension 'ignore'
[0.931s] Level 1:colcon.colcon_core.package_identification:_identify(src) by extension 'ignore_ament_install'
[0.931s] Level 1:colcon.colcon_core.package_identification:_identify(src) by extensions ['colcon_pkg']
[0.931s] Level 1:colcon.colcon_core.package_identification:_identify(src) by extension 'colcon_pkg'
[0.931s] Level 1:colcon.colcon_core.package_identification:_identify(src) by extensions ['colcon_meta']
[0.931s] Level 1:colcon.colcon_core.package_identification:_identify(src) by extension 'colcon_meta'
[0.931s] Level 1:colcon.colcon_core.package_identification:_identify(src) by extensions ['ros']
[0.931s] Level 1:colcon.colcon_core.package_identification:_identify(src) by extension 'ros'
[0.931s] Level 1:colcon.colcon_core.package_identification:_identify(src) by extensions ['cmake', 'python']
[0.931s] Level 1:colcon.colcon_core.package_identification:_identify(src) by extension 'cmake'
[0.932s] Level 1:colcon.colcon_core.package_identification:_identify(src) by extension 'python'
[0.932s] Level 1:colcon.colcon_core.package_identification:_identify(src) by extensions ['python_setup_py']
[0.932s] Level 1:colcon.colcon_core.package_identification:_identify(src) by extension 'python_setup_py'
[0.932s] Level 1:colcon.colcon_core.package_identification:_identify(src/receptionist_robot_bringup) by extensions ['ignore', 'ignore_ament_install']
[0.932s] Level 1:colcon.colcon_core.package_identification:_identify(src/receptionist_robot_bringup) by extension 'ignore'
[0.932s] Level 1:colcon.colcon_core.package_identification:_identify(src/receptionist_robot_bringup) by extension 'ignore_ament_install'
[0.932s] Level 1:colcon.colcon_core.package_identification:_identify(src/receptionist_robot_bringup) by extensions ['colcon_pkg']
[0.932s] Level 1:colcon.colcon_core.package_identification:_identify(src/receptionist_robot_bringup) by extension 'colcon_pkg'
[0.932s] Level 1:colcon.colcon_core.package_identification:_identify(src/receptionist_robot_bringup) by extensions ['colcon_meta']
[0.932s] Level 1:colcon.colcon_core.package_identification:_identify(src/receptionist_robot_bringup) by extension 'colcon_meta'
[0.932s] Level 1:colcon.colcon_core.package_identification:_identify(src/receptionist_robot_bringup) by extensions ['ros']
[0.932s] Level 1:colcon.colcon_core.package_identification:_identify(src/receptionist_robot_bringup) by extension 'ros'
[0.940s] DEBUG:colcon.colcon_core.package_identification:Package 'src/receptionist_robot_bringup' with type 'ros.ament_cmake' and name 'receptionist_robot_bringup'
[0.940s] Level 1:colcon.colcon_core.package_identification:_identify(src/receptionist_robot_description) by extensions ['ignore', 'ignore_ament_install']
[0.940s] Level 1:colcon.colcon_core.package_identification:_identify(src/receptionist_robot_description) by extension 'ignore'
[0.940s] Level 1:colcon.colcon_core.package_identification:_identify(src/receptionist_robot_description) by extension 'ignore_ament_install'
[0.940s] Level 1:colcon.colcon_core.package_identification:_identify(src/receptionist_robot_description) by extensions ['colcon_pkg']
[0.940s] Level 1:colcon.colcon_core.package_identification:_identify(src/receptionist_robot_description) by extension 'colcon_pkg'
[0.941s] Level 1:colcon.colcon_core.package_identification:_identify(src/receptionist_robot_description) by extensions ['colcon_meta']
[0.941s] Level 1:colcon.colcon_core.package_identification:_identify(src/receptionist_robot_description) by extension 'colcon_meta'
[0.941s] Level 1:colcon.colcon_core.package_identification:_identify(src/receptionist_robot_description) by extensions ['ros']
[0.941s] Level 1:colcon.colcon_core.package_identification:_identify(src/receptionist_robot_description) by extension 'ros'
[0.942s] DEBUG:colcon.colcon_core.package_identification:Package 'src/receptionist_robot_description' with type 'ros.ament_cmake' and name 'receptionist_robot_description'
[0.942s] Level 1:colcon.colcon_core.package_identification:_identify(src/sllidar_ros2) by extensions ['ignore', 'ignore_ament_install']
[0.942s] Level 1:colcon.colcon_core.package_identification:_identify(src/sllidar_ros2) by extension 'ignore'
[0.942s] Level 1:colcon.colcon_core.package_identification:_identify(src/sllidar_ros2) by extension 'ignore_ament_install'
[0.942s] Level 1:colcon.colcon_core.package_identification:_identify(src/sllidar_ros2) by extensions ['colcon_pkg']
[0.942s] Level 1:colcon.colcon_core.package_identification:_identify(src/sllidar_ros2) by extension 'colcon_pkg'
[0.942s] Level 1:colcon.colcon_core.package_identification:_identify(src/sllidar_ros2) by extensions ['colcon_meta']
[0.942s] Level 1:colcon.colcon_core.package_identification:_identify(src/sllidar_ros2) by extension 'colcon_meta'
[0.942s] Level 1:colcon.colcon_core.package_identification:_identify(src/sllidar_ros2) by extensions ['ros']
[0.942s] Level 1:colcon.colcon_core.package_identification:_identify(src/sllidar_ros2) by extension 'ros'
[0.943s] DEBUG:colcon.colcon_core.package_identification:Package 'src/sllidar_ros2' with type 'ros.ament_cmake' and name 'sllidar_ros2'
[0.943s] Level 1:colcon.colcon_core.package_discovery:discover_packages(recursive) using defaults
[0.943s] Level 1:colcon.colcon_core.package_discovery:discover_packages(ignore) discover
[0.943s] Level 1:colcon.colcon_core.package_discovery:discover_packages(ignore) using defaults
[0.943s] Level 1:colcon.colcon_core.package_discovery:discover_packages(path) discover
[0.943s] Level 1:colcon.colcon_core.package_discovery:discover_packages(path) using defaults
[1.025s] Level 1:colcon.colcon_core.package_discovery:discover_packages(prefix_path) check parameters
[1.025s] Level 1:colcon.colcon_core.package_discovery:discover_packages(prefix_path) discover
[1.041s] DEBUG:colcon.colcon_installed_package_information.package_discovery:Found 14 installed packages in /home/radxa/turtlebot3_ws/install
[1.043s] DEBUG:colcon.colcon_installed_package_information.package_discovery:Found 2 installed packages in /home/radxa/microros_ws/install
[1.047s] DEBUG:colcon.colcon_installed_package_information.package_discovery:Found 386 installed packages in /opt/ros/jazzy
[1.050s] Level 1:colcon.colcon_core.package_discovery:discover_packages(prefix_path) using defaults
[1.184s] Level 5:colcon.colcon_core.verb:set package 'receptionist_robot_description' build argument 'cmake_args' from command line to 'None'
[1.184s] Level 5:colcon.colcon_core.verb:set package 'receptionist_robot_description' build argument 'cmake_target' from command line to 'None'
[1.185s] Level 5:colcon.colcon_core.verb:set package 'receptionist_robot_description' build argument 'cmake_target_skip_unavailable' from command line to 'False'
[1.185s] Level 5:colcon.colcon_core.verb:set package 'receptionist_robot_description' build argument 'cmake_clean_cache' from command line to 'False'
[1.185s] Level 5:colcon.colcon_core.verb:set package 'receptionist_robot_description' build argument 'cmake_clean_first' from command line to 'False'
[1.185s] Level 5:colcon.colcon_core.verb:set package 'receptionist_robot_description' build argument 'cmake_force_configure' from command line to 'False'
[1.185s] Level 5:colcon.colcon_core.verb:set package 'receptionist_robot_description' build argument 'ament_cmake_args' from command line to 'None'
[1.185s] Level 5:colcon.colcon_core.verb:set package 'receptionist_robot_description' build argument 'catkin_cmake_args' from command line to 'None'
[1.185s] Level 5:colcon.colcon_core.verb:set package 'receptionist_robot_description' build argument 'catkin_skip_building_tests' from command line to 'False'
[1.185s] DEBUG:colcon.colcon_core.verb:Building package 'receptionist_robot_description' with the following arguments: {'ament_cmake_args': None, 'build_base': '/home/radxa/receptionist_robot_ws/build/receptionist_robot_description', 'catkin_cmake_args': None, 'catkin_skip_building_tests': False, 'cmake_args': None, 'cmake_clean_cache': False, 'cmake_clean_first': False, 'cmake_force_configure': False, 'cmake_target': None, 'cmake_target_skip_unavailable': False, 'install_base': '/home/radxa/receptionist_robot_ws/install/receptionist_robot_description', 'merge_install': False, 'path': '/home/radxa/receptionist_robot_ws/src/receptionist_robot_description', 'symlink_install': True, 'test_result_base': None}
[1.185s] Level 5:colcon.colcon_core.verb:set package 'sllidar_ros2' build argument 'cmake_args' from command line to 'None'
[1.185s] Level 5:colcon.colcon_core.verb:set package 'sllidar_ros2' build argument 'cmake_target' from command line to 'None'
[1.185s] Level 5:colcon.colcon_core.verb:set package 'sllidar_ros2' build argument 'cmake_target_skip_unavailable' from command line to 'False'
[1.185s] Level 5:colcon.colcon_core.verb:set package 'sllidar_ros2' build argument 'cmake_clean_cache' from command line to 'False'
[1.185s] Level 5:colcon.colcon_core.verb:set package 'sllidar_ros2' build argument 'cmake_clean_first' from command line to 'False'
[1.185s] Level 5:colcon.colcon_core.verb:set package 'sllidar_ros2' build argument 'cmake_force_configure' from command line to 'False'
[1.185s] Level 5:colcon.colcon_core.verb:set package 'sllidar_ros2' build argument 'ament_cmake_args' from command line to 'None'
[1.185s] Level 5:colcon.colcon_core.verb:set package 'sllidar_ros2' build argument 'catkin_cmake_args' from command line to 'None'
[1.185s] Level 5:colcon.colcon_core.verb:set package 'sllidar_ros2' build argument 'catkin_skip_building_tests' from command line to 'False'
[1.185s] DEBUG:colcon.colcon_core.verb:Building package 'sllidar_ros2' with the following arguments: {'ament_cmake_args': None, 'build_base': '/home/radxa/receptionist_robot_ws/build/sllidar_ros2', 'catkin_cmake_args': None, 'catkin_skip_building_tests': False, 'cmake_args': None, 'cmake_clean_cache': False, 'cmake_clean_first': False, 'cmake_force_configure': False, 'cmake_target': None, 'cmake_target_skip_unavailable': False, 'install_base': '/home/radxa/receptionist_robot_ws/install/sllidar_ros2', 'merge_install': False, 'path': '/home/radxa/receptionist_robot_ws/src/sllidar_ros2', 'symlink_install': True, 'test_result_base': None}
[1.186s] Level 5:colcon.colcon_core.verb:set package 'receptionist_robot_bringup' build argument 'cmake_args' from command line to 'None'
[1.186s] Level 5:colcon.colcon_core.verb:set package 'receptionist_robot_bringup' build argument 'cmake_target' from command line to 'None'
[1.186s] Level 5:colcon.colcon_core.verb:set package 'receptionist_robot_bringup' build argument 'cmake_target_skip_unavailable' from command line to 'False'
[1.186s] Level 5:colcon.colcon_core.verb:set package 'receptionist_robot_bringup' build argument 'cmake_clean_cache' from command line to 'False'
[1.186s] Level 5:colcon.colcon_core.verb:set package 'receptionist_robot_bringup' build argument 'cmake_clean_first' from command line to 'False'
[1.186s] Level 5:colcon.colcon_core.verb:set package 'receptionist_robot_bringup' build argument 'cmake_force_configure' from command line to 'False'
[1.186s] Level 5:colcon.colcon_core.verb:set package 'receptionist_robot_bringup' build argument 'ament_cmake_args' from command line to 'None'
[1.186s] Level 5:colcon.colcon_core.verb:set package 'receptionist_robot_bringup' build argument 'catkin_cmake_args' from command line to 'None'
[1.186s] Level 5:colcon.colcon_core.verb:set package 'receptionist_robot_bringup' build argument 'catkin_skip_building_tests' from command line to 'False'
[1.186s] DEBUG:colcon.colcon_core.verb:Building package 'receptionist_robot_bringup' with the following arguments: {'ament_cmake_args': None, 'build_base': '/home/radxa/receptionist_robot_ws/build/receptionist_robot_bringup', 'catkin_cmake_args': None, 'catkin_skip_building_tests': False, 'cmake_args': None, 'cmake_clean_cache': False, 'cmake_clean_first': False, 'cmake_force_configure': False, 'cmake_target': None, 'cmake_target_skip_unavailable': False, 'install_base': '/home/radxa/receptionist_robot_ws/install/receptionist_robot_bringup', 'merge_install': False, 'path': '/home/radxa/receptionist_robot_ws/src/receptionist_robot_bringup', 'symlink_install': True, 'test_result_base': None}
[1.186s] INFO:colcon.colcon_core.executor:Executing jobs using 'parallel' executor
[1.189s] DEBUG:colcon.colcon_parallel_executor.executor.parallel:run_until_complete
[1.189s] INFO:colcon.colcon_ros.task.ament_cmake.build:Building ROS package in '/home/radxa/receptionist_robot_ws/src/receptionist_robot_description' with build type 'ament_cmake'
[1.189s] INFO:colcon.colcon_cmake.task.cmake.build:Building CMake package in '/home/radxa/receptionist_robot_ws/src/receptionist_robot_description'
[1.204s] INFO:colcon.colcon_core.plugin_system:Skipping extension 'colcon_core.shell.bat': Not used on non-Windows systems
[1.205s] INFO:colcon.colcon_core.shell:Skip shell extension 'powershell' for command environment: Not usable outside of PowerShell
[1.205s] DEBUG:colcon.colcon_core.shell:Skip shell extension 'dsv' for command environment
[1.215s] INFO:colcon.colcon_ros.task.ament_cmake.build:Building ROS package in '/home/radxa/receptionist_robot_ws/src/sllidar_ros2' with build type 'ament_cmake'
[1.215s] INFO:colcon.colcon_cmake.task.cmake.build:Building CMake package in '/home/radxa/receptionist_robot_ws/src/sllidar_ros2'
[1.216s] INFO:colcon.colcon_core.shell:Skip shell extension 'powershell' for command environment: Not usable outside of PowerShell
[1.216s] DEBUG:colcon.colcon_core.shell:Skip shell extension 'dsv' for command environment
[1.228s] DEBUG:colcon.colcon_core.event_handler.log_command:Invoking command in '/home/radxa/receptionist_robot_ws/build/receptionist_robot_description': CMAKE_PREFIX_PATH=${CMAKE_PREFIX_PATH}:/home/radxa/turtlebot3_ws/install/turtlebot3_teleop:/home/radxa/turtlebot3_ws/install/turtlebot3_example:/opt/ros/jazzy /usr/bin/cmake /home/radxa/receptionist_robot_ws/src/receptionist_robot_description -DAMENT_CMAKE_SYMLINK_INSTALL=1 -DCMAKE_INSTALL_PREFIX=/home/radxa/receptionist_robot_ws/install/receptionist_robot_description
[1.240s] DEBUG:colcon.colcon_core.event_handler.log_command:Invoking command in '/home/radxa/receptionist_robot_ws/build/sllidar_ros2': CMAKE_PREFIX_PATH=${CMAKE_PREFIX_PATH}:/home/radxa/turtlebot3_ws/install/turtlebot3_teleop:/home/radxa/turtlebot3_ws/install/turtlebot3_example:/opt/ros/jazzy /usr/bin/cmake /home/radxa/receptionist_robot_ws/src/sllidar_ros2 -DAMENT_CMAKE_SYMLINK_INSTALL=1 -DCMAKE_INSTALL_PREFIX=/home/radxa/receptionist_robot_ws/install/sllidar_ros2
[4.081s] DEBUG:colcon.colcon_core.event_handler.log_command:Invoked command in '/home/radxa/receptionist_robot_ws/build/receptionist_robot_description' returned '0': CMAKE_PREFIX_PATH=${CMAKE_PREFIX_PATH}:/home/radxa/turtlebot3_ws/install/turtlebot3_teleop:/home/radxa/turtlebot3_ws/install/turtlebot3_example:/opt/ros/jazzy /usr/bin/cmake /home/radxa/receptionist_robot_ws/src/receptionist_robot_description -DAMENT_CMAKE_SYMLINK_INSTALL=1 -DCMAKE_INSTALL_PREFIX=/home/radxa/receptionist_robot_ws/install/receptionist_robot_description
[4.086s] DEBUG:colcon.colcon_core.event_handler.log_command:Invoking command in '/home/radxa/receptionist_robot_ws/build/receptionist_robot_description': CMAKE_PREFIX_PATH=${CMAKE_PREFIX_PATH}:/home/radxa/turtlebot3_ws/install/turtlebot3_teleop:/home/radxa/turtlebot3_ws/install/turtlebot3_example:/opt/ros/jazzy /usr/bin/cmake --build /home/radxa/receptionist_robot_ws/build/receptionist_robot_description -- -j8 -l8
[4.154s] DEBUG:colcon.colcon_core.event_handler.log_command:Invoked command in '/home/radxa/receptionist_robot_ws/build/receptionist_robot_description' returned '0': CMAKE_PREFIX_PATH=${CMAKE_PREFIX_PATH}:/home/radxa/turtlebot3_ws/install/turtlebot3_teleop:/home/radxa/turtlebot3_ws/install/turtlebot3_example:/opt/ros/jazzy /usr/bin/cmake --build /home/radxa/receptionist_robot_ws/build/receptionist_robot_description -- -j8 -l8
[4.179s] DEBUG:colcon.colcon_core.event_handler.log_command:Invoking command in '/home/radxa/receptionist_robot_ws/build/receptionist_robot_description': CMAKE_PREFIX_PATH=${CMAKE_PREFIX_PATH}:/home/radxa/turtlebot3_ws/install/turtlebot3_teleop:/home/radxa/turtlebot3_ws/install/turtlebot3_example:/opt/ros/jazzy /usr/bin/cmake --install /home/radxa/receptionist_robot_ws/build/receptionist_robot_description
[4.481s] Level 1:colcon.colcon_core.environment:create_environment_scripts_only(receptionist_robot_description)
[4.482s] DEBUG:colcon.colcon_core.event_handler.log_command:Invoked command in '/home/radxa/receptionist_robot_ws/build/receptionist_robot_description' returned '0': CMAKE_PREFIX_PATH=${CMAKE_PREFIX_PATH}:/home/radxa/turtlebot3_ws/install/turtlebot3_teleop:/home/radxa/turtlebot3_ws/install/turtlebot3_example:/opt/ros/jazzy /usr/bin/cmake --install /home/radxa/receptionist_robot_ws/build/receptionist_robot_description
[4.499s] Level 1:colcon.colcon_core.environment:checking '/home/radxa/receptionist_robot_ws/install/receptionist_robot_description' for CMake module files
[4.502s] Level 1:colcon.colcon_core.environment:checking '/home/radxa/receptionist_robot_ws/install/receptionist_robot_description' for CMake config files
[4.503s] Level 1:colcon.colcon_core.shell:create_environment_hook('receptionist_robot_description', 'cmake_prefix_path')
[4.504s] INFO:colcon.colcon_core.shell:Creating environment hook '/home/radxa/receptionist_robot_ws/install/receptionist_robot_description/share/receptionist_robot_description/hook/cmake_prefix_path.ps1'
[4.512s] INFO:colcon.colcon_core.shell:Creating environment descriptor '/home/radxa/receptionist_robot_ws/install/receptionist_robot_description/share/receptionist_robot_description/hook/cmake_prefix_path.dsv'
[4.519s] INFO:colcon.colcon_core.shell:Creating environment hook '/home/radxa/receptionist_robot_ws/install/receptionist_robot_description/share/receptionist_robot_description/hook/cmake_prefix_path.sh'
[4.524s] Level 1:colcon.colcon_core.environment:checking '/home/radxa/receptionist_robot_ws/install/receptionist_robot_description/bin'
[4.524s] Level 1:colcon.colcon_core.environment:checking '/home/radxa/receptionist_robot_ws/install/receptionist_robot_description/lib/pkgconfig/receptionist_robot_description.pc'
[4.525s] Level 1:colcon.colcon_core.environment:checking '/home/radxa/receptionist_robot_ws/install/receptionist_robot_description/lib/python3.12/site-packages'
[4.528s] Level 1:colcon.colcon_core.environment:checking '/home/radxa/receptionist_robot_ws/install/receptionist_robot_description/bin'
[4.529s] INFO:colcon.colcon_core.shell:Creating package script '/home/radxa/receptionist_robot_ws/install/receptionist_robot_description/share/receptionist_robot_description/package.ps1'
[4.535s] INFO:colcon.colcon_core.shell:Creating package descriptor '/home/radxa/receptionist_robot_ws/install/receptionist_robot_description/share/receptionist_robot_description/package.dsv'
[4.538s] INFO:colcon.colcon_core.shell:Creating package script '/home/radxa/receptionist_robot_ws/install/receptionist_robot_description/share/receptionist_robot_description/package.sh'
[4.541s] INFO:colcon.colcon_core.shell:Creating package script '/home/radxa/receptionist_robot_ws/install/receptionist_robot_description/share/receptionist_robot_description/package.bash'
[4.545s] INFO:colcon.colcon_core.shell:Creating package script '/home/radxa/receptionist_robot_ws/install/receptionist_robot_description/share/receptionist_robot_description/package.zsh'
[4.547s] Level 1:colcon.colcon_core.environment:create_file_with_runtime_dependencies(/home/radxa/receptionist_robot_ws/install/receptionist_robot_description/share/colcon-core/packages/receptionist_robot_description)
[4.550s] Level 1:colcon.colcon_core.environment:create_environment_scripts_only(receptionist_robot_description)
[4.551s] Level 1:colcon.colcon_core.environment:checking '/home/radxa/receptionist_robot_ws/install/receptionist_robot_description' for CMake module files
[4.554s] Level 1:colcon.colcon_core.environment:checking '/home/radxa/receptionist_robot_ws/install/receptionist_robot_description' for CMake config files
[4.554s] Level 1:colcon.colcon_core.shell:create_environment_hook('receptionist_robot_description', 'cmake_prefix_path')
[4.555s] INFO:colcon.colcon_core.shell:Creating environment hook '/home/radxa/receptionist_robot_ws/install/receptionist_robot_description/share/receptionist_robot_description/hook/cmake_prefix_path.ps1'
[4.556s] INFO:colcon.colcon_core.shell:Creating environment descriptor '/home/radxa/receptionist_robot_ws/install/receptionist_robot_description/share/receptionist_robot_description/hook/cmake_prefix_path.dsv'
[4.558s] INFO:colcon.colcon_core.shell:Creating environment hook '/home/radxa/receptionist_robot_ws/install/receptionist_robot_description/share/receptionist_robot_description/hook/cmake_prefix_path.sh'
[4.560s] Level 1:colcon.colcon_core.environment:checking '/home/radxa/receptionist_robot_ws/install/receptionist_robot_description/bin'
[4.560s] Level 1:colcon.colcon_core.environment:checking '/home/radxa/receptionist_robot_ws/install/receptionist_robot_description/lib/pkgconfig/receptionist_robot_description.pc'
[4.561s] Level 1:colcon.colcon_core.environment:checking '/home/radxa/receptionist_robot_ws/install/receptionist_robot_description/lib/python3.12/site-packages'
[4.563s] Level 1:colcon.colcon_core.environment:checking '/home/radxa/receptionist_robot_ws/install/receptionist_robot_description/bin'
[4.564s] INFO:colcon.colcon_core.shell:Creating package script '/home/radxa/receptionist_robot_ws/install/receptionist_robot_description/share/receptionist_robot_description/package.ps1'
[4.566s] INFO:colcon.colcon_core.shell:Creating package descriptor '/home/radxa/receptionist_robot_ws/install/receptionist_robot_description/share/receptionist_robot_description/package.dsv'
[4.568s] INFO:colcon.colcon_core.shell:Creating package script '/home/radxa/receptionist_robot_ws/install/receptionist_robot_description/share/receptionist_robot_description/package.sh'
[4.571s] INFO:colcon.colcon_core.shell:Creating package script '/home/radxa/receptionist_robot_ws/install/receptionist_robot_description/share/receptionist_robot_description/package.bash'
[4.573s] INFO:colcon.colcon_core.shell:Creating package script '/home/radxa/receptionist_robot_ws/install/receptionist_robot_description/share/receptionist_robot_description/package.zsh'
[4.574s] Level 1:colcon.colcon_core.environment:create_file_with_runtime_dependencies(/home/radxa/receptionist_robot_ws/install/receptionist_robot_description/share/colcon-core/packages/receptionist_robot_description)
[5.308s] DEBUG:colcon.colcon_core.event_handler.log_command:Invoked command in '/home/radxa/receptionist_robot_ws/build/sllidar_ros2' returned '0': CMAKE_PREFIX_PATH=${CMAKE_PREFIX_PATH}:/home/radxa/turtlebot3_ws/install/turtlebot3_teleop:/home/radxa/turtlebot3_ws/install/turtlebot3_example:/opt/ros/jazzy /usr/bin/cmake /home/radxa/receptionist_robot_ws/src/sllidar_ros2 -DAMENT_CMAKE_SYMLINK_INSTALL=1 -DCMAKE_INSTALL_PREFIX=/home/radxa/receptionist_robot_ws/install/sllidar_ros2
[5.314s] DEBUG:colcon.colcon_core.event_handler.log_command:Invoking command in '/home/radxa/receptionist_robot_ws/build/sllidar_ros2': CMAKE_PREFIX_PATH=${CMAKE_PREFIX_PATH}:/home/radxa/turtlebot3_ws/install/turtlebot3_teleop:/home/radxa/turtlebot3_ws/install/turtlebot3_example:/opt/ros/jazzy /usr/bin/cmake --build /home/radxa/receptionist_robot_ws/build/sllidar_ros2 -- -j8 -l8
[18.722s] DEBUG:colcon.colcon_core.event_handler.log_command:Invoked command in '/home/radxa/receptionist_robot_ws/build/sllidar_ros2' returned '0': CMAKE_PREFIX_PATH=${CMAKE_PREFIX_PATH}:/home/radxa/turtlebot3_ws/install/turtlebot3_teleop:/home/radxa/turtlebot3_ws/install/turtlebot3_example:/opt/ros/jazzy /usr/bin/cmake --build /home/radxa/receptionist_robot_ws/build/sllidar_ros2 -- -j8 -l8
[18.729s] DEBUG:colcon.colcon_core.event_handler.log_command:Invoking command in '/home/radxa/receptionist_robot_ws/build/sllidar_ros2': CMAKE_PREFIX_PATH=${CMAKE_PREFIX_PATH}:/home/radxa/turtlebot3_ws/install/turtlebot3_teleop:/home/radxa/turtlebot3_ws/install/turtlebot3_example:/opt/ros/jazzy /usr/bin/cmake --install /home/radxa/receptionist_robot_ws/build/sllidar_ros2
[19.467s] Level 1:colcon.colcon_core.environment:create_environment_scripts_only(sllidar_ros2)
[19.470s] Level 1:colcon.colcon_core.environment:checking '/home/radxa/receptionist_robot_ws/install/sllidar_ros2' for CMake module files
[19.472s] DEBUG:colcon.colcon_core.event_handler.log_command:Invoked command in '/home/radxa/receptionist_robot_ws/build/sllidar_ros2' returned '0': CMAKE_PREFIX_PATH=${CMAKE_PREFIX_PATH}:/home/radxa/turtlebot3_ws/install/turtlebot3_teleop:/home/radxa/turtlebot3_ws/install/turtlebot3_example:/opt/ros/jazzy /usr/bin/cmake --install /home/radxa/receptionist_robot_ws/build/sllidar_ros2
[19.476s] Level 1:colcon.colcon_core.environment:checking '/home/radxa/receptionist_robot_ws/install/sllidar_ros2' for CMake config files
[19.476s] Level 1:colcon.colcon_core.shell:create_environment_hook('sllidar_ros2', 'cmake_prefix_path')
[19.477s] INFO:colcon.colcon_core.shell:Creating environment hook '/home/radxa/receptionist_robot_ws/install/sllidar_ros2/share/sllidar_ros2/hook/cmake_prefix_path.ps1'
[19.479s] INFO:colcon.colcon_core.shell:Creating environment descriptor '/home/radxa/receptionist_robot_ws/install/sllidar_ros2/share/sllidar_ros2/hook/cmake_prefix_path.dsv'
[19.480s] INFO:colcon.colcon_core.shell:Creating environment hook '/home/radxa/receptionist_robot_ws/install/sllidar_ros2/share/sllidar_ros2/hook/cmake_prefix_path.sh'
[19.482s] Level 1:colcon.colcon_core.environment:checking '/home/radxa/receptionist_robot_ws/install/sllidar_ros2/lib'
[19.485s] Level 1:colcon.colcon_core.environment:checking '/home/radxa/receptionist_robot_ws/install/sllidar_ros2/bin'
[19.485s] Level 1:colcon.colcon_core.environment:checking '/home/radxa/receptionist_robot_ws/install/sllidar_ros2/lib/pkgconfig/sllidar_ros2.pc'
[19.487s] Level 1:colcon.colcon_core.environment:checking '/home/radxa/receptionist_robot_ws/install/sllidar_ros2/lib/python3.12/site-packages'
[19.489s] Level 1:colcon.colcon_core.environment:checking '/home/radxa/receptionist_robot_ws/install/sllidar_ros2/bin'
[19.491s] INFO:colcon.colcon_core.shell:Creating package script '/home/radxa/receptionist_robot_ws/install/sllidar_ros2/share/sllidar_ros2/package.ps1'
[19.495s] INFO:colcon.colcon_core.shell:Creating package descriptor '/home/radxa/receptionist_robot_ws/install/sllidar_ros2/share/sllidar_ros2/package.dsv'
[19.496s] INFO:colcon.colcon_core.shell:Creating package script '/home/radxa/receptionist_robot_ws/install/sllidar_ros2/share/sllidar_ros2/package.sh'
[19.497s] INFO:colcon.colcon_core.shell:Creating package script '/home/radxa/receptionist_robot_ws/install/sllidar_ros2/share/sllidar_ros2/package.bash'
[19.498s] INFO:colcon.colcon_core.shell:Creating package script '/home/radxa/receptionist_robot_ws/install/sllidar_ros2/share/sllidar_ros2/package.zsh'
[19.499s] Level 1:colcon.colcon_core.environment:create_file_with_runtime_dependencies(/home/radxa/receptionist_robot_ws/install/sllidar_ros2/share/colcon-core/packages/sllidar_ros2)
[19.502s] Level 1:colcon.colcon_core.environment:create_environment_scripts_only(sllidar_ros2)
[19.502s] Level 1:colcon.colcon_core.environment:checking '/home/radxa/receptionist_robot_ws/install/sllidar_ros2' for CMake module files
[19.505s] Level 1:colcon.colcon_core.environment:checking '/home/radxa/receptionist_robot_ws/install/sllidar_ros2' for CMake config files
[19.506s] Level 1:colcon.colcon_core.shell:create_environment_hook('sllidar_ros2', 'cmake_prefix_path')
[19.507s] INFO:colcon.colcon_core.shell:Creating environment hook '/home/radxa/receptionist_robot_ws/install/sllidar_ros2/share/sllidar_ros2/hook/cmake_prefix_path.ps1'
[19.510s] INFO:colcon.colcon_core.shell:Creating environment descriptor '/home/radxa/receptionist_robot_ws/install/sllidar_ros2/share/sllidar_ros2/hook/cmake_prefix_path.dsv'
[19.511s] INFO:colcon.colcon_core.shell:Creating environment hook '/home/radxa/receptionist_robot_ws/install/sllidar_ros2/share/sllidar_ros2/hook/cmake_prefix_path.sh'
[19.513s] Level 1:colcon.colcon_core.environment:checking '/home/radxa/receptionist_robot_ws/install/sllidar_ros2/lib'
[19.513s] Level 1:colcon.colcon_core.environment:checking '/home/radxa/receptionist_robot_ws/install/sllidar_ros2/bin'
[19.514s] Level 1:colcon.colcon_core.environment:checking '/home/radxa/receptionist_robot_ws/install/sllidar_ros2/lib/pkgconfig/sllidar_ros2.pc'
[19.515s] Level 1:colcon.colcon_core.environment:checking '/home/radxa/receptionist_robot_ws/install/sllidar_ros2/lib/python3.12/site-packages'
[19.517s] Level 1:colcon.colcon_core.environment:checking '/home/radxa/receptionist_robot_ws/install/sllidar_ros2/bin'
[19.518s] INFO:colcon.colcon_core.shell:Creating package script '/home/radxa/receptionist_robot_ws/install/sllidar_ros2/share/sllidar_ros2/package.ps1'
[19.521s] INFO:colcon.colcon_core.shell:Creating package descriptor '/home/radxa/receptionist_robot_ws/install/sllidar_ros2/share/sllidar_ros2/package.dsv'
[19.523s] INFO:colcon.colcon_core.shell:Creating package script '/home/radxa/receptionist_robot_ws/install/sllidar_ros2/share/sllidar_ros2/package.sh'
[19.525s] INFO:colcon.colcon_core.shell:Creating package script '/home/radxa/receptionist_robot_ws/install/sllidar_ros2/share/sllidar_ros2/package.bash'
[19.526s] INFO:colcon.colcon_core.shell:Creating package script '/home/radxa/receptionist_robot_ws/install/sllidar_ros2/share/sllidar_ros2/package.zsh'
[19.528s] Level 1:colcon.colcon_core.environment:create_file_with_runtime_dependencies(/home/radxa/receptionist_robot_ws/install/sllidar_ros2/share/colcon-core/packages/sllidar_ros2)
[19.529s] INFO:colcon.colcon_ros.task.ament_cmake.build:Building ROS package in '/home/radxa/receptionist_robot_ws/src/receptionist_robot_bringup' with build type 'ament_cmake'
[19.530s] INFO:colcon.colcon_cmake.task.cmake.build:Building CMake package in '/home/radxa/receptionist_robot_ws/src/receptionist_robot_bringup'
[19.533s] INFO:colcon.colcon_core.shell:Skip shell extension 'powershell' for command environment: Not usable outside of PowerShell
[19.533s] DEBUG:colcon.colcon_core.shell:Skip shell extension 'dsv' for command environment
[19.584s] DEBUG:colcon.colcon_core.event_handler.log_command:Invoking command in '/home/radxa/receptionist_robot_ws/build/receptionist_robot_bringup': AMENT_PREFIX_PATH=/home/radxa/receptionist_robot_ws/install/sllidar_ros2:/home/radxa/receptionist_robot_ws/install/receptionist_robot_description:${AMENT_PREFIX_PATH} CMAKE_PREFIX_PATH=/home/radxa/receptionist_robot_ws/install/sllidar_ros2:/home/radxa/receptionist_robot_ws/install/receptionist_robot_description:/home/radxa/turtlebot3_ws/install/turtlebot3:/home/radxa/turtlebot3_ws/install/turtlebot3_bringup:/home/radxa/turtlebot3_ws/install/turtlebot3_node:/home/radxa/turtlebot3_ws/install/turtlebot3_navigation2:/home/radxa/turtlebot3_ws/install/turtlebot3_msgs:/home/radxa/turtlebot3_ws/install/turtlebot3_description:/home/radxa/turtlebot3_ws/install/turtlebot3_cartographer:/home/radxa/turtlebot3_ws/install/sllidar_ros2:/home/radxa/turtlebot3_ws/install/hclidar_driver_ros2:/home/radxa/turtlebot3_ws/install/dynamixel_sdk_examples:/home/radxa/turtlebot3_ws/install/dynamixel_sdk_custom_interfaces:/home/radxa/turtlebot3_ws/install/dynamixel_sdk:/home/radxa/microros_ws/install/micro_ros_agent:/home/radxa/microros_ws/install/micro_ros_msgs:/opt/ros/jazzy/opt/gz_sim_vendor:/opt/ros/jazzy/opt/gz_sensors_vendor:/opt/ros/jazzy/opt/gz_physics_vendor:/opt/ros/jazzy/opt/sdformat_vendor:/opt/ros/jazzy/opt/gz_gui_vendor:/opt/ros/jazzy/opt/gz_transport_vendor:/opt/ros/jazzy/opt/gz_rendering_vendor:/opt/ros/jazzy/opt/gz_plugin_vendor:/opt/ros/jazzy/opt/gz_fuel_tools_vendor:/opt/ros/jazzy/opt/gz_msgs_vendor:/opt/ros/jazzy/opt/gz_common_vendor:/opt/ros/jazzy/opt/gz_math_vendor:/opt/ros/jazzy/opt/gz_utils_vendor:/opt/ros/jazzy/opt/gz_tools_vendor:/opt/ros/jazzy/opt/gz_ogre_next_vendor:/opt/ros/jazzy/opt/gz_dartsim_vendor:/opt/ros/jazzy/opt/gz_cmake_vendor:/home/radxa/turtlebot3_ws/install/turtlebot3_teleop:/home/radxa/turtlebot3_ws/install/turtlebot3_example:/opt/ros/jazzy /usr/bin/cmake /home/radxa/receptionist_robot_ws/src/receptionist_robot_bringup -DAMENT_CMAKE_SYMLINK_INSTALL=1 -DCMAKE_INSTALL_PREFIX=/home/radxa/receptionist_robot_ws/install/receptionist_robot_bringup
[21.072s] DEBUG:colcon.colcon_core.event_handler.log_command:Invoked command in '/home/radxa/receptionist_robot_ws/build/receptionist_robot_bringup' returned '0': AMENT_PREFIX_PATH=/home/radxa/receptionist_robot_ws/install/sllidar_ros2:/home/radxa/receptionist_robot_ws/install/receptionist_robot_description:${AMENT_PREFIX_PATH} CMAKE_PREFIX_PATH=/home/radxa/receptionist_robot_ws/install/sllidar_ros2:/home/radxa/receptionist_robot_ws/install/receptionist_robot_description:/home/radxa/turtlebot3_ws/install/turtlebot3:/home/radxa/turtlebot3_ws/install/turtlebot3_bringup:/home/radxa/turtlebot3_ws/install/turtlebot3_node:/home/radxa/turtlebot3_ws/install/turtlebot3_navigation2:/home/radxa/turtlebot3_ws/install/turtlebot3_msgs:/home/radxa/turtlebot3_ws/install/turtlebot3_description:/home/radxa/turtlebot3_ws/install/turtlebot3_cartographer:/home/radxa/turtlebot3_ws/install/sllidar_ros2:/home/radxa/turtlebot3_ws/install/hclidar_driver_ros2:/home/radxa/turtlebot3_ws/install/dynamixel_sdk_examples:/home/radxa/turtlebot3_ws/install/dynamixel_sdk_custom_interfaces:/home/radxa/turtlebot3_ws/install/dynamixel_sdk:/home/radxa/microros_ws/install/micro_ros_agent:/home/radxa/microros_ws/install/micro_ros_msgs:/opt/ros/jazzy/opt/gz_sim_vendor:/opt/ros/jazzy/opt/gz_sensors_vendor:/opt/ros/jazzy/opt/gz_physics_vendor:/opt/ros/jazzy/opt/sdformat_vendor:/opt/ros/jazzy/opt/gz_gui_vendor:/opt/ros/jazzy/opt/gz_transport_vendor:/opt/ros/jazzy/opt/gz_rendering_vendor:/opt/ros/jazzy/opt/gz_plugin_vendor:/opt/ros/jazzy/opt/gz_fuel_tools_vendor:/opt/ros/jazzy/opt/gz_msgs_vendor:/opt/ros/jazzy/opt/gz_common_vendor:/opt/ros/jazzy/opt/gz_math_vendor:/opt/ros/jazzy/opt/gz_utils_vendor:/opt/ros/jazzy/opt/gz_tools_vendor:/opt/ros/jazzy/opt/gz_ogre_next_vendor:/opt/ros/jazzy/opt/gz_dartsim_vendor:/opt/ros/jazzy/opt/gz_cmake_vendor:/home/radxa/turtlebot3_ws/install/turtlebot3_teleop:/home/radxa/turtlebot3_ws/install/turtlebot3_example:/opt/ros/jazzy /usr/bin/cmake /home/radxa/receptionist_robot_ws/src/receptionist_robot_bringup -DAMENT_CMAKE_SYMLINK_INSTALL=1 -DCMAKE_INSTALL_PREFIX=/home/radxa/receptionist_robot_ws/install/receptionist_robot_bringup
[21.079s] DEBUG:colcon.colcon_core.event_handler.log_command:Invoking command in '/home/radxa/receptionist_robot_ws/build/receptionist_robot_bringup': AMENT_PREFIX_PATH=/home/radxa/receptionist_robot_ws/install/sllidar_ros2:/home/radxa/receptionist_robot_ws/install/receptionist_robot_description:${AMENT_PREFIX_PATH} CMAKE_PREFIX_PATH=/home/radxa/receptionist_robot_ws/install/sllidar_ros2:/home/radxa/receptionist_robot_ws/install/receptionist_robot_description:/home/radxa/turtlebot3_ws/install/turtlebot3:/home/radxa/turtlebot3_ws/install/turtlebot3_bringup:/home/radxa/turtlebot3_ws/install/turtlebot3_node:/home/radxa/turtlebot3_ws/install/turtlebot3_navigation2:/home/radxa/turtlebot3_ws/install/turtlebot3_msgs:/home/radxa/turtlebot3_ws/install/turtlebot3_description:/home/radxa/turtlebot3_ws/install/turtlebot3_cartographer:/home/radxa/turtlebot3_ws/install/sllidar_ros2:/home/radxa/turtlebot3_ws/install/hclidar_driver_ros2:/home/radxa/turtlebot3_ws/install/dynamixel_sdk_examples:/home/radxa/turtlebot3_ws/install/dynamixel_sdk_custom_interfaces:/home/radxa/turtlebot3_ws/install/dynamixel_sdk:/home/radxa/microros_ws/install/micro_ros_agent:/home/radxa/microros_ws/install/micro_ros_msgs:/opt/ros/jazzy/opt/gz_sim_vendor:/opt/ros/jazzy/opt/gz_sensors_vendor:/opt/ros/jazzy/opt/gz_physics_vendor:/opt/ros/jazzy/opt/sdformat_vendor:/opt/ros/jazzy/opt/gz_gui_vendor:/opt/ros/jazzy/opt/gz_transport_vendor:/opt/ros/jazzy/opt/gz_rendering_vendor:/opt/ros/jazzy/opt/gz_plugin_vendor:/opt/ros/jazzy/opt/gz_fuel_tools_vendor:/opt/ros/jazzy/opt/gz_msgs_vendor:/opt/ros/jazzy/opt/gz_common_vendor:/opt/ros/jazzy/opt/gz_math_vendor:/opt/ros/jazzy/opt/gz_utils_vendor:/opt/ros/jazzy/opt/gz_tools_vendor:/opt/ros/jazzy/opt/gz_ogre_next_vendor:/opt/ros/jazzy/opt/gz_dartsim_vendor:/opt/ros/jazzy/opt/gz_cmake_vendor:/home/radxa/turtlebot3_ws/install/turtlebot3_teleop:/home/radxa/turtlebot3_ws/install/turtlebot3_example:/opt/ros/jazzy /usr/bin/cmake --build /home/radxa/receptionist_robot_ws/build/receptionist_robot_bringup -- -j8 -l8
[21.150s] DEBUG:colcon.colcon_core.event_handler.log_command:Invoked command in '/home/radxa/receptionist_robot_ws/build/receptionist_robot_bringup' returned '0': AMENT_PREFIX_PATH=/home/radxa/receptionist_robot_ws/install/sllidar_ros2:/home/radxa/receptionist_robot_ws/install/receptionist_robot_description:${AMENT_PREFIX_PATH} CMAKE_PREFIX_PATH=/home/radxa/receptionist_robot_ws/install/sllidar_ros2:/home/radxa/receptionist_robot_ws/install/receptionist_robot_description:/home/radxa/turtlebot3_ws/install/turtlebot3:/home/radxa/turtlebot3_ws/install/turtlebot3_bringup:/home/radxa/turtlebot3_ws/install/turtlebot3_node:/home/radxa/turtlebot3_ws/install/turtlebot3_navigation2:/home/radxa/turtlebot3_ws/install/turtlebot3_msgs:/home/radxa/turtlebot3_ws/install/turtlebot3_description:/home/radxa/turtlebot3_ws/install/turtlebot3_cartographer:/home/radxa/turtlebot3_ws/install/sllidar_ros2:/home/radxa/turtlebot3_ws/install/hclidar_driver_ros2:/home/radxa/turtlebot3_ws/install/dynamixel_sdk_examples:/home/radxa/turtlebot3_ws/install/dynamixel_sdk_custom_interfaces:/home/radxa/turtlebot3_ws/install/dynamixel_sdk:/home/radxa/microros_ws/install/micro_ros_agent:/home/radxa/microros_ws/install/micro_ros_msgs:/opt/ros/jazzy/opt/gz_sim_vendor:/opt/ros/jazzy/opt/gz_sensors_vendor:/opt/ros/jazzy/opt/gz_physics_vendor:/opt/ros/jazzy/opt/sdformat_vendor:/opt/ros/jazzy/opt/gz_gui_vendor:/opt/ros/jazzy/opt/gz_transport_vendor:/opt/ros/jazzy/opt/gz_rendering_vendor:/opt/ros/jazzy/opt/gz_plugin_vendor:/opt/ros/jazzy/opt/gz_fuel_tools_vendor:/opt/ros/jazzy/opt/gz_msgs_vendor:/opt/ros/jazzy/opt/gz_common_vendor:/opt/ros/jazzy/opt/gz_math_vendor:/opt/ros/jazzy/opt/gz_utils_vendor:/opt/ros/jazzy/opt/gz_tools_vendor:/opt/ros/jazzy/opt/gz_ogre_next_vendor:/opt/ros/jazzy/opt/gz_dartsim_vendor:/opt/ros/jazzy/opt/gz_cmake_vendor:/home/radxa/turtlebot3_ws/install/turtlebot3_teleop:/home/radxa/turtlebot3_ws/install/turtlebot3_example:/opt/ros/jazzy /usr/bin/cmake --build /home/radxa/receptionist_robot_ws/build/receptionist_robot_bringup -- -j8 -l8
[21.161s] DEBUG:colcon.colcon_core.event_handler.log_command:Invoking command in '/home/radxa/receptionist_robot_ws/build/receptionist_robot_bringup': AMENT_PREFIX_PATH=/home/radxa/receptionist_robot_ws/install/sllidar_ros2:/home/radxa/receptionist_robot_ws/install/receptionist_robot_description:${AMENT_PREFIX_PATH} CMAKE_PREFIX_PATH=/home/radxa/receptionist_robot_ws/install/sllidar_ros2:/home/radxa/receptionist_robot_ws/install/receptionist_robot_description:/home/radxa/turtlebot3_ws/install/turtlebot3:/home/radxa/turtlebot3_ws/install/turtlebot3_bringup:/home/radxa/turtlebot3_ws/install/turtlebot3_node:/home/radxa/turtlebot3_ws/install/turtlebot3_navigation2:/home/radxa/turtlebot3_ws/install/turtlebot3_msgs:/home/radxa/turtlebot3_ws/install/turtlebot3_description:/home/radxa/turtlebot3_ws/install/turtlebot3_cartographer:/home/radxa/turtlebot3_ws/install/sllidar_ros2:/home/radxa/turtlebot3_ws/install/hclidar_driver_ros2:/home/radxa/turtlebot3_ws/install/dynamixel_sdk_examples:/home/radxa/turtlebot3_ws/install/dynamixel_sdk_custom_interfaces:/home/radxa/turtlebot3_ws/install/dynamixel_sdk:/home/radxa/microros_ws/install/micro_ros_agent:/home/radxa/microros_ws/install/micro_ros_msgs:/opt/ros/jazzy/opt/gz_sim_vendor:/opt/ros/jazzy/opt/gz_sensors_vendor:/opt/ros/jazzy/opt/gz_physics_vendor:/opt/ros/jazzy/opt/sdformat_vendor:/opt/ros/jazzy/opt/gz_gui_vendor:/opt/ros/jazzy/opt/gz_transport_vendor:/opt/ros/jazzy/opt/gz_rendering_vendor:/opt/ros/jazzy/opt/gz_plugin_vendor:/opt/ros/jazzy/opt/gz_fuel_tools_vendor:/opt/ros/jazzy/opt/gz_msgs_vendor:/opt/ros/jazzy/opt/gz_common_vendor:/opt/ros/jazzy/opt/gz_math_vendor:/opt/ros/jazzy/opt/gz_utils_vendor:/opt/ros/jazzy/opt/gz_tools_vendor:/opt/ros/jazzy/opt/gz_ogre_next_vendor:/opt/ros/jazzy/opt/gz_dartsim_vendor:/opt/ros/jazzy/opt/gz_cmake_vendor:/home/radxa/turtlebot3_ws/install/turtlebot3_teleop:/home/radxa/turtlebot3_ws/install/turtlebot3_example:/opt/ros/jazzy /usr/bin/cmake --install /home/radxa/receptionist_robot_ws/build/receptionist_robot_bringup
[21.441s] Level 1:colcon.colcon_core.environment:create_environment_scripts_only(receptionist_robot_bringup)
[21.442s] Level 1:colcon.colcon_core.environment:checking '/home/radxa/receptionist_robot_ws/install/receptionist_robot_bringup' for CMake module files
[21.445s] DEBUG:colcon.colcon_core.event_handler.log_command:Invoked command in '/home/radxa/receptionist_robot_ws/build/receptionist_robot_bringup' returned '0': AMENT_PREFIX_PATH=/home/radxa/receptionist_robot_ws/install/sllidar_ros2:/home/radxa/receptionist_robot_ws/install/receptionist_robot_description:${AMENT_PREFIX_PATH} CMAKE_PREFIX_PATH=/home/radxa/receptionist_robot_ws/install/sllidar_ros2:/home/radxa/receptionist_robot_ws/install/receptionist_robot_description:/home/radxa/turtlebot3_ws/install/turtlebot3:/home/radxa/turtlebot3_ws/install/turtlebot3_bringup:/home/radxa/turtlebot3_ws/install/turtlebot3_node:/home/radxa/turtlebot3_ws/install/turtlebot3_navigation2:/home/radxa/turtlebot3_ws/install/turtlebot3_msgs:/home/radxa/turtlebot3_ws/install/turtlebot3_description:/home/radxa/turtlebot3_ws/install/turtlebot3_cartographer:/home/radxa/turtlebot3_ws/install/sllidar_ros2:/home/radxa/turtlebot3_ws/install/hclidar_driver_ros2:/home/radxa/turtlebot3_ws/install/dynamixel_sdk_examples:/home/radxa/turtlebot3_ws/install/dynamixel_sdk_custom_interfaces:/home/radxa/turtlebot3_ws/install/dynamixel_sdk:/home/radxa/microros_ws/install/micro_ros_agent:/home/radxa/microros_ws/install/micro_ros_msgs:/opt/ros/jazzy/opt/gz_sim_vendor:/opt/ros/jazzy/opt/gz_sensors_vendor:/opt/ros/jazzy/opt/gz_physics_vendor:/opt/ros/jazzy/opt/sdformat_vendor:/opt/ros/jazzy/opt/gz_gui_vendor:/opt/ros/jazzy/opt/gz_transport_vendor:/opt/ros/jazzy/opt/gz_rendering_vendor:/opt/ros/jazzy/opt/gz_plugin_vendor:/opt/ros/jazzy/opt/gz_fuel_tools_vendor:/opt/ros/jazzy/opt/gz_msgs_vendor:/opt/ros/jazzy/opt/gz_common_vendor:/opt/ros/jazzy/opt/gz_math_vendor:/opt/ros/jazzy/opt/gz_utils_vendor:/opt/ros/jazzy/opt/gz_tools_vendor:/opt/ros/jazzy/opt/gz_ogre_next_vendor:/opt/ros/jazzy/opt/gz_dartsim_vendor:/opt/ros/jazzy/opt/gz_cmake_vendor:/home/radxa/turtlebot3_ws/install/turtlebot3_teleop:/home/radxa/turtlebot3_ws/install/turtlebot3_example:/opt/ros/jazzy /usr/bin/cmake --install /home/radxa/receptionist_robot_ws/build/receptionist_robot_bringup
[21.447s] Level 1:colcon.colcon_core.environment:checking '/home/radxa/receptionist_robot_ws/install/receptionist_robot_bringup' for CMake config files
[21.450s] Level 1:colcon.colcon_core.shell:create_environment_hook('receptionist_robot_bringup', 'cmake_prefix_path')
[21.451s] INFO:colcon.colcon_core.shell:Creating environment hook '/home/radxa/receptionist_robot_ws/install/receptionist_robot_bringup/share/receptionist_robot_bringup/hook/cmake_prefix_path.ps1'
[21.455s] INFO:colcon.colcon_core.shell:Creating environment descriptor '/home/radxa/receptionist_robot_ws/install/receptionist_robot_bringup/share/receptionist_robot_bringup/hook/cmake_prefix_path.dsv'
[21.456s] INFO:colcon.colcon_core.shell:Creating environment hook '/home/radxa/receptionist_robot_ws/install/receptionist_robot_bringup/share/receptionist_robot_bringup/hook/cmake_prefix_path.sh'
[21.459s] Level 1:colcon.colcon_core.environment:checking '/home/radxa/receptionist_robot_ws/install/receptionist_robot_bringup/bin'
[21.460s] Level 1:colcon.colcon_core.environment:checking '/home/radxa/receptionist_robot_ws/install/receptionist_robot_bringup/lib/pkgconfig/receptionist_robot_bringup.pc'
[21.462s] Level 1:colcon.colcon_core.environment:checking '/home/radxa/receptionist_robot_ws/install/receptionist_robot_bringup/lib/python3.12/site-packages'
[21.464s] Level 1:colcon.colcon_core.environment:checking '/home/radxa/receptionist_robot_ws/install/receptionist_robot_bringup/bin'
[21.466s] INFO:colcon.colcon_core.shell:Creating package script '/home/radxa/receptionist_robot_ws/install/receptionist_robot_bringup/share/receptionist_robot_bringup/package.ps1'
[21.470s] INFO:colcon.colcon_core.shell:Creating package descriptor '/home/radxa/receptionist_robot_ws/install/receptionist_robot_bringup/share/receptionist_robot_bringup/package.dsv'
[21.472s] INFO:colcon.colcon_core.shell:Creating package script '/home/radxa/receptionist_robot_ws/install/receptionist_robot_bringup/share/receptionist_robot_bringup/package.sh'
[21.474s] INFO:colcon.colcon_core.shell:Creating package script '/home/radxa/receptionist_robot_ws/install/receptionist_robot_bringup/share/receptionist_robot_bringup/package.bash'
[21.475s] INFO:colcon.colcon_core.shell:Creating package script '/home/radxa/receptionist_robot_ws/install/receptionist_robot_bringup/share/receptionist_robot_bringup/package.zsh'
[21.477s] Level 1:colcon.colcon_core.environment:create_file_with_runtime_dependencies(/home/radxa/receptionist_robot_ws/install/receptionist_robot_bringup/share/colcon-core/packages/receptionist_robot_bringup)
[21.479s] Level 1:colcon.colcon_core.environment:create_environment_scripts_only(receptionist_robot_bringup)
[21.480s] Level 1:colcon.colcon_core.environment:checking '/home/radxa/receptionist_robot_ws/install/receptionist_robot_bringup' for CMake module files
[21.484s] Level 1:colcon.colcon_core.environment:checking '/home/radxa/receptionist_robot_ws/install/receptionist_robot_bringup' for CMake config files
[21.486s] Level 1:colcon.colcon_core.shell:create_environment_hook('receptionist_robot_bringup', 'cmake_prefix_path')
[21.487s] INFO:colcon.colcon_core.shell:Creating environment hook '/home/radxa/receptionist_robot_ws/install/receptionist_robot_bringup/share/receptionist_robot_bringup/hook/cmake_prefix_path.ps1'
[21.489s] INFO:colcon.colcon_core.shell:Creating environment descriptor '/home/radxa/receptionist_robot_ws/install/receptionist_robot_bringup/share/receptionist_robot_bringup/hook/cmake_prefix_path.dsv'
[21.491s] INFO:colcon.colcon_core.shell:Creating environment hook '/home/radxa/receptionist_robot_ws/install/receptionist_robot_bringup/share/receptionist_robot_bringup/hook/cmake_prefix_path.sh'
[21.493s] Level 1:colcon.colcon_core.environment:checking '/home/radxa/receptionist_robot_ws/install/receptionist_robot_bringup/bin'
[21.493s] Level 1:colcon.colcon_core.environment:checking '/home/radxa/receptionist_robot_ws/install/receptionist_robot_bringup/lib/pkgconfig/receptionist_robot_bringup.pc'
[21.495s] Level 1:colcon.colcon_core.environment:checking '/home/radxa/receptionist_robot_ws/install/receptionist_robot_bringup/lib/python3.12/site-packages'
[21.498s] Level 1:colcon.colcon_core.environment:checking '/home/radxa/receptionist_robot_ws/install/receptionist_robot_bringup/bin'
[21.499s] INFO:colcon.colcon_core.shell:Creating package script '/home/radxa/receptionist_robot_ws/install/receptionist_robot_bringup/share/receptionist_robot_bringup/package.ps1'
[21.502s] INFO:colcon.colcon_core.shell:Creating package descriptor '/home/radxa/receptionist_robot_ws/install/receptionist_robot_bringup/share/receptionist_robot_bringup/package.dsv'
[21.504s] INFO:colcon.colcon_core.shell:Creating package script '/home/radxa/receptionist_robot_ws/install/receptionist_robot_bringup/share/receptionist_robot_bringup/package.sh'
[21.506s] INFO:colcon.colcon_core.shell:Creating package script '/home/radxa/receptionist_robot_ws/install/receptionist_robot_bringup/share/receptionist_robot_bringup/package.bash'
[21.508s] INFO:colcon.colcon_core.shell:Creating package script '/home/radxa/receptionist_robot_ws/install/receptionist_robot_bringup/share/receptionist_robot_bringup/package.zsh'
[21.510s] Level 1:colcon.colcon_core.environment:create_file_with_runtime_dependencies(/home/radxa/receptionist_robot_ws/install/receptionist_robot_bringup/share/colcon-core/packages/receptionist_robot_bringup)
[21.512s] DEBUG:colcon.colcon_parallel_executor.executor.parallel:closing loop
[21.514s] DEBUG:colcon.colcon_parallel_executor.executor.parallel:loop closed
[21.514s] DEBUG:colcon.colcon_parallel_executor.executor.parallel:run_until_complete finished with '0'
[21.515s] DEBUG:colcon.colcon_core.event_reactor:joining thread
[21.518s] DEBUG:colcon.colcon_core.event_reactor:joined thread
[21.519s] INFO:colcon.colcon_core.shell:Creating prefix script '/home/radxa/receptionist_robot_ws/install/local_setup.ps1'
[21.526s] INFO:colcon.colcon_core.shell:Creating prefix util module '/home/radxa/receptionist_robot_ws/install/_local_setup_util_ps1.py'
[21.532s] INFO:colcon.colcon_core.shell:Creating prefix chain script '/home/radxa/receptionist_robot_ws/install/setup.ps1'
[21.539s] INFO:colcon.colcon_core.shell:Creating prefix script '/home/radxa/receptionist_robot_ws/install/local_setup.sh'
[21.542s] INFO:colcon.colcon_core.shell:Creating prefix util module '/home/radxa/receptionist_robot_ws/install/_local_setup_util_sh.py'
[21.544s] INFO:colcon.colcon_core.shell:Creating prefix chain script '/home/radxa/receptionist_robot_ws/install/setup.sh'
[21.551s] INFO:colcon.colcon_core.shell:Creating prefix script '/home/radxa/receptionist_robot_ws/install/local_setup.bash'
[21.553s] INFO:colcon.colcon_core.shell:Creating prefix chain script '/home/radxa/receptionist_robot_ws/install/setup.bash'
[21.560s] INFO:colcon.colcon_core.shell:Creating prefix script '/home/radxa/receptionist_robot_ws/install/local_setup.zsh'
[21.562s] INFO:colcon.colcon_core.shell:Creating prefix chain script '/home/radxa/receptionist_robot_ws/install/setup.zsh'
