[0.023s] Invoking command in '/home/radxa/receptionist_robot_ws/build/sllidar_ros2': CMAKE_PREFIX_PATH=${CMAKE_PREFIX_PATH}:/home/radxa/turtlebot3_ws/install/turtlebot3_teleop:/home/radxa/turtlebot3_ws/install/turtlebot3_example:/opt/ros/jazzy /usr/bin/cmake --build /home/radxa/receptionist_robot_ws/build/sllidar_ros2 -- -j8 -l8
[0.180s] [ 90%] Built target sllidar_node
[0.187s] [100%] Built target sllidar_client
[0.229s] Invoked command in '/home/radxa/receptionist_robot_ws/build/sllidar_ros2' returned '0': CMAKE_PREFIX_PATH=${CMAKE_PREFIX_PATH}:/home/radxa/turtlebot3_ws/install/turtlebot3_teleop:/home/radxa/turtlebot3_ws/install/turtlebot3_example:/opt/ros/jazzy /usr/bin/cmake --build /home/radxa/receptionist_robot_ws/build/sllidar_ros2 -- -j8 -l8
[0.230s] Invoking command in '/home/radxa/receptionist_robot_ws/build/sllidar_ros2': CMAKE_PREFIX_PATH=${CMAKE_PREFIX_PATH}:/home/radxa/turtlebot3_ws/install/turtlebot3_teleop:/home/radxa/turtlebot3_ws/install/turtlebot3_example:/opt/ros/jazzy /usr/bin/cmake --install /home/radxa/receptionist_robot_ws/build/sllidar_ros2
[0.232s] -- Install configuration: ""
[0.233s] -- Execute custom install script
[0.233s] -- Up-to-date symlink: /home/radxa/receptionist_robot_ws/install/sllidar_ros2/share/sllidar_ros2/launch/sllidar_a1_launch.py
[0.233s] -- Up-to-date symlink: /home/radxa/receptionist_robot_ws/install/sllidar_ros2/share/sllidar_ros2/launch/sllidar_a2m12_launch .py
[0.233s] -- Up-to-date symlink: /home/radxa/receptionist_robot_ws/install/sllidar_ros2/share/sllidar_ros2/launch/sllidar_a2m7_launch.py
[0.233s] -- Up-to-date symlink: /home/radxa/receptionist_robot_ws/install/sllidar_ros2/share/sllidar_ros2/launch/sllidar_a2m8_launch.py
[0.234s] -- Up-to-date symlink: /home/radxa/receptionist_robot_ws/install/sllidar_ros2/share/sllidar_ros2/launch/sllidar_a3_launch.py
[0.234s] -- Up-to-date symlink: /home/radxa/receptionist_robot_ws/install/sllidar_ros2/share/sllidar_ros2/launch/sllidar_c1_launch.py
[0.234s] -- Up-to-date symlink: /home/radxa/receptionist_robot_ws/install/sllidar_ros2/share/sllidar_ros2/launch/sllidar_s1_launch.py
[0.234s] -- Up-to-date symlink: /home/radxa/receptionist_robot_ws/install/sllidar_ros2/share/sllidar_ros2/launch/sllidar_s1_tcp_launch.py
[0.235s] -- Up-to-date symlink: /home/radxa/receptionist_robot_ws/install/sllidar_ros2/share/sllidar_ros2/launch/sllidar_s2_launch.py
[0.236s] -- Up-to-date symlink: /home/radxa/receptionist_robot_ws/install/sllidar_ros2/share/sllidar_ros2/launch/sllidar_s2e_launch.py
[0.236s] -- Up-to-date symlink: /home/radxa/receptionist_robot_ws/install/sllidar_ros2/share/sllidar_ros2/launch/sllidar_s3_launch.py
[0.237s] -- Up-to-date symlink: /home/radxa/receptionist_robot_ws/install/sllidar_ros2/share/sllidar_ros2/launch/sllidar_t1_launch.py
[0.238s] -- Up-to-date symlink: /home/radxa/receptionist_robot_ws/install/sllidar_ros2/share/sllidar_ros2/launch/view_sllidar_a1_launch.py
[0.238s] -- Up-to-date symlink: /home/radxa/receptionist_robot_ws/install/sllidar_ros2/share/sllidar_ros2/launch/view_sllidar_a2m12_launch.py
[0.240s] -- Up-to-date symlink: /home/radxa/receptionist_robot_ws/install/sllidar_ros2/share/sllidar_ros2/launch/view_sllidar_a2m7_launch.py
[0.240s] -- Up-to-date symlink: /home/radxa/receptionist_robot_ws/install/sllidar_ros2/share/sllidar_ros2/launch/view_sllidar_a2m8_launch.py
[0.241s] -- Up-to-date symlink: /home/radxa/receptionist_robot_ws/install/sllidar_ros2/share/sllidar_ros2/launch/view_sllidar_a3_launch.py
[0.244s] -- Up-to-date symlink: /home/radxa/receptionist_robot_ws/install/sllidar_ros2/share/sllidar_ros2/launch/view_sllidar_c1_launch.py
[0.245s] -- Up-to-date symlink: /home/radxa/receptionist_robot_ws/install/sllidar_ros2/share/sllidar_ros2/launch/view_sllidar_s1_launch.py
[0.246s] -- Up-to-date symlink: /home/radxa/receptionist_robot_ws/install/sllidar_ros2/share/sllidar_ros2/launch/view_sllidar_s1_tcp_launch.py
[0.247s] -- Up-to-date symlink: /home/radxa/receptionist_robot_ws/install/sllidar_ros2/share/sllidar_ros2/launch/view_sllidar_s2_launch.py
[0.248s] -- Up-to-date symlink: /home/radxa/receptionist_robot_ws/install/sllidar_ros2/share/sllidar_ros2/launch/view_sllidar_s2e_launch.py
[0.249s] -- Up-to-date symlink: /home/radxa/receptionist_robot_ws/install/sllidar_ros2/share/sllidar_ros2/launch/view_sllidar_s3_launch.py
[0.250s] -- Up-to-date symlink: /home/radxa/receptionist_robot_ws/install/sllidar_ros2/share/sllidar_ros2/launch/view_sllidar_t1_launch.py
[0.253s] -- Up-to-date symlink: /home/radxa/receptionist_robot_ws/install/sllidar_ros2/share/sllidar_ros2/rviz/sllidar_ros2.rviz
[0.254s] -- Up-to-date symlink: /home/radxa/receptionist_robot_ws/install/sllidar_ros2/lib/sllidar_ros2/sllidar_node
[0.257s] -- Up-to-date symlink: /home/radxa/receptionist_robot_ws/install/sllidar_ros2/lib/sllidar_ros2/sllidar_client
[0.259s] -- Up-to-date symlink: /home/radxa/receptionist_robot_ws/install/sllidar_ros2/share/ament_index/resource_index/package_run_dependencies/sllidar_ros2
[0.263s] -- Up-to-date symlink: /home/radxa/receptionist_robot_ws/install/sllidar_ros2/share/ament_index/resource_index/parent_prefix_path/sllidar_ros2
[0.269s] -- Up-to-date symlink: /home/radxa/receptionist_robot_ws/install/sllidar_ros2/share/sllidar_ros2/environment/ament_prefix_path.sh
[0.271s] -- Up-to-date symlink: /home/radxa/receptionist_robot_ws/install/sllidar_ros2/share/sllidar_ros2/environment/ament_prefix_path.dsv
[0.271s] -- Up-to-date symlink: /home/radxa/receptionist_robot_ws/install/sllidar_ros2/share/sllidar_ros2/environment/path.sh
[0.273s] -- Up-to-date symlink: /home/radxa/receptionist_robot_ws/install/sllidar_ros2/share/sllidar_ros2/environment/path.dsv
[0.274s] -- Up-to-date symlink: /home/radxa/receptionist_robot_ws/install/sllidar_ros2/share/sllidar_ros2/local_setup.bash
[0.277s] -- Up-to-date symlink: /home/radxa/receptionist_robot_ws/install/sllidar_ros2/share/sllidar_ros2/local_setup.sh
[0.278s] -- Up-to-date symlink: /home/radxa/receptionist_robot_ws/install/sllidar_ros2/share/sllidar_ros2/local_setup.zsh
[0.279s] -- Up-to-date symlink: /home/radxa/receptionist_robot_ws/install/sllidar_ros2/share/sllidar_ros2/local_setup.dsv
[0.281s] -- Symlinking: /home/radxa/receptionist_robot_ws/install/sllidar_ros2/share/sllidar_ros2/package.dsv
[0.287s] -- Up-to-date symlink: /home/radxa/receptionist_robot_ws/install/sllidar_ros2/share/ament_index/resource_index/packages/sllidar_ros2
[0.289s] -- Up-to-date symlink: /home/radxa/receptionist_robot_ws/install/sllidar_ros2/share/sllidar_ros2/cmake/ament_cmake_export_dependencies-extras.cmake
[0.290s] -- Up-to-date symlink: /home/radxa/receptionist_robot_ws/install/sllidar_ros2/share/sllidar_ros2/cmake/ament_cmake_export_include_directories-extras.cmake
[0.291s] -- Up-to-date symlink: /home/radxa/receptionist_robot_ws/install/sllidar_ros2/share/sllidar_ros2/cmake/sllidar_ros2Config.cmake
[0.295s] -- Up-to-date symlink: /home/radxa/receptionist_robot_ws/install/sllidar_ros2/share/sllidar_ros2/cmake/sllidar_ros2Config-version.cmake
[0.296s] -- Up-to-date symlink: /home/radxa/receptionist_robot_ws/install/sllidar_ros2/share/sllidar_ros2/package.xml
[0.364s] Invoked command in '/home/radxa/receptionist_robot_ws/build/sllidar_ros2' returned '0': CMAKE_PREFIX_PATH=${CMAKE_PREFIX_PATH}:/home/radxa/turtlebot3_ws/install/turtlebot3_teleop:/home/radxa/turtlebot3_ws/install/turtlebot3_example:/opt/ros/jazzy /usr/bin/cmake --install /home/radxa/receptionist_robot_ws/build/sllidar_ros2
