[0.023s] Invoking command in '/home/radxa/receptionist_robot_ws/build/sllidar_ros2': CMAKE_PREFIX_PATH=${CMAKE_PREFIX_PATH}:/home/radxa/turtlebot3_ws/install/turtlebot3_teleop:/home/radxa/turtlebot3_ws/install/turtlebot3_example:/opt/ros/jazzy /usr/bin/cmake --build /home/radxa/receptionist_robot_ws/build/sllidar_ros2 -- -j8 -l8
[0.163s] [ 10%] Built target sllidar_client
[0.164s] [100%] Built target sllidar_node
[0.193s] Invoked command in '/home/radxa/receptionist_robot_ws/build/sllidar_ros2' returned '0': CMAKE_PREFIX_PATH=${CMAKE_PREFIX_PATH}:/home/radxa/turtlebot3_ws/install/turtlebot3_teleop:/home/radxa/turtlebot3_ws/install/turtlebot3_example:/opt/ros/jazzy /usr/bin/cmake --build /home/radxa/receptionist_robot_ws/build/sllidar_ros2 -- -j8 -l8
[0.212s] Invoking command in '/home/radxa/receptionist_robot_ws/build/sllidar_ros2': CMAKE_PREFIX_PATH=${CMAKE_PREFIX_PATH}:/home/radxa/turtlebot3_ws/install/turtlebot3_teleop:/home/radxa/turtlebot3_ws/install/turtlebot3_example:/opt/ros/jazzy /usr/bin/cmake --install /home/radxa/receptionist_robot_ws/build/sllidar_ros2
[0.216s] -- Install configuration: ""
[0.217s] -- Execute custom install script
[0.218s] -- Up-to-date symlink: /home/radxa/receptionist_robot_ws/install/sllidar_ros2/share/sllidar_ros2/launch/sllidar_a1_launch.py
[0.219s] -- Up-to-date symlink: /home/radxa/receptionist_robot_ws/install/sllidar_ros2/share/sllidar_ros2/launch/sllidar_a2m12_launch .py
[0.224s] -- Up-to-date symlink: /home/radxa/receptionist_robot_ws/install/sllidar_ros2/share/sllidar_ros2/launch/sllidar_a2m7_launch.py
[0.226s] -- Up-to-date symlink: /home/radxa/receptionist_robot_ws/install/sllidar_ros2/share/sllidar_ros2/launch/sllidar_a2m8_launch.py
[0.226s] -- Up-to-date symlink: /home/radxa/receptionist_robot_ws/install/sllidar_ros2/share/sllidar_ros2/launch/sllidar_a3_launch.py
[0.227s] -- Up-to-date symlink: /home/radxa/receptionist_robot_ws/install/sllidar_ros2/share/sllidar_ros2/launch/sllidar_c1_launch.py
[0.228s] -- Up-to-date symlink: /home/radxa/receptionist_robot_ws/install/sllidar_ros2/share/sllidar_ros2/launch/sllidar_s1_launch.py
[0.229s] -- Up-to-date symlink: /home/radxa/receptionist_robot_ws/install/sllidar_ros2/share/sllidar_ros2/launch/sllidar_s1_tcp_launch.py
[0.230s] -- Up-to-date symlink: /home/radxa/receptionist_robot_ws/install/sllidar_ros2/share/sllidar_ros2/launch/sllidar_s2_launch.py
[0.231s] -- Up-to-date symlink: /home/radxa/receptionist_robot_ws/install/sllidar_ros2/share/sllidar_ros2/launch/sllidar_s2e_launch.py
[0.231s] -- Up-to-date symlink: /home/radxa/receptionist_robot_ws/install/sllidar_ros2/share/sllidar_ros2/launch/sllidar_s3_launch.py
[0.235s] -- Up-to-date symlink: /home/radxa/receptionist_robot_ws/install/sllidar_ros2/share/sllidar_ros2/launch/sllidar_t1_launch.py
[0.236s] -- Up-to-date symlink: /home/radxa/receptionist_robot_ws/install/sllidar_ros2/share/sllidar_ros2/launch/view_sllidar_a1_launch.py
[0.237s] -- Up-to-date symlink: /home/radxa/receptionist_robot_ws/install/sllidar_ros2/share/sllidar_ros2/launch/view_sllidar_a2m12_launch.py
[0.238s] -- Up-to-date symlink: /home/radxa/receptionist_robot_ws/install/sllidar_ros2/share/sllidar_ros2/launch/view_sllidar_a2m7_launch.py
[0.238s] -- Up-to-date symlink: /home/radxa/receptionist_robot_ws/install/sllidar_ros2/share/sllidar_ros2/launch/view_sllidar_a2m8_launch.py
[0.241s] -- Up-to-date symlink: /home/radxa/receptionist_robot_ws/install/sllidar_ros2/share/sllidar_ros2/launch/view_sllidar_a3_launch.py
[0.242s] -- Up-to-date symlink: /home/radxa/receptionist_robot_ws/install/sllidar_ros2/share/sllidar_ros2/launch/view_sllidar_c1_launch.py
[0.243s] -- Up-to-date symlink: /home/radxa/receptionist_robot_ws/install/sllidar_ros2/share/sllidar_ros2/launch/view_sllidar_s1_launch.py
[0.244s] -- Up-to-date symlink: /home/radxa/receptionist_robot_ws/install/sllidar_ros2/share/sllidar_ros2/launch/view_sllidar_s1_tcp_launch.py
[0.245s] -- Up-to-date symlink: /home/radxa/receptionist_robot_ws/install/sllidar_ros2/share/sllidar_ros2/launch/view_sllidar_s2_launch.py
[0.246s] -- Up-to-date symlink: /home/radxa/receptionist_robot_ws/install/sllidar_ros2/share/sllidar_ros2/launch/view_sllidar_s2e_launch.py
[0.247s] -- Up-to-date symlink: /home/radxa/receptionist_robot_ws/install/sllidar_ros2/share/sllidar_ros2/launch/view_sllidar_s3_launch.py
[0.247s] -- Up-to-date symlink: /home/radxa/receptionist_robot_ws/install/sllidar_ros2/share/sllidar_ros2/launch/view_sllidar_t1_launch.py
[0.248s] -- Up-to-date symlink: /home/radxa/receptionist_robot_ws/install/sllidar_ros2/share/sllidar_ros2/rviz/sllidar_ros2.rviz
[0.248s] -- Up-to-date symlink: /home/radxa/receptionist_robot_ws/install/sllidar_ros2/lib/sllidar_ros2/sllidar_node
[0.249s] -- Up-to-date symlink: /home/radxa/receptionist_robot_ws/install/sllidar_ros2/lib/sllidar_ros2/sllidar_client
[0.249s] -- Up-to-date symlink: /home/radxa/receptionist_robot_ws/install/sllidar_ros2/share/ament_index/resource_index/package_run_dependencies/sllidar_ros2
[0.250s] -- Up-to-date symlink: /home/radxa/receptionist_robot_ws/install/sllidar_ros2/share/ament_index/resource_index/parent_prefix_path/sllidar_ros2
[0.251s] -- Up-to-date symlink: /home/radxa/receptionist_robot_ws/install/sllidar_ros2/share/sllidar_ros2/environment/ament_prefix_path.sh
[0.251s] -- Up-to-date symlink: /home/radxa/receptionist_robot_ws/install/sllidar_ros2/share/sllidar_ros2/environment/ament_prefix_path.dsv
[0.252s] -- Up-to-date symlink: /home/radxa/receptionist_robot_ws/install/sllidar_ros2/share/sllidar_ros2/environment/path.sh
[0.253s] -- Up-to-date symlink: /home/radxa/receptionist_robot_ws/install/sllidar_ros2/share/sllidar_ros2/environment/path.dsv
[0.253s] -- Up-to-date symlink: /home/radxa/receptionist_robot_ws/install/sllidar_ros2/share/sllidar_ros2/local_setup.bash
[0.254s] -- Up-to-date symlink: /home/radxa/receptionist_robot_ws/install/sllidar_ros2/share/sllidar_ros2/local_setup.sh
[0.254s] -- Up-to-date symlink: /home/radxa/receptionist_robot_ws/install/sllidar_ros2/share/sllidar_ros2/local_setup.zsh
[0.256s] -- Up-to-date symlink: /home/radxa/receptionist_robot_ws/install/sllidar_ros2/share/sllidar_ros2/local_setup.dsv
[0.257s] -- Symlinking: /home/radxa/receptionist_robot_ws/install/sllidar_ros2/share/sllidar_ros2/package.dsv
[0.259s] -- Up-to-date symlink: /home/radxa/receptionist_robot_ws/install/sllidar_ros2/share/ament_index/resource_index/packages/sllidar_ros2
[0.261s] -- Up-to-date symlink: /home/radxa/receptionist_robot_ws/install/sllidar_ros2/share/sllidar_ros2/cmake/ament_cmake_export_dependencies-extras.cmake
[0.262s] -- Up-to-date symlink: /home/radxa/receptionist_robot_ws/install/sllidar_ros2/share/sllidar_ros2/cmake/ament_cmake_export_include_directories-extras.cmake
[0.262s] -- Up-to-date symlink: /home/radxa/receptionist_robot_ws/install/sllidar_ros2/share/sllidar_ros2/cmake/sllidar_ros2Config.cmake
[0.263s] -- Up-to-date symlink: /home/radxa/receptionist_robot_ws/install/sllidar_ros2/share/sllidar_ros2/cmake/sllidar_ros2Config-version.cmake
[0.264s] -- Up-to-date symlink: /home/radxa/receptionist_robot_ws/install/sllidar_ros2/share/sllidar_ros2/package.xml
[0.370s] Invoked command in '/home/radxa/receptionist_robot_ws/build/sllidar_ros2' returned '0': CMAKE_PREFIX_PATH=${CMAKE_PREFIX_PATH}:/home/radxa/turtlebot3_ws/install/turtlebot3_teleop:/home/radxa/turtlebot3_ws/install/turtlebot3_example:/opt/ros/jazzy /usr/bin/cmake --install /home/radxa/receptionist_robot_ws/build/sllidar_ros2
