[0.026s] Invoking command in '/home/radxa/receptionist_robot_ws/build/eds_bot': CMAKE_PREFIX_PATH=${CMAKE_PREFIX_PATH}:/home/radxa/turtlebot3_ws/install/turtlebot3_teleop:/home/radxa/turtlebot3_ws/install/turtlebot3_example:/opt/ros/jazzy /usr/bin/cmake --build /home/radxa/receptionist_robot_ws/build/eds_bot -- -j8 -l8
[0.160s] Invoked command in '/home/radxa/receptionist_robot_ws/build/eds_bot' returned '0': CMAKE_PREFIX_PATH=${CMAKE_PREFIX_PATH}:/home/radxa/turtlebot3_ws/install/turtlebot3_teleop:/home/radxa/turtlebot3_ws/install/turtlebot3_example:/opt/ros/jazzy /usr/bin/cmake --build /home/radxa/receptionist_robot_ws/build/eds_bot -- -j8 -l8
[0.164s] Invoking command in '/home/radxa/receptionist_robot_ws/build/eds_bot': CMAKE_PREFIX_PATH=${CMAKE_PREFIX_PATH}:/home/radxa/turtlebot3_ws/install/turtlebot3_teleop:/home/radxa/turtlebot3_ws/install/turtlebot3_example:/opt/ros/jazzy /usr/bin/cmake --install /home/radxa/receptionist_robot_ws/build/eds_bot
[0.200s] -- Install configuration: ""
[0.202s] -- Execute custom install script
[0.203s] -- Up-to-date symlink: /home/radxa/receptionist_robot_ws/install/eds_bot/share/eds_bot/config/ball_tracker_params_robot.yaml
[0.204s] -- Up-to-date symlink: /home/radxa/receptionist_robot_ws/install/eds_bot/share/eds_bot/config/ball_tracker_params_sim.yaml
[0.206s] -- Up-to-date symlink: /home/radxa/receptionist_robot_ws/install/eds_bot/share/eds_bot/config/drive_bot.rviz
[0.207s] -- Up-to-date symlink: /home/radxa/receptionist_robot_ws/install/eds_bot/share/eds_bot/config/empty.yaml
[0.208s] -- Up-to-date symlink: /home/radxa/receptionist_robot_ws/install/eds_bot/share/eds_bot/config/gaz_ros2_ctl_use_sim.yaml
[0.209s] -- Up-to-date symlink: /home/radxa/receptionist_robot_ws/install/eds_bot/share/eds_bot/config/gz_bridge.yaml
[0.211s] -- Up-to-date symlink: /home/radxa/receptionist_robot_ws/install/eds_bot/share/eds_bot/config/joystick.yaml
[0.212s] -- Up-to-date symlink: /home/radxa/receptionist_robot_ws/install/eds_bot/share/eds_bot/config/main.rviz
[0.213s] -- Up-to-date symlink: /home/radxa/receptionist_robot_ws/install/eds_bot/share/eds_bot/config/map.rviz
[0.214s] -- Up-to-date symlink: /home/radxa/receptionist_robot_ws/install/eds_bot/share/eds_bot/config/mapper_params_online_async.yaml
[0.216s] -- Up-to-date symlink: /home/radxa/receptionist_robot_ws/install/eds_bot/share/eds_bot/config/my_controllers.yaml
[0.217s] -- Up-to-date symlink: /home/radxa/receptionist_robot_ws/install/eds_bot/share/eds_bot/config/nav2_params.yaml
[0.218s] -- Up-to-date symlink: /home/radxa/receptionist_robot_ws/install/eds_bot/share/eds_bot/config/twist_mux.yaml
[0.220s] -- Up-to-date symlink: /home/radxa/receptionist_robot_ws/install/eds_bot/share/eds_bot/config/view_bot.rviz
[0.220s] -- Up-to-date symlink: /home/radxa/receptionist_robot_ws/install/eds_bot/share/eds_bot/description/camera.xacro
[0.223s] -- Up-to-date symlink: /home/radxa/receptionist_robot_ws/install/eds_bot/share/eds_bot/description/depth_camera.xacro
[0.226s] -- Up-to-date symlink: /home/radxa/receptionist_robot_ws/install/eds_bot/share/eds_bot/description/face.xacro
[0.227s] -- Up-to-date symlink: /home/radxa/receptionist_robot_ws/install/eds_bot/share/eds_bot/description/gazebo_control.xacro
[0.228s] -- Up-to-date symlink: /home/radxa/receptionist_robot_ws/install/eds_bot/share/eds_bot/description/inertial_macros.xacro
[0.229s] -- Up-to-date symlink: /home/radxa/receptionist_robot_ws/install/eds_bot/share/eds_bot/description/lidar.xacro
[0.230s] -- Up-to-date symlink: /home/radxa/receptionist_robot_ws/install/eds_bot/share/eds_bot/description/robot.urdf.xacro
[0.234s] -- Up-to-date symlink: /home/radxa/receptionist_robot_ws/install/eds_bot/share/eds_bot/description/robot_core.xacro
[0.237s] -- Up-to-date symlink: /home/radxa/receptionist_robot_ws/install/eds_bot/share/eds_bot/description/ros2_control.xacro
[0.238s] -- Up-to-date symlink: /home/radxa/receptionist_robot_ws/install/eds_bot/share/eds_bot/launch/ball_tracker.launch.py
[0.239s] -- Up-to-date symlink: /home/radxa/receptionist_robot_ws/install/eds_bot/share/eds_bot/launch/camera.launch.py
[0.242s] -- Up-to-date symlink: /home/radxa/receptionist_robot_ws/install/eds_bot/share/eds_bot/launch/joystick.launch.py
[0.243s] -- Up-to-date symlink: /home/radxa/receptionist_robot_ws/install/eds_bot/share/eds_bot/launch/launch_dev_ws.py
[0.244s] -- Up-to-date symlink: /home/radxa/receptionist_robot_ws/install/eds_bot/share/eds_bot/launch/launch_robot.launch.py
[0.245s] -- Up-to-date symlink: /home/radxa/receptionist_robot_ws/install/eds_bot/share/eds_bot/launch/launch_sim.launch.py
[0.245s] -- Up-to-date symlink: /home/radxa/receptionist_robot_ws/install/eds_bot/share/eds_bot/launch/ld19lidar.launch.py
[0.246s] -- Up-to-date symlink: /home/radxa/receptionist_robot_ws/install/eds_bot/share/eds_bot/launch/localization_launch.py
[0.246s] -- Up-to-date symlink: /home/radxa/receptionist_robot_ws/install/eds_bot/share/eds_bot/launch/navigation_launch.py
[0.247s] -- Up-to-date symlink: /home/radxa/receptionist_robot_ws/install/eds_bot/share/eds_bot/launch/online_async_launch.py
[0.247s] -- Up-to-date symlink: /home/radxa/receptionist_robot_ws/install/eds_bot/share/eds_bot/launch/rsp.launch.py
[0.248s] -- Up-to-date symlink: /home/radxa/receptionist_robot_ws/install/eds_bot/share/eds_bot/worlds/empty.world
[0.248s] -- Up-to-date symlink: /home/radxa/receptionist_robot_ws/install/eds_bot/share/eds_bot/worlds/obstacles.world
[0.251s] -- Up-to-date symlink: /home/radxa/receptionist_robot_ws/install/eds_bot/share/ament_index/resource_index/package_run_dependencies/eds_bot
[0.253s] -- Up-to-date symlink: /home/radxa/receptionist_robot_ws/install/eds_bot/share/ament_index/resource_index/parent_prefix_path/eds_bot
[0.254s] -- Up-to-date symlink: /home/radxa/receptionist_robot_ws/install/eds_bot/share/eds_bot/environment/ament_prefix_path.sh
[0.255s] -- Up-to-date symlink: /home/radxa/receptionist_robot_ws/install/eds_bot/share/eds_bot/environment/ament_prefix_path.dsv
[0.255s] -- Up-to-date symlink: /home/radxa/receptionist_robot_ws/install/eds_bot/share/eds_bot/environment/path.sh
[0.256s] -- Up-to-date symlink: /home/radxa/receptionist_robot_ws/install/eds_bot/share/eds_bot/environment/path.dsv
[0.258s] -- Up-to-date symlink: /home/radxa/receptionist_robot_ws/install/eds_bot/share/eds_bot/local_setup.bash
[0.260s] -- Up-to-date symlink: /home/radxa/receptionist_robot_ws/install/eds_bot/share/eds_bot/local_setup.sh
[0.261s] -- Up-to-date symlink: /home/radxa/receptionist_robot_ws/install/eds_bot/share/eds_bot/local_setup.zsh
[0.265s] -- Up-to-date symlink: /home/radxa/receptionist_robot_ws/install/eds_bot/share/eds_bot/local_setup.dsv
[0.269s] -- Symlinking: /home/radxa/receptionist_robot_ws/install/eds_bot/share/eds_bot/package.dsv
[0.314s] -- Up-to-date symlink: /home/radxa/receptionist_robot_ws/install/eds_bot/share/ament_index/resource_index/packages/eds_bot
[0.315s] -- Up-to-date symlink: /home/radxa/receptionist_robot_ws/install/eds_bot/share/eds_bot/cmake/eds_botConfig.cmake
[0.319s] -- Up-to-date symlink: /home/radxa/receptionist_robot_ws/install/eds_bot/share/eds_bot/cmake/eds_botConfig-version.cmake
[0.322s] -- Up-to-date symlink: /home/radxa/receptionist_robot_ws/install/eds_bot/share/eds_bot/package.xml
[0.344s] Invoked command in '/home/radxa/receptionist_robot_ws/build/eds_bot' returned '0': CMAKE_PREFIX_PATH=${CMAKE_PREFIX_PATH}:/home/radxa/turtlebot3_ws/install/turtlebot3_teleop:/home/radxa/turtlebot3_ws/install/turtlebot3_example:/opt/ros/jazzy /usr/bin/cmake --install /home/radxa/receptionist_robot_ws/build/eds_bot
