-- Install configuration: ""
-- Execute custom install script
-- Up-to-date symlink: /home/radxa/receptionist_robot_ws/install/receptionist_robot_bringup/share/receptionist_robot_bringup/launch/bringup.launch.py
-- Up-to-date symlink: /home/radxa/receptionist_robot_ws/install/receptionist_robot_bringup/share/receptionist_robot_bringup/config/nav2_params.yaml
-- Up-to-date symlink: /home/radxa/receptionist_robot_ws/install/receptionist_robot_bringup/share/receptionist_robot_bringup/config/slam_toolbox_params.yaml
-- Up-to-date symlink: /home/radxa/receptionist_robot_ws/install/receptionist_robot_bringup/share/ament_index/resource_index/package_run_dependencies/receptionist_robot_bringup
-- Up-to-date symlink: /home/radxa/receptionist_robot_ws/install/receptionist_robot_bringup/share/ament_index/resource_index/parent_prefix_path/receptionist_robot_bringup
-- Up-to-date symlink: /home/radxa/receptionist_robot_ws/install/receptionist_robot_bringup/share/receptionist_robot_bringup/environment/ament_prefix_path.sh
-- Up-to-date symlink: /home/radxa/receptionist_robot_ws/install/receptionist_robot_bringup/share/receptionist_robot_bringup/environment/ament_prefix_path.dsv
-- Up-to-date symlink: /home/radxa/receptionist_robot_ws/install/receptionist_robot_bringup/share/receptionist_robot_bringup/environment/path.sh
-- Up-to-date symlink: /home/radxa/receptionist_robot_ws/install/receptionist_robot_bringup/share/receptionist_robot_bringup/environment/path.dsv
-- Up-to-date symlink: /home/radxa/receptionist_robot_ws/install/receptionist_robot_bringup/share/receptionist_robot_bringup/local_setup.bash
-- Up-to-date symlink: /home/radxa/receptionist_robot_ws/install/receptionist_robot_bringup/share/receptionist_robot_bringup/local_setup.sh
-- Up-to-date symlink: /home/radxa/receptionist_robot_ws/install/receptionist_robot_bringup/share/receptionist_robot_bringup/local_setup.zsh
-- Up-to-date symlink: /home/radxa/receptionist_robot_ws/install/receptionist_robot_bringup/share/receptionist_robot_bringup/local_setup.dsv
-- Symlinking: /home/radxa/receptionist_robot_ws/install/receptionist_robot_bringup/share/receptionist_robot_bringup/package.dsv
-- Up-to-date symlink: /home/radxa/receptionist_robot_ws/install/receptionist_robot_bringup/share/ament_index/resource_index/packages/receptionist_robot_bringup
-- Up-to-date symlink: /home/radxa/receptionist_robot_ws/install/receptionist_robot_bringup/share/receptionist_robot_bringup/cmake/receptionist_robot_bringupConfig.cmake
-- Up-to-date symlink: /home/radxa/receptionist_robot_ws/install/receptionist_robot_bringup/share/receptionist_robot_bringup/cmake/receptionist_robot_bringupConfig-version.cmake
-- Up-to-date symlink: /home/radxa/receptionist_robot_ws/install/receptionist_robot_bringup/share/receptionist_robot_bringup/package.xml
