-- Install configuration: ""
-- Execute custom install script
-- Up-to-date symlink: /home/radxa/receptionist_robot_ws/install/eds_bot/share/eds_bot/config/ball_tracker_params_robot.yaml
-- Up-to-date symlink: /home/radxa/receptionist_robot_ws/install/eds_bot/share/eds_bot/config/ball_tracker_params_sim.yaml
-- Up-to-date symlink: /home/radxa/receptionist_robot_ws/install/eds_bot/share/eds_bot/config/drive_bot.rviz
-- Up-to-date symlink: /home/radxa/receptionist_robot_ws/install/eds_bot/share/eds_bot/config/empty.yaml
-- Up-to-date symlink: /home/radxa/receptionist_robot_ws/install/eds_bot/share/eds_bot/config/gaz_ros2_ctl_use_sim.yaml
-- Up-to-date symlink: /home/radxa/receptionist_robot_ws/install/eds_bot/share/eds_bot/config/gz_bridge.yaml
-- Up-to-date symlink: /home/radxa/receptionist_robot_ws/install/eds_bot/share/eds_bot/config/joystick.yaml
-- Up-to-date symlink: /home/radxa/receptionist_robot_ws/install/eds_bot/share/eds_bot/config/main.rviz
-- Up-to-date symlink: /home/radxa/receptionist_robot_ws/install/eds_bot/share/eds_bot/config/map.rviz
-- Up-to-date symlink: /home/radxa/receptionist_robot_ws/install/eds_bot/share/eds_bot/config/mapper_params_online_async.yaml
-- Up-to-date symlink: /home/radxa/receptionist_robot_ws/install/eds_bot/share/eds_bot/config/my_controllers.yaml
-- Up-to-date symlink: /home/radxa/receptionist_robot_ws/install/eds_bot/share/eds_bot/config/nav2_params.yaml
-- Up-to-date symlink: /home/radxa/receptionist_robot_ws/install/eds_bot/share/eds_bot/config/twist_mux.yaml
-- Up-to-date symlink: /home/radxa/receptionist_robot_ws/install/eds_bot/share/eds_bot/config/view_bot.rviz
-- Up-to-date symlink: /home/radxa/receptionist_robot_ws/install/eds_bot/share/eds_bot/description/camera.xacro
-- Up-to-date symlink: /home/radxa/receptionist_robot_ws/install/eds_bot/share/eds_bot/description/depth_camera.xacro
-- Up-to-date symlink: /home/radxa/receptionist_robot_ws/install/eds_bot/share/eds_bot/description/face.xacro
-- Up-to-date symlink: /home/radxa/receptionist_robot_ws/install/eds_bot/share/eds_bot/description/gazebo_control.xacro
-- Up-to-date symlink: /home/radxa/receptionist_robot_ws/install/eds_bot/share/eds_bot/description/inertial_macros.xacro
-- Up-to-date symlink: /home/radxa/receptionist_robot_ws/install/eds_bot/share/eds_bot/description/lidar.xacro
-- Up-to-date symlink: /home/radxa/receptionist_robot_ws/install/eds_bot/share/eds_bot/description/robot.urdf.xacro
-- Up-to-date symlink: /home/radxa/receptionist_robot_ws/install/eds_bot/share/eds_bot/description/robot_core.xacro
-- Up-to-date symlink: /home/radxa/receptionist_robot_ws/install/eds_bot/share/eds_bot/description/ros2_control.xacro
-- Up-to-date symlink: /home/radxa/receptionist_robot_ws/install/eds_bot/share/eds_bot/launch/ball_tracker.launch.py
-- Up-to-date symlink: /home/radxa/receptionist_robot_ws/install/eds_bot/share/eds_bot/launch/camera.launch.py
-- Up-to-date symlink: /home/radxa/receptionist_robot_ws/install/eds_bot/share/eds_bot/launch/joystick.launch.py
-- Up-to-date symlink: /home/radxa/receptionist_robot_ws/install/eds_bot/share/eds_bot/launch/launch_dev_ws.py
-- Up-to-date symlink: /home/radxa/receptionist_robot_ws/install/eds_bot/share/eds_bot/launch/launch_robot.launch.py
-- Up-to-date symlink: /home/radxa/receptionist_robot_ws/install/eds_bot/share/eds_bot/launch/launch_sim.launch.py
-- Up-to-date symlink: /home/radxa/receptionist_robot_ws/install/eds_bot/share/eds_bot/launch/ld19lidar.launch.py
-- Up-to-date symlink: /home/radxa/receptionist_robot_ws/install/eds_bot/share/eds_bot/launch/localization_launch.py
-- Up-to-date symlink: /home/radxa/receptionist_robot_ws/install/eds_bot/share/eds_bot/launch/navigation_launch.py
-- Up-to-date symlink: /home/radxa/receptionist_robot_ws/install/eds_bot/share/eds_bot/launch/online_async_launch.py
-- Up-to-date symlink: /home/radxa/receptionist_robot_ws/install/eds_bot/share/eds_bot/launch/rsp.launch.py
-- Up-to-date symlink: /home/radxa/receptionist_robot_ws/install/eds_bot/share/eds_bot/worlds/empty.world
-- Up-to-date symlink: /home/radxa/receptionist_robot_ws/install/eds_bot/share/eds_bot/worlds/obstacles.world
-- Up-to-date symlink: /home/radxa/receptionist_robot_ws/install/eds_bot/share/ament_index/resource_index/package_run_dependencies/eds_bot
-- Up-to-date symlink: /home/radxa/receptionist_robot_ws/install/eds_bot/share/ament_index/resource_index/parent_prefix_path/eds_bot
-- Up-to-date symlink: /home/radxa/receptionist_robot_ws/install/eds_bot/share/eds_bot/environment/ament_prefix_path.sh
-- Up-to-date symlink: /home/radxa/receptionist_robot_ws/install/eds_bot/share/eds_bot/environment/ament_prefix_path.dsv
-- Up-to-date symlink: /home/radxa/receptionist_robot_ws/install/eds_bot/share/eds_bot/environment/path.sh
-- Up-to-date symlink: /home/radxa/receptionist_robot_ws/install/eds_bot/share/eds_bot/environment/path.dsv
-- Up-to-date symlink: /home/radxa/receptionist_robot_ws/install/eds_bot/share/eds_bot/local_setup.bash
-- Up-to-date symlink: /home/radxa/receptionist_robot_ws/install/eds_bot/share/eds_bot/local_setup.sh
-- Up-to-date symlink: /home/radxa/receptionist_robot_ws/install/eds_bot/share/eds_bot/local_setup.zsh
-- Up-to-date symlink: /home/radxa/receptionist_robot_ws/install/eds_bot/share/eds_bot/local_setup.dsv
-- Symlinking: /home/radxa/receptionist_robot_ws/install/eds_bot/share/eds_bot/package.dsv
-- Up-to-date symlink: /home/radxa/receptionist_robot_ws/install/eds_bot/share/ament_index/resource_index/packages/eds_bot
-- Up-to-date symlink: /home/radxa/receptionist_robot_ws/install/eds_bot/share/eds_bot/cmake/eds_botConfig.cmake
-- Up-to-date symlink: /home/radxa/receptionist_robot_ws/install/eds_bot/share/eds_bot/cmake/eds_botConfig-version.cmake
-- Up-to-date symlink: /home/radxa/receptionist_robot_ws/install/eds_bot/share/eds_bot/package.xml
