[0.025s] Invoking command in '/home/radxa/receptionist_robot_ws/build/sllidar_ros2': CMAKE_PREFIX_PATH=${CMAKE_PREFIX_PATH}:/home/radxa/turtlebot3_ws/install/turtlebot3_teleop:/home/radxa/turtlebot3_ws/install/turtlebot3_example:/opt/ros/jazzy /usr/bin/cmake --build /home/radxa/receptionist_robot_ws/build/sllidar_ros2 -- -j8 -l8
[0.299s] [ 10%] Built target sllidar_client
[0.310s] [100%] Built target sllidar_node
[0.327s] Invoked command in '/home/radxa/receptionist_robot_ws/build/sllidar_ros2' returned '0': CMAKE_PREFIX_PATH=${CMAKE_PREFIX_PATH}:/home/radxa/turtlebot3_ws/install/turtlebot3_teleop:/home/radxa/turtlebot3_ws/install/turtlebot3_example:/opt/ros/jazzy /usr/bin/cmake --build /home/radxa/receptionist_robot_ws/build/sllidar_ros2 -- -j8 -l8
[0.343s] Invoking command in '/home/radxa/receptionist_robot_ws/build/sllidar_ros2': CMAKE_PREFIX_PATH=${CMAKE_PREFIX_PATH}:/home/radxa/turtlebot3_ws/install/turtlebot3_teleop:/home/radxa/turtlebot3_ws/install/turtlebot3_example:/opt/ros/jazzy /usr/bin/cmake --install /home/radxa/receptionist_robot_ws/build/sllidar_ros2
[0.357s] -- Install configuration: ""
[0.359s] -- Execute custom install script
[0.360s] -- Up-to-date symlink: /home/radxa/receptionist_robot_ws/install/sllidar_ros2/share/sllidar_ros2/launch/sllidar_a1_launch.py
[0.361s] -- Up-to-date symlink: /home/radxa/receptionist_robot_ws/install/sllidar_ros2/share/sllidar_ros2/launch/sllidar_a2m12_launch .py
[0.361s] -- Up-to-date symlink: /home/radxa/receptionist_robot_ws/install/sllidar_ros2/share/sllidar_ros2/launch/sllidar_a2m7_launch.py
[0.361s] -- Up-to-date symlink: /home/radxa/receptionist_robot_ws/install/sllidar_ros2/share/sllidar_ros2/launch/sllidar_a2m8_launch.py
[0.361s] -- Up-to-date symlink: /home/radxa/receptionist_robot_ws/install/sllidar_ros2/share/sllidar_ros2/launch/sllidar_a3_launch.py
[0.361s] -- Up-to-date symlink: /home/radxa/receptionist_robot_ws/install/sllidar_ros2/share/sllidar_ros2/launch/sllidar_c1_launch.py
[0.361s] -- Up-to-date symlink: /home/radxa/receptionist_robot_ws/install/sllidar_ros2/share/sllidar_ros2/launch/sllidar_s1_launch.py
[0.362s] -- Up-to-date symlink: /home/radxa/receptionist_robot_ws/install/sllidar_ros2/share/sllidar_ros2/launch/sllidar_s1_tcp_launch.py
[0.362s] -- Up-to-date symlink: /home/radxa/receptionist_robot_ws/install/sllidar_ros2/share/sllidar_ros2/launch/sllidar_s2_launch.py
[0.362s] -- Up-to-date symlink: /home/radxa/receptionist_robot_ws/install/sllidar_ros2/share/sllidar_ros2/launch/sllidar_s2e_launch.py
[0.362s] -- Up-to-date symlink: /home/radxa/receptionist_robot_ws/install/sllidar_ros2/share/sllidar_ros2/launch/sllidar_s3_launch.py
[0.362s] -- Up-to-date symlink: /home/radxa/receptionist_robot_ws/install/sllidar_ros2/share/sllidar_ros2/launch/sllidar_t1_launch.py
[0.362s] -- Up-to-date symlink: /home/radxa/receptionist_robot_ws/install/sllidar_ros2/share/sllidar_ros2/launch/view_sllidar_a1_launch.py
[0.362s] -- Up-to-date symlink: /home/radxa/receptionist_robot_ws/install/sllidar_ros2/share/sllidar_ros2/launch/view_sllidar_a2m12_launch.py
[0.362s] -- Up-to-date symlink: /home/radxa/receptionist_robot_ws/install/sllidar_ros2/share/sllidar_ros2/launch/view_sllidar_a2m7_launch.py
[0.363s] -- Up-to-date symlink: /home/radxa/receptionist_robot_ws/install/sllidar_ros2/share/sllidar_ros2/launch/view_sllidar_a2m8_launch.py
[0.363s] -- Up-to-date symlink: /home/radxa/receptionist_robot_ws/install/sllidar_ros2/share/sllidar_ros2/launch/view_sllidar_a3_launch.py
[0.363s] -- Up-to-date symlink: /home/radxa/receptionist_robot_ws/install/sllidar_ros2/share/sllidar_ros2/launch/view_sllidar_c1_launch.py
[0.363s] -- Up-to-date symlink: /home/radxa/receptionist_robot_ws/install/sllidar_ros2/share/sllidar_ros2/launch/view_sllidar_s1_launch.py
[0.363s] -- Up-to-date symlink: /home/radxa/receptionist_robot_ws/install/sllidar_ros2/share/sllidar_ros2/launch/view_sllidar_s1_tcp_launch.py
[0.363s] -- Up-to-date symlink: /home/radxa/receptionist_robot_ws/install/sllidar_ros2/share/sllidar_ros2/launch/view_sllidar_s2_launch.py
[0.363s] -- Up-to-date symlink: /home/radxa/receptionist_robot_ws/install/sllidar_ros2/share/sllidar_ros2/launch/view_sllidar_s2e_launch.py
[0.363s] -- Up-to-date symlink: /home/radxa/receptionist_robot_ws/install/sllidar_ros2/share/sllidar_ros2/launch/view_sllidar_s3_launch.py
[0.364s] -- Up-to-date symlink: /home/radxa/receptionist_robot_ws/install/sllidar_ros2/share/sllidar_ros2/launch/view_sllidar_t1_launch.py
[0.364s] -- Up-to-date symlink: /home/radxa/receptionist_robot_ws/install/sllidar_ros2/share/sllidar_ros2/rviz/sllidar_ros2.rviz
[0.364s] -- Up-to-date symlink: /home/radxa/receptionist_robot_ws/install/sllidar_ros2/lib/sllidar_ros2/sllidar_node
[0.365s] -- Up-to-date symlink: /home/radxa/receptionist_robot_ws/install/sllidar_ros2/lib/sllidar_ros2/sllidar_client
[0.367s] -- Up-to-date symlink: /home/radxa/receptionist_robot_ws/install/sllidar_ros2/share/ament_index/resource_index/package_run_dependencies/sllidar_ros2
[0.367s] -- Up-to-date symlink: /home/radxa/receptionist_robot_ws/install/sllidar_ros2/share/ament_index/resource_index/parent_prefix_path/sllidar_ros2
[0.368s] -- Up-to-date symlink: /home/radxa/receptionist_robot_ws/install/sllidar_ros2/share/sllidar_ros2/environment/ament_prefix_path.sh
[0.369s] -- Up-to-date symlink: /home/radxa/receptionist_robot_ws/install/sllidar_ros2/share/sllidar_ros2/environment/ament_prefix_path.dsv
[0.370s] -- Up-to-date symlink: /home/radxa/receptionist_robot_ws/install/sllidar_ros2/share/sllidar_ros2/environment/path.sh
[0.371s] -- Up-to-date symlink: /home/radxa/receptionist_robot_ws/install/sllidar_ros2/share/sllidar_ros2/environment/path.dsv
[0.371s] -- Up-to-date symlink: /home/radxa/receptionist_robot_ws/install/sllidar_ros2/share/sllidar_ros2/local_setup.bash
[0.372s] -- Up-to-date symlink: /home/radxa/receptionist_robot_ws/install/sllidar_ros2/share/sllidar_ros2/local_setup.sh
[0.373s] -- Up-to-date symlink: /home/radxa/receptionist_robot_ws/install/sllidar_ros2/share/sllidar_ros2/local_setup.zsh
[0.374s] -- Up-to-date symlink: /home/radxa/receptionist_robot_ws/install/sllidar_ros2/share/sllidar_ros2/local_setup.dsv
[0.375s] -- Symlinking: /home/radxa/receptionist_robot_ws/install/sllidar_ros2/share/sllidar_ros2/package.dsv
[0.381s] -- Up-to-date symlink: /home/radxa/receptionist_robot_ws/install/sllidar_ros2/share/ament_index/resource_index/packages/sllidar_ros2
[0.382s] -- Up-to-date symlink: /home/radxa/receptionist_robot_ws/install/sllidar_ros2/share/sllidar_ros2/cmake/ament_cmake_export_dependencies-extras.cmake
[0.383s] -- Up-to-date symlink: /home/radxa/receptionist_robot_ws/install/sllidar_ros2/share/sllidar_ros2/cmake/ament_cmake_export_include_directories-extras.cmake
[0.383s] -- Up-to-date symlink: /home/radxa/receptionist_robot_ws/install/sllidar_ros2/share/sllidar_ros2/cmake/sllidar_ros2Config.cmake
[0.385s] -- Up-to-date symlink: /home/radxa/receptionist_robot_ws/install/sllidar_ros2/share/sllidar_ros2/cmake/sllidar_ros2Config-version.cmake
[0.386s] -- Up-to-date symlink: /home/radxa/receptionist_robot_ws/install/sllidar_ros2/share/sllidar_ros2/package.xml
[0.387s] Invoked command in '/home/radxa/receptionist_robot_ws/build/sllidar_ros2' returned '0': CMAKE_PREFIX_PATH=${CMAKE_PREFIX_PATH}:/home/radxa/turtlebot3_ws/install/turtlebot3_teleop:/home/radxa/turtlebot3_ws/install/turtlebot3_example:/opt/ros/jazzy /usr/bin/cmake --install /home/radxa/receptionist_robot_ws/build/sllidar_ros2
