[0.030s] Invoking command in '/home/radxa/receptionist_robot_ws/build/receptionist_robot_description': CMAKE_PREFIX_PATH=${CMAKE_PREFIX_PATH}:/home/radxa/turtlebot3_ws/install/turtlebot3_teleop:/home/radxa/turtlebot3_ws/install/turtlebot3_example:/opt/ros/jazzy /usr/bin/cmake /home/radxa/receptionist_robot_ws/src/receptionist_robot_description -DAMENT_CMAKE_SYMLINK_INSTALL=1 -DCMAKE_INSTALL_PREFIX=/home/radxa/receptionist_robot_ws/install/receptionist_robot_description
[0.460s] -- The C compiler identification is GNU 13.3.0
[0.949s] -- The CXX compiler identification is GNU 13.3.0
[0.991s] -- Detecting C compiler ABI info
[1.203s] -- Detecting C compiler ABI info - done
[1.245s] -- Check for working C compiler: /usr/bin/cc - skipped
[1.246s] -- Detecting C compile features
[1.246s] -- Detecting C compile features - done
[1.263s] -- Detecting CXX compiler ABI info
[1.527s] -- Detecting CXX compiler ABI info - done
[1.543s] -- Check for working CXX compiler: /usr/bin/c++ - skipped
[1.543s] -- Detecting CXX compile features
[1.544s] -- Detecting CXX compile features - done
[1.552s] -- Found ament_cmake: 2.5.6 (/opt/ros/jazzy/share/ament_cmake/cmake)
[1.846s] -- Found Python3: /usr/bin/python3 (found version "3.12.3") found components: Interpreter 
[2.029s] -- Override CMake install command with custom implementation using symlinks instead of copying resources
[2.199s] -- Found ament_lint_auto: 0.17.5 (/opt/ros/jazzy/share/ament_lint_auto/cmake)
[2.438s] -- Added test 'lint_cmake' to check CMake code style
[2.442s] -- Added test 'xmllint' to check XML markup files
[2.448s] -- Configuring done (2.4s)
[2.451s] -- Generating done (0.0s)
[2.452s] -- Build files have been written to: /home/radxa/receptionist_robot_ws/build/receptionist_robot_description
[2.469s] Invoked command in '/home/radxa/receptionist_robot_ws/build/receptionist_robot_description' returned '0': CMAKE_PREFIX_PATH=${CMAKE_PREFIX_PATH}:/home/radxa/turtlebot3_ws/install/turtlebot3_teleop:/home/radxa/turtlebot3_ws/install/turtlebot3_example:/opt/ros/jazzy /usr/bin/cmake /home/radxa/receptionist_robot_ws/src/receptionist_robot_description -DAMENT_CMAKE_SYMLINK_INSTALL=1 -DCMAKE_INSTALL_PREFIX=/home/radxa/receptionist_robot_ws/install/receptionist_robot_description
[2.471s] Invoking command in '/home/radxa/receptionist_robot_ws/build/receptionist_robot_description': CMAKE_PREFIX_PATH=${CMAKE_PREFIX_PATH}:/home/radxa/turtlebot3_ws/install/turtlebot3_teleop:/home/radxa/turtlebot3_ws/install/turtlebot3_example:/opt/ros/jazzy /usr/bin/cmake --build /home/radxa/receptionist_robot_ws/build/receptionist_robot_description -- -j8 -l8
[2.534s] Invoked command in '/home/radxa/receptionist_robot_ws/build/receptionist_robot_description' returned '0': CMAKE_PREFIX_PATH=${CMAKE_PREFIX_PATH}:/home/radxa/turtlebot3_ws/install/turtlebot3_teleop:/home/radxa/turtlebot3_ws/install/turtlebot3_example:/opt/ros/jazzy /usr/bin/cmake --build /home/radxa/receptionist_robot_ws/build/receptionist_robot_description -- -j8 -l8
[2.570s] Invoking command in '/home/radxa/receptionist_robot_ws/build/receptionist_robot_description': CMAKE_PREFIX_PATH=${CMAKE_PREFIX_PATH}:/home/radxa/turtlebot3_ws/install/turtlebot3_teleop:/home/radxa/turtlebot3_ws/install/turtlebot3_example:/opt/ros/jazzy /usr/bin/cmake --install /home/radxa/receptionist_robot_ws/build/receptionist_robot_description
[2.581s] -- Install configuration: ""
[2.582s] -- Execute custom install script
[2.583s] -- Symlinking: /home/radxa/receptionist_robot_ws/install/receptionist_robot_description/share/receptionist_robot_description/urdf/receptionist_robot.urdf.xacro
[2.614s] -- Symlinking: /home/radxa/receptionist_robot_ws/install/receptionist_robot_description/share/receptionist_robot_description/rviz/receptionist_robot.rviz
[2.627s] -- Symlinking: /home/radxa/receptionist_robot_ws/install/receptionist_robot_description/share/ament_index/resource_index/package_run_dependencies/receptionist_robot_description
[2.641s] -- Symlinking: /home/radxa/receptionist_robot_ws/install/receptionist_robot_description/share/ament_index/resource_index/parent_prefix_path/receptionist_robot_description
[2.654s] -- Symlinking: /home/radxa/receptionist_robot_ws/install/receptionist_robot_description/share/receptionist_robot_description/environment/ament_prefix_path.sh
[2.669s] -- Symlinking: /home/radxa/receptionist_robot_ws/install/receptionist_robot_description/share/receptionist_robot_description/environment/ament_prefix_path.dsv
[2.683s] -- Symlinking: /home/radxa/receptionist_robot_ws/install/receptionist_robot_description/share/receptionist_robot_description/environment/path.sh
[2.698s] -- Symlinking: /home/radxa/receptionist_robot_ws/install/receptionist_robot_description/share/receptionist_robot_description/environment/path.dsv
[2.731s] -- Symlinking: /home/radxa/receptionist_robot_ws/install/receptionist_robot_description/share/receptionist_robot_description/local_setup.bash
[2.747s] -- Symlinking: /home/radxa/receptionist_robot_ws/install/receptionist_robot_description/share/receptionist_robot_description/local_setup.sh
[2.763s] -- Symlinking: /home/radxa/receptionist_robot_ws/install/receptionist_robot_description/share/receptionist_robot_description/local_setup.zsh
[2.780s] -- Symlinking: /home/radxa/receptionist_robot_ws/install/receptionist_robot_description/share/receptionist_robot_description/local_setup.dsv
[2.797s] -- Symlinking: /home/radxa/receptionist_robot_ws/install/receptionist_robot_description/share/receptionist_robot_description/package.dsv
[2.814s] -- Symlinking: /home/radxa/receptionist_robot_ws/install/receptionist_robot_description/share/ament_index/resource_index/packages/receptionist_robot_description
[2.830s] -- Symlinking: /home/radxa/receptionist_robot_ws/install/receptionist_robot_description/share/receptionist_robot_description/cmake/receptionist_robot_descriptionConfig.cmake
[2.848s] -- Symlinking: /home/radxa/receptionist_robot_ws/install/receptionist_robot_description/share/receptionist_robot_description/cmake/receptionist_robot_descriptionConfig-version.cmake
[2.876s] -- Symlinking: /home/radxa/receptionist_robot_ws/install/receptionist_robot_description/share/receptionist_robot_description/package.xml
[2.905s] Invoked command in '/home/radxa/receptionist_robot_ws/build/receptionist_robot_description' returned '0': CMAKE_PREFIX_PATH=${CMAKE_PREFIX_PATH}:/home/radxa/turtlebot3_ws/install/turtlebot3_teleop:/home/radxa/turtlebot3_ws/install/turtlebot3_example:/opt/ros/jazzy /usr/bin/cmake --install /home/radxa/receptionist_robot_ws/build/receptionist_robot_description
