-- Found ament_cmake: 2.5.6 (/opt/ros/jazzy/share/ament_cmake/cmake)
-- Override CMake install command with custom implementation using symlinks instead of copying resources
-- Found ament_lint_auto: 0.17.5 (/opt/ros/jazzy/share/ament_lint_auto/cmake)
-- Added test 'flake8' to check Python code syntax and style conventions
-- Configured 'flake8' exclude dirs and/or files: 
-- Added test 'lint_cmake' to check CMake code style
-- Added test 'pep257' to check Python code against some of the docstring style conventions in PEP 257
-- Added test 'xmllint' to check XML markup files
-- Configuring done (0.6s)
-- Generating done (0.0s)
-- Build files have been written to: /home/radxa/receptionist_robot_ws/build/receptionist_robot_bringup
-- Install configuration: ""
-- Execute custom install script
-- Up-to-date symlink: /home/radxa/receptionist_robot_ws/install/receptionist_robot_bringup/share/receptionist_robot_bringup/launch/bringup.launch.py
-- Up-to-date symlink: /home/radxa/receptionist_robot_ws/install/receptionist_robot_bringup/share/receptionist_robot_bringup/config/nav2_params.yaml
-- Up-to-date symlink: /home/radxa/receptionist_robot_ws/install/receptionist_robot_bringup/share/receptionist_robot_bringup/config/slam_toolbox_params.yaml
-- Up-to-date symlink: /home/radxa/receptionist_robot_ws/install/receptionist_robot_bringup/share/ament_index/resource_index/package_run_dependencies/receptionist_robot_bringup
-- Up-to-date symlink: /home/radxa/receptionist_robot_ws/install/receptionist_robot_bringup/share/ament_index/resource_index/parent_prefix_path/receptionist_robot_bringup
-- Up-to-date symlink: /home/radxa/receptionist_robot_ws/install/receptionist_robot_bringup/share/receptionist_robot_bringup/environment/ament_prefix_path.sh
-- Up-to-date symlink: /home/radxa/receptionist_robot_ws/install/receptionist_robot_bringup/share/receptionist_robot_bringup/environment/ament_prefix_path.dsv
-- Up-to-date symlink: /home/radxa/receptionist_robot_ws/install/receptionist_robot_bringup/share/receptionist_robot_bringup/environment/path.sh
-- Up-to-date symlink: /home/radxa/receptionist_robot_ws/install/receptionist_robot_bringup/share/receptionist_robot_bringup/environment/path.dsv
-- Up-to-date symlink: /home/radxa/receptionist_robot_ws/install/receptionist_robot_bringup/share/receptionist_robot_bringup/local_setup.bash
-- Up-to-date symlink: /home/radxa/receptionist_robot_ws/install/receptionist_robot_bringup/share/receptionist_robot_bringup/local_setup.sh
-- Up-to-date symlink: /home/radxa/receptionist_robot_ws/install/receptionist_robot_bringup/share/receptionist_robot_bringup/local_setup.zsh
-- Up-to-date symlink: /home/radxa/receptionist_robot_ws/install/receptionist_robot_bringup/share/receptionist_robot_bringup/local_setup.dsv
-- Symlinking: /home/radxa/receptionist_robot_ws/install/receptionist_robot_bringup/share/receptionist_robot_bringup/package.dsv
-- Up-to-date symlink: /home/radxa/receptionist_robot_ws/install/receptionist_robot_bringup/share/ament_index/resource_index/packages/receptionist_robot_bringup
-- Up-to-date symlink: /home/radxa/receptionist_robot_ws/install/receptionist_robot_bringup/share/receptionist_robot_bringup/cmake/receptionist_robot_bringupConfig.cmake
-- Up-to-date symlink: /home/radxa/receptionist_robot_ws/install/receptionist_robot_bringup/share/receptionist_robot_bringup/cmake/receptionist_robot_bringupConfig-version.cmake
-- Up-to-date symlink: /home/radxa/receptionist_robot_ws/install/receptionist_robot_bringup/share/receptionist_robot_bringup/package.xml
