[0.151s] DEBUG:colcon:Command line arguments: ['/usr/bin/colcon', 'build', '--symlink-install']
[0.151s] DEBUG:colcon:Parsed command line arguments: Namespace(log_base=None, log_level=None, verb_name='build', build_base='build', install_base='install', merge_install=False, symlink_install=True, test_result_base=None, continue_on_error=False, executor='parallel', parallel_workers=8, event_handlers=None, ignore_user_meta=False, metas=['./colcon.meta'], base_paths=['.'], packages_ignore=None, packages_ignore_regex=None, paths=None, packages_up_to=None, packages_up_to_regex=None, packages_above=None, packages_above_and_dependencies=None, packages_above_depth=None, packages_select_by_dep=None, packages_skip_by_dep=None, packages_skip_up_to=None, packages_select_build_failed=False, packages_skip_build_finished=False, packages_select_test_failures=False, packages_skip_test_passed=False, packages_select=None, packages_skip=None, packages_select_regex=None, packages_skip_regex=None, packages_start=None, packages_end=None, allow_overriding=[], cmake_args=None, cmake_target=None, cmake_target_skip_unavailable=False, cmake_clean_cache=False, cmake_clean_first=False, cmake_force_configure=False, ament_cmake_args=None, catkin_cmake_args=None, catkin_skip_building_tests=False, mixin_files=None, mixin=None, verb_parser=<colcon_mixin.mixin.mixin_argument.MixinArgumentDecorator object at 0xffff8d9b4380>, verb_extension=<colcon_core.verb.build.BuildVerb object at 0xffff8d9b4080>, main=<bound method BuildVerb.main of <colcon_core.verb.build.BuildVerb object at 0xffff8d9b4080>>, mixin_verb=('build',))
[0.204s] Level 1:colcon.colcon_core.package_discovery:discover_packages(colcon_meta) check parameters
[0.204s] Level 1:colcon.colcon_core.package_discovery:discover_packages(recursive) check parameters
[0.204s] Level 1:colcon.colcon_core.package_discovery:discover_packages(ignore) check parameters
[0.204s] Level 1:colcon.colcon_core.package_discovery:discover_packages(path) check parameters
[0.205s] Level 1:colcon.colcon_core.package_discovery:discover_packages(colcon_meta) discover
[0.205s] Level 1:colcon.colcon_core.package_discovery:discover_packages(recursive) discover
[0.205s] INFO:colcon.colcon_core.package_discovery:Crawling recursively for packages in '/home/radxa/receptionist_robot_ws'
[0.205s] Level 1:colcon.colcon_core.package_identification:_identify(.) by extensions ['ignore', 'ignore_ament_install']
[0.205s] Level 1:colcon.colcon_core.package_identification:_identify(.) by extension 'ignore'
[0.205s] Level 1:colcon.colcon_core.package_identification:_identify(.) by extension 'ignore_ament_install'
[0.205s] Level 1:colcon.colcon_core.package_identification:_identify(.) by extensions ['colcon_pkg']
[0.205s] Level 1:colcon.colcon_core.package_identification:_identify(.) by extension 'colcon_pkg'
[0.205s] Level 1:colcon.colcon_core.package_identification:_identify(.) by extensions ['colcon_meta']
[0.206s] Level 1:colcon.colcon_core.package_identification:_identify(.) by extension 'colcon_meta'
[0.206s] Level 1:colcon.colcon_core.package_identification:_identify(.) by extensions ['ros']
[0.206s] Level 1:colcon.colcon_core.package_identification:_identify(.) by extension 'ros'
[0.241s] Level 1:colcon.colcon_core.package_identification:_identify(.) by extensions ['cmake', 'python']
[0.241s] Level 1:colcon.colcon_core.package_identification:_identify(.) by extension 'cmake'
[0.241s] Level 1:colcon.colcon_core.package_identification:_identify(.) by extension 'python'
[0.241s] Level 1:colcon.colcon_core.package_identification:_identify(.) by extensions ['python_setup_py']
[0.241s] Level 1:colcon.colcon_core.package_identification:_identify(.) by extension 'python_setup_py'
[0.241s] Level 1:colcon.colcon_core.package_identification:_identify(EDS_Bot) by extensions ['ignore', 'ignore_ament_install']
[0.241s] Level 1:colcon.colcon_core.package_identification:_identify(EDS_Bot) by extension 'ignore'
[0.242s] Level 1:colcon.colcon_core.package_identification:_identify(EDS_Bot) by extension 'ignore_ament_install'
[0.242s] Level 1:colcon.colcon_core.package_identification:_identify(EDS_Bot) by extensions ['colcon_pkg']
[0.242s] Level 1:colcon.colcon_core.package_identification:_identify(EDS_Bot) by extension 'colcon_pkg'
[0.242s] Level 1:colcon.colcon_core.package_identification:_identify(EDS_Bot) by extensions ['colcon_meta']
[0.242s] Level 1:colcon.colcon_core.package_identification:_identify(EDS_Bot) by extension 'colcon_meta'
[0.242s] Level 1:colcon.colcon_core.package_identification:_identify(EDS_Bot) by extensions ['ros']
[0.242s] Level 1:colcon.colcon_core.package_identification:_identify(EDS_Bot) by extension 'ros'
[0.245s] DEBUG:colcon.colcon_core.package_identification:Package 'EDS_Bot' with type 'ros.ament_cmake' and name 'eds_bot'
[0.245s] Level 1:colcon.colcon_core.package_identification:_identify(build) by extensions ['ignore', 'ignore_ament_install']
[0.245s] Level 1:colcon.colcon_core.package_identification:_identify(build) by extension 'ignore'
[0.245s] Level 1:colcon.colcon_core.package_identification:_identify(build) ignored
[0.246s] Level 1:colcon.colcon_core.package_identification:_identify(install) by extensions ['ignore', 'ignore_ament_install']
[0.246s] Level 1:colcon.colcon_core.package_identification:_identify(install) by extension 'ignore'
[0.246s] Level 1:colcon.colcon_core.package_identification:_identify(install) ignored
[0.246s] Level 1:colcon.colcon_core.package_identification:_identify(log) by extensions ['ignore', 'ignore_ament_install']
[0.246s] Level 1:colcon.colcon_core.package_identification:_identify(log) by extension 'ignore'
[0.246s] Level 1:colcon.colcon_core.package_identification:_identify(log) ignored
[0.246s] Level 1:colcon.colcon_core.package_identification:_identify(map) by extensions ['ignore', 'ignore_ament_install']
[0.246s] Level 1:colcon.colcon_core.package_identification:_identify(map) by extension 'ignore'
[0.246s] Level 1:colcon.colcon_core.package_identification:_identify(map) by extension 'ignore_ament_install'
[0.246s] Level 1:colcon.colcon_core.package_identification:_identify(map) by extensions ['colcon_pkg']
[0.247s] Level 1:colcon.colcon_core.package_identification:_identify(map) by extension 'colcon_pkg'
[0.247s] Level 1:colcon.colcon_core.package_identification:_identify(map) by extensions ['colcon_meta']
[0.247s] Level 1:colcon.colcon_core.package_identification:_identify(map) by extension 'colcon_meta'
[0.247s] Level 1:colcon.colcon_core.package_identification:_identify(map) by extensions ['ros']
[0.247s] Level 1:colcon.colcon_core.package_identification:_identify(map) by extension 'ros'
[0.247s] Level 1:colcon.colcon_core.package_identification:_identify(map) by extensions ['cmake', 'python']
[0.247s] Level 1:colcon.colcon_core.package_identification:_identify(map) by extension 'cmake'
[0.247s] Level 1:colcon.colcon_core.package_identification:_identify(map) by extension 'python'
[0.247s] Level 1:colcon.colcon_core.package_identification:_identify(map) by extensions ['python_setup_py']
[0.247s] Level 1:colcon.colcon_core.package_identification:_identify(map) by extension 'python_setup_py'
[0.247s] Level 1:colcon.colcon_core.package_identification:_identify(src) by extensions ['ignore', 'ignore_ament_install']
[0.247s] Level 1:colcon.colcon_core.package_identification:_identify(src) by extension 'ignore'
[0.247s] Level 1:colcon.colcon_core.package_identification:_identify(src) by extension 'ignore_ament_install'
[0.247s] Level 1:colcon.colcon_core.package_identification:_identify(src) by extensions ['colcon_pkg']
[0.247s] Level 1:colcon.colcon_core.package_identification:_identify(src) by extension 'colcon_pkg'
[0.248s] Level 1:colcon.colcon_core.package_identification:_identify(src) by extensions ['colcon_meta']
[0.248s] Level 1:colcon.colcon_core.package_identification:_identify(src) by extension 'colcon_meta'
[0.248s] Level 1:colcon.colcon_core.package_identification:_identify(src) by extensions ['ros']
[0.248s] Level 1:colcon.colcon_core.package_identification:_identify(src) by extension 'ros'
[0.248s] Level 1:colcon.colcon_core.package_identification:_identify(src) by extensions ['cmake', 'python']
[0.248s] Level 1:colcon.colcon_core.package_identification:_identify(src) by extension 'cmake'
[0.248s] Level 1:colcon.colcon_core.package_identification:_identify(src) by extension 'python'
[0.248s] Level 1:colcon.colcon_core.package_identification:_identify(src) by extensions ['python_setup_py']
[0.248s] Level 1:colcon.colcon_core.package_identification:_identify(src) by extension 'python_setup_py'
[0.248s] Level 1:colcon.colcon_core.package_identification:_identify(src/receptionist_robot_bringup) by extensions ['ignore', 'ignore_ament_install']
[0.248s] Level 1:colcon.colcon_core.package_identification:_identify(src/receptionist_robot_bringup) by extension 'ignore'
[0.248s] Level 1:colcon.colcon_core.package_identification:_identify(src/receptionist_robot_bringup) by extension 'ignore_ament_install'
[0.248s] Level 1:colcon.colcon_core.package_identification:_identify(src/receptionist_robot_bringup) by extensions ['colcon_pkg']
[0.248s] Level 1:colcon.colcon_core.package_identification:_identify(src/receptionist_robot_bringup) by extension 'colcon_pkg'
[0.248s] Level 1:colcon.colcon_core.package_identification:_identify(src/receptionist_robot_bringup) by extensions ['colcon_meta']
[0.249s] Level 1:colcon.colcon_core.package_identification:_identify(src/receptionist_robot_bringup) by extension 'colcon_meta'
[0.249s] Level 1:colcon.colcon_core.package_identification:_identify(src/receptionist_robot_bringup) by extensions ['ros']
[0.249s] Level 1:colcon.colcon_core.package_identification:_identify(src/receptionist_robot_bringup) by extension 'ros'
[0.249s] DEBUG:colcon.colcon_core.package_identification:Package 'src/receptionist_robot_bringup' with type 'ros.ament_cmake' and name 'receptionist_robot_bringup'
[0.249s] Level 1:colcon.colcon_core.package_identification:_identify(src/receptionist_robot_description) by extensions ['ignore', 'ignore_ament_install']
[0.250s] Level 1:colcon.colcon_core.package_identification:_identify(src/receptionist_robot_description) by extension 'ignore'
[0.250s] Level 1:colcon.colcon_core.package_identification:_identify(src/receptionist_robot_description) by extension 'ignore_ament_install'
[0.250s] Level 1:colcon.colcon_core.package_identification:_identify(src/receptionist_robot_description) by extensions ['colcon_pkg']
[0.250s] Level 1:colcon.colcon_core.package_identification:_identify(src/receptionist_robot_description) by extension 'colcon_pkg'
[0.250s] Level 1:colcon.colcon_core.package_identification:_identify(src/receptionist_robot_description) by extensions ['colcon_meta']
[0.250s] Level 1:colcon.colcon_core.package_identification:_identify(src/receptionist_robot_description) by extension 'colcon_meta'
[0.250s] Level 1:colcon.colcon_core.package_identification:_identify(src/receptionist_robot_description) by extensions ['ros']
[0.250s] Level 1:colcon.colcon_core.package_identification:_identify(src/receptionist_robot_description) by extension 'ros'
[0.251s] DEBUG:colcon.colcon_core.package_identification:Package 'src/receptionist_robot_description' with type 'ros.ament_cmake' and name 'receptionist_robot_description'
[0.251s] Level 1:colcon.colcon_core.package_identification:_identify(src/sllidar_ros2) by extensions ['ignore', 'ignore_ament_install']
[0.251s] Level 1:colcon.colcon_core.package_identification:_identify(src/sllidar_ros2) by extension 'ignore'
[0.251s] Level 1:colcon.colcon_core.package_identification:_identify(src/sllidar_ros2) by extension 'ignore_ament_install'
[0.251s] Level 1:colcon.colcon_core.package_identification:_identify(src/sllidar_ros2) by extensions ['colcon_pkg']
[0.251s] Level 1:colcon.colcon_core.package_identification:_identify(src/sllidar_ros2) by extension 'colcon_pkg'
[0.251s] Level 1:colcon.colcon_core.package_identification:_identify(src/sllidar_ros2) by extensions ['colcon_meta']
[0.251s] Level 1:colcon.colcon_core.package_identification:_identify(src/sllidar_ros2) by extension 'colcon_meta'
[0.251s] Level 1:colcon.colcon_core.package_identification:_identify(src/sllidar_ros2) by extensions ['ros']
[0.251s] Level 1:colcon.colcon_core.package_identification:_identify(src/sllidar_ros2) by extension 'ros'
[0.252s] DEBUG:colcon.colcon_core.package_identification:Package 'src/sllidar_ros2' with type 'ros.ament_cmake' and name 'sllidar_ros2'
[0.252s] Level 1:colcon.colcon_core.package_discovery:discover_packages(recursive) using defaults
[0.252s] Level 1:colcon.colcon_core.package_discovery:discover_packages(ignore) discover
[0.252s] Level 1:colcon.colcon_core.package_discovery:discover_packages(ignore) using defaults
[0.252s] Level 1:colcon.colcon_core.package_discovery:discover_packages(path) discover
[0.252s] Level 1:colcon.colcon_core.package_discovery:discover_packages(path) using defaults
[0.275s] Level 1:colcon.colcon_core.package_discovery:discover_packages(prefix_path) check parameters
[0.275s] Level 1:colcon.colcon_core.package_discovery:discover_packages(prefix_path) discover
[0.279s] DEBUG:colcon.colcon_installed_package_information.package_discovery:Found 4 installed packages in /home/radxa/receptionist_robot_ws/install
[0.280s] DEBUG:colcon.colcon_installed_package_information.package_discovery:Found 14 installed packages in /home/radxa/turtlebot3_ws/install
[0.281s] DEBUG:colcon.colcon_installed_package_information.package_discovery:Found 2 installed packages in /home/radxa/microros_ws/install
[0.283s] DEBUG:colcon.colcon_installed_package_information.package_discovery:Found 386 installed packages in /opt/ros/jazzy
[0.285s] Level 1:colcon.colcon_core.package_discovery:discover_packages(prefix_path) using defaults
[0.355s] Level 5:colcon.colcon_core.verb:set package 'eds_bot' build argument 'cmake_args' from command line to 'None'
[0.355s] Level 5:colcon.colcon_core.verb:set package 'eds_bot' build argument 'cmake_target' from command line to 'None'
[0.355s] Level 5:colcon.colcon_core.verb:set package 'eds_bot' build argument 'cmake_target_skip_unavailable' from command line to 'False'
[0.355s] Level 5:colcon.colcon_core.verb:set package 'eds_bot' build argument 'cmake_clean_cache' from command line to 'False'
[0.355s] Level 5:colcon.colcon_core.verb:set package 'eds_bot' build argument 'cmake_clean_first' from command line to 'False'
[0.355s] Level 5:colcon.colcon_core.verb:set package 'eds_bot' build argument 'cmake_force_configure' from command line to 'False'
[0.355s] Level 5:colcon.colcon_core.verb:set package 'eds_bot' build argument 'ament_cmake_args' from command line to 'None'
[0.355s] Level 5:colcon.colcon_core.verb:set package 'eds_bot' build argument 'catkin_cmake_args' from command line to 'None'
[0.356s] Level 5:colcon.colcon_core.verb:set package 'eds_bot' build argument 'catkin_skip_building_tests' from command line to 'False'
[0.356s] DEBUG:colcon.colcon_core.verb:Building package 'eds_bot' with the following arguments: {'ament_cmake_args': None, 'build_base': '/home/radxa/receptionist_robot_ws/build/eds_bot', 'catkin_cmake_args': None, 'catkin_skip_building_tests': False, 'cmake_args': None, 'cmake_clean_cache': False, 'cmake_clean_first': False, 'cmake_force_configure': False, 'cmake_target': None, 'cmake_target_skip_unavailable': False, 'install_base': '/home/radxa/receptionist_robot_ws/install/eds_bot', 'merge_install': False, 'path': '/home/radxa/receptionist_robot_ws/EDS_Bot', 'symlink_install': True, 'test_result_base': None}
[0.356s] Level 5:colcon.colcon_core.verb:set package 'receptionist_robot_description' build argument 'cmake_args' from command line to 'None'
[0.356s] Level 5:colcon.colcon_core.verb:set package 'receptionist_robot_description' build argument 'cmake_target' from command line to 'None'
[0.356s] Level 5:colcon.colcon_core.verb:set package 'receptionist_robot_description' build argument 'cmake_target_skip_unavailable' from command line to 'False'
[0.356s] Level 5:colcon.colcon_core.verb:set package 'receptionist_robot_description' build argument 'cmake_clean_cache' from command line to 'False'
[0.356s] Level 5:colcon.colcon_core.verb:set package 'receptionist_robot_description' build argument 'cmake_clean_first' from command line to 'False'
[0.356s] Level 5:colcon.colcon_core.verb:set package 'receptionist_robot_description' build argument 'cmake_force_configure' from command line to 'False'
[0.356s] Level 5:colcon.colcon_core.verb:set package 'receptionist_robot_description' build argument 'ament_cmake_args' from command line to 'None'
[0.356s] Level 5:colcon.colcon_core.verb:set package 'receptionist_robot_description' build argument 'catkin_cmake_args' from command line to 'None'
[0.356s] Level 5:colcon.colcon_core.verb:set package 'receptionist_robot_description' build argument 'catkin_skip_building_tests' from command line to 'False'
[0.356s] DEBUG:colcon.colcon_core.verb:Building package 'receptionist_robot_description' with the following arguments: {'ament_cmake_args': None, 'build_base': '/home/radxa/receptionist_robot_ws/build/receptionist_robot_description', 'catkin_cmake_args': None, 'catkin_skip_building_tests': False, 'cmake_args': None, 'cmake_clean_cache': False, 'cmake_clean_first': False, 'cmake_force_configure': False, 'cmake_target': None, 'cmake_target_skip_unavailable': False, 'install_base': '/home/radxa/receptionist_robot_ws/install/receptionist_robot_description', 'merge_install': False, 'path': '/home/radxa/receptionist_robot_ws/src/receptionist_robot_description', 'symlink_install': True, 'test_result_base': None}
[0.357s] Level 5:colcon.colcon_core.verb:set package 'sllidar_ros2' build argument 'cmake_args' from command line to 'None'
[0.357s] Level 5:colcon.colcon_core.verb:set package 'sllidar_ros2' build argument 'cmake_target' from command line to 'None'
[0.357s] Level 5:colcon.colcon_core.verb:set package 'sllidar_ros2' build argument 'cmake_target_skip_unavailable' from command line to 'False'
[0.357s] Level 5:colcon.colcon_core.verb:set package 'sllidar_ros2' build argument 'cmake_clean_cache' from command line to 'False'
[0.357s] Level 5:colcon.colcon_core.verb:set package 'sllidar_ros2' build argument 'cmake_clean_first' from command line to 'False'
[0.357s] Level 5:colcon.colcon_core.verb:set package 'sllidar_ros2' build argument 'cmake_force_configure' from command line to 'False'
[0.357s] Level 5:colcon.colcon_core.verb:set package 'sllidar_ros2' build argument 'ament_cmake_args' from command line to 'None'
[0.357s] Level 5:colcon.colcon_core.verb:set package 'sllidar_ros2' build argument 'catkin_cmake_args' from command line to 'None'
[0.357s] Level 5:colcon.colcon_core.verb:set package 'sllidar_ros2' build argument 'catkin_skip_building_tests' from command line to 'False'
[0.357s] DEBUG:colcon.colcon_core.verb:Building package 'sllidar_ros2' with the following arguments: {'ament_cmake_args': None, 'build_base': '/home/radxa/receptionist_robot_ws/build/sllidar_ros2', 'catkin_cmake_args': None, 'catkin_skip_building_tests': False, 'cmake_args': None, 'cmake_clean_cache': False, 'cmake_clean_first': False, 'cmake_force_configure': False, 'cmake_target': None, 'cmake_target_skip_unavailable': False, 'install_base': '/home/radxa/receptionist_robot_ws/install/sllidar_ros2', 'merge_install': False, 'path': '/home/radxa/receptionist_robot_ws/src/sllidar_ros2', 'symlink_install': True, 'test_result_base': None}
[0.357s] Level 5:colcon.colcon_core.verb:set package 'receptionist_robot_bringup' build argument 'cmake_args' from command line to 'None'
[0.357s] Level 5:colcon.colcon_core.verb:set package 'receptionist_robot_bringup' build argument 'cmake_target' from command line to 'None'
[0.357s] Level 5:colcon.colcon_core.verb:set package 'receptionist_robot_bringup' build argument 'cmake_target_skip_unavailable' from command line to 'False'
[0.357s] Level 5:colcon.colcon_core.verb:set package 'receptionist_robot_bringup' build argument 'cmake_clean_cache' from command line to 'False'
[0.357s] Level 5:colcon.colcon_core.verb:set package 'receptionist_robot_bringup' build argument 'cmake_clean_first' from command line to 'False'
[0.357s] Level 5:colcon.colcon_core.verb:set package 'receptionist_robot_bringup' build argument 'cmake_force_configure' from command line to 'False'
[0.357s] Level 5:colcon.colcon_core.verb:set package 'receptionist_robot_bringup' build argument 'ament_cmake_args' from command line to 'None'
[0.357s] Level 5:colcon.colcon_core.verb:set package 'receptionist_robot_bringup' build argument 'catkin_cmake_args' from command line to 'None'
[0.357s] Level 5:colcon.colcon_core.verb:set package 'receptionist_robot_bringup' build argument 'catkin_skip_building_tests' from command line to 'False'
[0.357s] DEBUG:colcon.colcon_core.verb:Building package 'receptionist_robot_bringup' with the following arguments: {'ament_cmake_args': None, 'build_base': '/home/radxa/receptionist_robot_ws/build/receptionist_robot_bringup', 'catkin_cmake_args': None, 'catkin_skip_building_tests': False, 'cmake_args': None, 'cmake_clean_cache': False, 'cmake_clean_first': False, 'cmake_force_configure': False, 'cmake_target': None, 'cmake_target_skip_unavailable': False, 'install_base': '/home/radxa/receptionist_robot_ws/install/receptionist_robot_bringup', 'merge_install': False, 'path': '/home/radxa/receptionist_robot_ws/src/receptionist_robot_bringup', 'symlink_install': True, 'test_result_base': None}
[0.358s] INFO:colcon.colcon_core.executor:Executing jobs using 'parallel' executor
[0.360s] DEBUG:colcon.colcon_parallel_executor.executor.parallel:run_until_complete
[0.360s] INFO:colcon.colcon_ros.task.ament_cmake.build:Building ROS package in '/home/radxa/receptionist_robot_ws/src/receptionist_robot_description' with build type 'ament_cmake'
[0.360s] INFO:colcon.colcon_cmake.task.cmake.build:Building CMake package in '/home/radxa/receptionist_robot_ws/src/receptionist_robot_description'
[0.364s] INFO:colcon.colcon_core.plugin_system:Skipping extension 'colcon_core.shell.bat': Not used on non-Windows systems
[0.364s] INFO:colcon.colcon_core.shell:Skip shell extension 'powershell' for command environment: Not usable outside of PowerShell
[0.364s] DEBUG:colcon.colcon_core.shell:Skip shell extension 'dsv' for command environment
[0.372s] INFO:colcon.colcon_ros.task.ament_cmake.build:Building ROS package in '/home/radxa/receptionist_robot_ws/src/sllidar_ros2' with build type 'ament_cmake'
[0.372s] INFO:colcon.colcon_cmake.task.cmake.build:Building CMake package in '/home/radxa/receptionist_robot_ws/src/sllidar_ros2'
[0.373s] INFO:colcon.colcon_core.shell:Skip shell extension 'powershell' for command environment: Not usable outside of PowerShell
[0.373s] DEBUG:colcon.colcon_core.shell:Skip shell extension 'dsv' for command environment
[0.380s] INFO:colcon.colcon_ros.task.ament_cmake.build:Building ROS package in '/home/radxa/receptionist_robot_ws/EDS_Bot' with build type 'ament_cmake'
[0.380s] INFO:colcon.colcon_cmake.task.cmake.build:Building CMake package in '/home/radxa/receptionist_robot_ws/EDS_Bot'
[0.380s] INFO:colcon.colcon_core.shell:Skip shell extension 'powershell' for command environment: Not usable outside of PowerShell
[0.380s] DEBUG:colcon.colcon_core.shell:Skip shell extension 'dsv' for command environment
[0.394s] DEBUG:colcon.colcon_core.event_handler.log_command:Invoking command in '/home/radxa/receptionist_robot_ws/build/receptionist_robot_description': CMAKE_PREFIX_PATH=${CMAKE_PREFIX_PATH}:/home/radxa/turtlebot3_ws/install/turtlebot3_teleop:/home/radxa/turtlebot3_ws/install/turtlebot3_example:/opt/ros/jazzy /usr/bin/cmake --build /home/radxa/receptionist_robot_ws/build/receptionist_robot_description -- -j8 -l8
[0.402s] DEBUG:colcon.colcon_core.event_handler.log_command:Invoking command in '/home/radxa/receptionist_robot_ws/build/sllidar_ros2': CMAKE_PREFIX_PATH=${CMAKE_PREFIX_PATH}:/home/radxa/turtlebot3_ws/install/turtlebot3_teleop:/home/radxa/turtlebot3_ws/install/turtlebot3_example:/opt/ros/jazzy /usr/bin/cmake --build /home/radxa/receptionist_robot_ws/build/sllidar_ros2 -- -j8 -l8
[0.409s] DEBUG:colcon.colcon_core.event_handler.log_command:Invoking command in '/home/radxa/receptionist_robot_ws/build/eds_bot': CMAKE_PREFIX_PATH=${CMAKE_PREFIX_PATH}:/home/radxa/turtlebot3_ws/install/turtlebot3_teleop:/home/radxa/turtlebot3_ws/install/turtlebot3_example:/opt/ros/jazzy /usr/bin/cmake --build /home/radxa/receptionist_robot_ws/build/eds_bot -- -j8 -l8
[0.521s] DEBUG:colcon.colcon_core.event_handler.log_command:Invoked command in '/home/radxa/receptionist_robot_ws/build/receptionist_robot_description' returned '0': CMAKE_PREFIX_PATH=${CMAKE_PREFIX_PATH}:/home/radxa/turtlebot3_ws/install/turtlebot3_teleop:/home/radxa/turtlebot3_ws/install/turtlebot3_example:/opt/ros/jazzy /usr/bin/cmake --build /home/radxa/receptionist_robot_ws/build/receptionist_robot_description -- -j8 -l8
[0.537s] DEBUG:colcon.colcon_core.event_handler.log_command:Invoking command in '/home/radxa/receptionist_robot_ws/build/receptionist_robot_description': CMAKE_PREFIX_PATH=${CMAKE_PREFIX_PATH}:/home/radxa/turtlebot3_ws/install/turtlebot3_teleop:/home/radxa/turtlebot3_ws/install/turtlebot3_example:/opt/ros/jazzy /usr/bin/cmake --install /home/radxa/receptionist_robot_ws/build/receptionist_robot_description
[0.541s] DEBUG:colcon.colcon_core.event_handler.log_command:Invoked command in '/home/radxa/receptionist_robot_ws/build/eds_bot' returned '0': CMAKE_PREFIX_PATH=${CMAKE_PREFIX_PATH}:/home/radxa/turtlebot3_ws/install/turtlebot3_teleop:/home/radxa/turtlebot3_ws/install/turtlebot3_example:/opt/ros/jazzy /usr/bin/cmake --build /home/radxa/receptionist_robot_ws/build/eds_bot -- -j8 -l8
[0.545s] DEBUG:colcon.colcon_core.event_handler.log_command:Invoking command in '/home/radxa/receptionist_robot_ws/build/eds_bot': CMAKE_PREFIX_PATH=${CMAKE_PREFIX_PATH}:/home/radxa/turtlebot3_ws/install/turtlebot3_teleop:/home/radxa/turtlebot3_ws/install/turtlebot3_example:/opt/ros/jazzy /usr/bin/cmake --install /home/radxa/receptionist_robot_ws/build/eds_bot
[0.598s] Level 1:colcon.colcon_core.environment:create_environment_scripts_only(receptionist_robot_description)
[0.621s] DEBUG:colcon.colcon_core.event_handler.log_command:Invoked command in '/home/radxa/receptionist_robot_ws/build/receptionist_robot_description' returned '0': CMAKE_PREFIX_PATH=${CMAKE_PREFIX_PATH}:/home/radxa/turtlebot3_ws/install/turtlebot3_teleop:/home/radxa/turtlebot3_ws/install/turtlebot3_example:/opt/ros/jazzy /usr/bin/cmake --install /home/radxa/receptionist_robot_ws/build/receptionist_robot_description
[0.626s] Level 1:colcon.colcon_core.environment:checking '/home/radxa/receptionist_robot_ws/install/receptionist_robot_description' for CMake module files
[0.630s] Level 1:colcon.colcon_core.environment:checking '/home/radxa/receptionist_robot_ws/install/receptionist_robot_description' for CMake config files
[0.631s] Level 1:colcon.colcon_core.shell:create_environment_hook('receptionist_robot_description', 'cmake_prefix_path')
[0.632s] INFO:colcon.colcon_core.shell:Creating environment hook '/home/radxa/receptionist_robot_ws/install/receptionist_robot_description/share/receptionist_robot_description/hook/cmake_prefix_path.ps1'
[0.635s] INFO:colcon.colcon_core.shell:Creating environment descriptor '/home/radxa/receptionist_robot_ws/install/receptionist_robot_description/share/receptionist_robot_description/hook/cmake_prefix_path.dsv'
[0.636s] INFO:colcon.colcon_core.shell:Creating environment hook '/home/radxa/receptionist_robot_ws/install/receptionist_robot_description/share/receptionist_robot_description/hook/cmake_prefix_path.sh'
[0.639s] Level 1:colcon.colcon_core.environment:checking '/home/radxa/receptionist_robot_ws/install/receptionist_robot_description/bin'
[0.639s] Level 1:colcon.colcon_core.environment:checking '/home/radxa/receptionist_robot_ws/install/receptionist_robot_description/lib/pkgconfig/receptionist_robot_description.pc'
[0.640s] Level 1:colcon.colcon_core.environment:checking '/home/radxa/receptionist_robot_ws/install/receptionist_robot_description/lib/python3.12/site-packages'
[0.642s] Level 1:colcon.colcon_core.environment:checking '/home/radxa/receptionist_robot_ws/install/receptionist_robot_description/bin'
[0.643s] INFO:colcon.colcon_core.shell:Creating package script '/home/radxa/receptionist_robot_ws/install/receptionist_robot_description/share/receptionist_robot_description/package.ps1'
[0.648s] INFO:colcon.colcon_core.shell:Creating package descriptor '/home/radxa/receptionist_robot_ws/install/receptionist_robot_description/share/receptionist_robot_description/package.dsv'
[0.650s] INFO:colcon.colcon_core.shell:Creating package script '/home/radxa/receptionist_robot_ws/install/receptionist_robot_description/share/receptionist_robot_description/package.sh'
[0.653s] INFO:colcon.colcon_core.shell:Creating package script '/home/radxa/receptionist_robot_ws/install/receptionist_robot_description/share/receptionist_robot_description/package.bash'
[0.655s] INFO:colcon.colcon_core.shell:Creating package script '/home/radxa/receptionist_robot_ws/install/receptionist_robot_description/share/receptionist_robot_description/package.zsh'
[0.657s] Level 1:colcon.colcon_core.environment:create_file_with_runtime_dependencies(/home/radxa/receptionist_robot_ws/install/receptionist_robot_description/share/colcon-core/packages/receptionist_robot_description)
[0.660s] Level 1:colcon.colcon_core.environment:create_environment_scripts_only(receptionist_robot_description)
[0.660s] Level 1:colcon.colcon_core.environment:checking '/home/radxa/receptionist_robot_ws/install/receptionist_robot_description' for CMake module files
[0.664s] Level 1:colcon.colcon_core.environment:checking '/home/radxa/receptionist_robot_ws/install/receptionist_robot_description' for CMake config files
[0.665s] Level 1:colcon.colcon_core.shell:create_environment_hook('receptionist_robot_description', 'cmake_prefix_path')
[0.666s] INFO:colcon.colcon_core.shell:Creating environment hook '/home/radxa/receptionist_robot_ws/install/receptionist_robot_description/share/receptionist_robot_description/hook/cmake_prefix_path.ps1'
[0.667s] INFO:colcon.colcon_core.shell:Creating environment descriptor '/home/radxa/receptionist_robot_ws/install/receptionist_robot_description/share/receptionist_robot_description/hook/cmake_prefix_path.dsv'
[0.669s] INFO:colcon.colcon_core.shell:Creating environment hook '/home/radxa/receptionist_robot_ws/install/receptionist_robot_description/share/receptionist_robot_description/hook/cmake_prefix_path.sh'
[0.672s] Level 1:colcon.colcon_core.environment:checking '/home/radxa/receptionist_robot_ws/install/receptionist_robot_description/bin'
[0.673s] Level 1:colcon.colcon_core.environment:checking '/home/radxa/receptionist_robot_ws/install/receptionist_robot_description/lib/pkgconfig/receptionist_robot_description.pc'
[0.674s] Level 1:colcon.colcon_core.environment:checking '/home/radxa/receptionist_robot_ws/install/receptionist_robot_description/lib/python3.12/site-packages'
[0.676s] Level 1:colcon.colcon_core.environment:checking '/home/radxa/receptionist_robot_ws/install/receptionist_robot_description/bin'
[0.677s] INFO:colcon.colcon_core.shell:Creating package script '/home/radxa/receptionist_robot_ws/install/receptionist_robot_description/share/receptionist_robot_description/package.ps1'
[0.680s] INFO:colcon.colcon_core.shell:Creating package descriptor '/home/radxa/receptionist_robot_ws/install/receptionist_robot_description/share/receptionist_robot_description/package.dsv'
[0.682s] INFO:colcon.colcon_core.shell:Creating package script '/home/radxa/receptionist_robot_ws/install/receptionist_robot_description/share/receptionist_robot_description/package.sh'
[0.684s] INFO:colcon.colcon_core.shell:Creating package script '/home/radxa/receptionist_robot_ws/install/receptionist_robot_description/share/receptionist_robot_description/package.bash'
[0.687s] INFO:colcon.colcon_core.shell:Creating package script '/home/radxa/receptionist_robot_ws/install/receptionist_robot_description/share/receptionist_robot_description/package.zsh'
[0.688s] Level 1:colcon.colcon_core.environment:create_file_with_runtime_dependencies(/home/radxa/receptionist_robot_ws/install/receptionist_robot_description/share/colcon-core/packages/receptionist_robot_description)
[0.696s] DEBUG:colcon.colcon_core.event_handler.log_command:Invoked command in '/home/radxa/receptionist_robot_ws/build/sllidar_ros2' returned '0': CMAKE_PREFIX_PATH=${CMAKE_PREFIX_PATH}:/home/radxa/turtlebot3_ws/install/turtlebot3_teleop:/home/radxa/turtlebot3_ws/install/turtlebot3_example:/opt/ros/jazzy /usr/bin/cmake --build /home/radxa/receptionist_robot_ws/build/sllidar_ros2 -- -j8 -l8
[0.700s] DEBUG:colcon.colcon_core.event_handler.log_command:Invoking command in '/home/radxa/receptionist_robot_ws/build/sllidar_ros2': CMAKE_PREFIX_PATH=${CMAKE_PREFIX_PATH}:/home/radxa/turtlebot3_ws/install/turtlebot3_teleop:/home/radxa/turtlebot3_ws/install/turtlebot3_example:/opt/ros/jazzy /usr/bin/cmake --install /home/radxa/receptionist_robot_ws/build/sllidar_ros2
[0.701s] Level 1:colcon.colcon_core.environment:create_environment_scripts_only(eds_bot)
[0.703s] Level 1:colcon.colcon_core.environment:checking '/home/radxa/receptionist_robot_ws/install/eds_bot' for CMake module files
[0.704s] DEBUG:colcon.colcon_core.event_handler.log_command:Invoked command in '/home/radxa/receptionist_robot_ws/build/eds_bot' returned '0': CMAKE_PREFIX_PATH=${CMAKE_PREFIX_PATH}:/home/radxa/turtlebot3_ws/install/turtlebot3_teleop:/home/radxa/turtlebot3_ws/install/turtlebot3_example:/opt/ros/jazzy /usr/bin/cmake --install /home/radxa/receptionist_robot_ws/build/eds_bot
[0.707s] Level 1:colcon.colcon_core.environment:checking '/home/radxa/receptionist_robot_ws/install/eds_bot' for CMake config files
[0.709s] Level 1:colcon.colcon_core.shell:create_environment_hook('eds_bot', 'cmake_prefix_path')
[0.711s] INFO:colcon.colcon_core.shell:Creating environment hook '/home/radxa/receptionist_robot_ws/install/eds_bot/share/eds_bot/hook/cmake_prefix_path.ps1'
[0.713s] INFO:colcon.colcon_core.shell:Creating environment descriptor '/home/radxa/receptionist_robot_ws/install/eds_bot/share/eds_bot/hook/cmake_prefix_path.dsv'
[0.716s] INFO:colcon.colcon_core.shell:Creating environment hook '/home/radxa/receptionist_robot_ws/install/eds_bot/share/eds_bot/hook/cmake_prefix_path.sh'
[0.719s] Level 1:colcon.colcon_core.environment:checking '/home/radxa/receptionist_robot_ws/install/eds_bot/bin'
[0.719s] Level 1:colcon.colcon_core.environment:checking '/home/radxa/receptionist_robot_ws/install/eds_bot/lib/pkgconfig/eds_bot.pc'
[0.720s] Level 1:colcon.colcon_core.environment:checking '/home/radxa/receptionist_robot_ws/install/eds_bot/lib/python3.12/site-packages'
[0.722s] Level 1:colcon.colcon_core.environment:checking '/home/radxa/receptionist_robot_ws/install/eds_bot/bin'
[0.723s] INFO:colcon.colcon_core.shell:Creating package script '/home/radxa/receptionist_robot_ws/install/eds_bot/share/eds_bot/package.ps1'
[0.726s] INFO:colcon.colcon_core.shell:Creating package descriptor '/home/radxa/receptionist_robot_ws/install/eds_bot/share/eds_bot/package.dsv'
[0.728s] INFO:colcon.colcon_core.shell:Creating package script '/home/radxa/receptionist_robot_ws/install/eds_bot/share/eds_bot/package.sh'
[0.730s] INFO:colcon.colcon_core.shell:Creating package script '/home/radxa/receptionist_robot_ws/install/eds_bot/share/eds_bot/package.bash'
[0.732s] INFO:colcon.colcon_core.shell:Creating package script '/home/radxa/receptionist_robot_ws/install/eds_bot/share/eds_bot/package.zsh'
[0.734s] Level 1:colcon.colcon_core.environment:create_file_with_runtime_dependencies(/home/radxa/receptionist_robot_ws/install/eds_bot/share/colcon-core/packages/eds_bot)
[0.736s] Level 1:colcon.colcon_core.environment:create_environment_scripts_only(eds_bot)
[0.737s] Level 1:colcon.colcon_core.environment:checking '/home/radxa/receptionist_robot_ws/install/eds_bot' for CMake module files
[0.740s] Level 1:colcon.colcon_core.environment:checking '/home/radxa/receptionist_robot_ws/install/eds_bot' for CMake config files
[0.742s] Level 1:colcon.colcon_core.shell:create_environment_hook('eds_bot', 'cmake_prefix_path')
[0.743s] INFO:colcon.colcon_core.shell:Creating environment hook '/home/radxa/receptionist_robot_ws/install/eds_bot/share/eds_bot/hook/cmake_prefix_path.ps1'
[0.744s] INFO:colcon.colcon_core.shell:Creating environment descriptor '/home/radxa/receptionist_robot_ws/install/eds_bot/share/eds_bot/hook/cmake_prefix_path.dsv'
[0.746s] INFO:colcon.colcon_core.shell:Creating environment hook '/home/radxa/receptionist_robot_ws/install/eds_bot/share/eds_bot/hook/cmake_prefix_path.sh'
[0.748s] Level 1:colcon.colcon_core.environment:checking '/home/radxa/receptionist_robot_ws/install/eds_bot/bin'
[0.748s] Level 1:colcon.colcon_core.environment:checking '/home/radxa/receptionist_robot_ws/install/eds_bot/lib/pkgconfig/eds_bot.pc'
[0.749s] Level 1:colcon.colcon_core.environment:checking '/home/radxa/receptionist_robot_ws/install/eds_bot/lib/python3.12/site-packages'
[0.749s] Level 1:colcon.colcon_core.environment:checking '/home/radxa/receptionist_robot_ws/install/eds_bot/bin'
[0.750s] INFO:colcon.colcon_core.shell:Creating package script '/home/radxa/receptionist_robot_ws/install/eds_bot/share/eds_bot/package.ps1'
[0.752s] INFO:colcon.colcon_core.shell:Creating package descriptor '/home/radxa/receptionist_robot_ws/install/eds_bot/share/eds_bot/package.dsv'
[0.753s] INFO:colcon.colcon_core.shell:Creating package script '/home/radxa/receptionist_robot_ws/install/eds_bot/share/eds_bot/package.sh'
[0.754s] INFO:colcon.colcon_core.shell:Creating package script '/home/radxa/receptionist_robot_ws/install/eds_bot/share/eds_bot/package.bash'
[0.755s] INFO:colcon.colcon_core.shell:Creating package script '/home/radxa/receptionist_robot_ws/install/eds_bot/share/eds_bot/package.zsh'
[0.756s] Level 1:colcon.colcon_core.environment:create_file_with_runtime_dependencies(/home/radxa/receptionist_robot_ws/install/eds_bot/share/colcon-core/packages/eds_bot)
[0.763s] Level 1:colcon.colcon_core.environment:create_environment_scripts_only(sllidar_ros2)
[0.764s] Level 1:colcon.colcon_core.environment:checking '/home/radxa/receptionist_robot_ws/install/sllidar_ros2' for CMake module files
[0.772s] Level 1:colcon.colcon_core.environment:checking '/home/radxa/receptionist_robot_ws/install/sllidar_ros2' for CMake config files
[0.777s] Level 1:colcon.colcon_core.shell:create_environment_hook('sllidar_ros2', 'cmake_prefix_path')
[0.779s] INFO:colcon.colcon_core.shell:Creating environment hook '/home/radxa/receptionist_robot_ws/install/sllidar_ros2/share/sllidar_ros2/hook/cmake_prefix_path.ps1'
[0.782s] INFO:colcon.colcon_core.shell:Creating environment descriptor '/home/radxa/receptionist_robot_ws/install/sllidar_ros2/share/sllidar_ros2/hook/cmake_prefix_path.dsv'
[0.784s] INFO:colcon.colcon_core.shell:Creating environment hook '/home/radxa/receptionist_robot_ws/install/sllidar_ros2/share/sllidar_ros2/hook/cmake_prefix_path.sh'
[0.788s] Level 1:colcon.colcon_core.environment:checking '/home/radxa/receptionist_robot_ws/install/sllidar_ros2/lib'
[0.789s] Level 1:colcon.colcon_core.environment:checking '/home/radxa/receptionist_robot_ws/install/sllidar_ros2/bin'
[0.789s] Level 1:colcon.colcon_core.environment:checking '/home/radxa/receptionist_robot_ws/install/sllidar_ros2/lib/pkgconfig/sllidar_ros2.pc'
[0.791s] Level 1:colcon.colcon_core.environment:checking '/home/radxa/receptionist_robot_ws/install/sllidar_ros2/lib/python3.12/site-packages'
[0.792s] Level 1:colcon.colcon_core.environment:checking '/home/radxa/receptionist_robot_ws/install/sllidar_ros2/bin'
[0.793s] INFO:colcon.colcon_core.shell:Creating package script '/home/radxa/receptionist_robot_ws/install/sllidar_ros2/share/sllidar_ros2/package.ps1'
[0.797s] INFO:colcon.colcon_core.shell:Creating package descriptor '/home/radxa/receptionist_robot_ws/install/sllidar_ros2/share/sllidar_ros2/package.dsv'
[0.800s] INFO:colcon.colcon_core.shell:Creating package script '/home/radxa/receptionist_robot_ws/install/sllidar_ros2/share/sllidar_ros2/package.sh'
[0.802s] INFO:colcon.colcon_core.shell:Creating package script '/home/radxa/receptionist_robot_ws/install/sllidar_ros2/share/sllidar_ros2/package.bash'
[0.805s] INFO:colcon.colcon_core.shell:Creating package script '/home/radxa/receptionist_robot_ws/install/sllidar_ros2/share/sllidar_ros2/package.zsh'
[0.807s] Level 1:colcon.colcon_core.environment:create_file_with_runtime_dependencies(/home/radxa/receptionist_robot_ws/install/sllidar_ros2/share/colcon-core/packages/sllidar_ros2)
[0.810s] DEBUG:colcon.colcon_core.event_handler.log_command:Invoked command in '/home/radxa/receptionist_robot_ws/build/sllidar_ros2' returned '0': CMAKE_PREFIX_PATH=${CMAKE_PREFIX_PATH}:/home/radxa/turtlebot3_ws/install/turtlebot3_teleop:/home/radxa/turtlebot3_ws/install/turtlebot3_example:/opt/ros/jazzy /usr/bin/cmake --install /home/radxa/receptionist_robot_ws/build/sllidar_ros2
[0.811s] Level 1:colcon.colcon_core.environment:create_environment_scripts_only(sllidar_ros2)
[0.812s] Level 1:colcon.colcon_core.environment:checking '/home/radxa/receptionist_robot_ws/install/sllidar_ros2' for CMake module files
[0.815s] Level 1:colcon.colcon_core.environment:checking '/home/radxa/receptionist_robot_ws/install/sllidar_ros2' for CMake config files
[0.816s] Level 1:colcon.colcon_core.shell:create_environment_hook('sllidar_ros2', 'cmake_prefix_path')
[0.816s] INFO:colcon.colcon_core.shell:Creating environment hook '/home/radxa/receptionist_robot_ws/install/sllidar_ros2/share/sllidar_ros2/hook/cmake_prefix_path.ps1'
[0.818s] INFO:colcon.colcon_core.shell:Creating environment descriptor '/home/radxa/receptionist_robot_ws/install/sllidar_ros2/share/sllidar_ros2/hook/cmake_prefix_path.dsv'
[0.819s] INFO:colcon.colcon_core.shell:Creating environment hook '/home/radxa/receptionist_robot_ws/install/sllidar_ros2/share/sllidar_ros2/hook/cmake_prefix_path.sh'
[0.823s] Level 1:colcon.colcon_core.environment:checking '/home/radxa/receptionist_robot_ws/install/sllidar_ros2/lib'
[0.823s] Level 1:colcon.colcon_core.environment:checking '/home/radxa/receptionist_robot_ws/install/sllidar_ros2/bin'
[0.823s] Level 1:colcon.colcon_core.environment:checking '/home/radxa/receptionist_robot_ws/install/sllidar_ros2/lib/pkgconfig/sllidar_ros2.pc'
[0.824s] Level 1:colcon.colcon_core.environment:checking '/home/radxa/receptionist_robot_ws/install/sllidar_ros2/lib/python3.12/site-packages'
[0.826s] Level 1:colcon.colcon_core.environment:checking '/home/radxa/receptionist_robot_ws/install/sllidar_ros2/bin'
[0.827s] INFO:colcon.colcon_core.shell:Creating package script '/home/radxa/receptionist_robot_ws/install/sllidar_ros2/share/sllidar_ros2/package.ps1'
[0.830s] INFO:colcon.colcon_core.shell:Creating package descriptor '/home/radxa/receptionist_robot_ws/install/sllidar_ros2/share/sllidar_ros2/package.dsv'
[0.831s] INFO:colcon.colcon_core.shell:Creating package script '/home/radxa/receptionist_robot_ws/install/sllidar_ros2/share/sllidar_ros2/package.sh'
[0.833s] INFO:colcon.colcon_core.shell:Creating package script '/home/radxa/receptionist_robot_ws/install/sllidar_ros2/share/sllidar_ros2/package.bash'
[0.835s] INFO:colcon.colcon_core.shell:Creating package script '/home/radxa/receptionist_robot_ws/install/sllidar_ros2/share/sllidar_ros2/package.zsh'
[0.837s] Level 1:colcon.colcon_core.environment:create_file_with_runtime_dependencies(/home/radxa/receptionist_robot_ws/install/sllidar_ros2/share/colcon-core/packages/sllidar_ros2)
[0.839s] INFO:colcon.colcon_ros.task.ament_cmake.build:Building ROS package in '/home/radxa/receptionist_robot_ws/src/receptionist_robot_bringup' with build type 'ament_cmake'
[0.840s] INFO:colcon.colcon_cmake.task.cmake.build:Building CMake package in '/home/radxa/receptionist_robot_ws/src/receptionist_robot_bringup'
[0.841s] INFO:colcon.colcon_core.shell:Skip shell extension 'powershell' for command environment: Not usable outside of PowerShell
[0.842s] DEBUG:colcon.colcon_core.shell:Skip shell extension 'dsv' for command environment
[0.867s] DEBUG:colcon.colcon_core.event_handler.log_command:Invoking command in '/home/radxa/receptionist_robot_ws/build/receptionist_robot_bringup': CMAKE_PREFIX_PATH=/home/radxa/receptionist_robot_ws/install/sllidar_ros2:/home/radxa/receptionist_robot_ws/install/receptionist_robot_description:/home/radxa/receptionist_robot_ws/install/receptionist_robot_bringup:/home/radxa/receptionist_robot_ws/install/eds_bot:/home/radxa/turtlebot3_ws/install/turtlebot3:/home/radxa/turtlebot3_ws/install/turtlebot3_bringup:/home/radxa/turtlebot3_ws/install/turtlebot3_node:/home/radxa/turtlebot3_ws/install/turtlebot3_navigation2:/home/radxa/turtlebot3_ws/install/turtlebot3_msgs:/home/radxa/turtlebot3_ws/install/turtlebot3_description:/home/radxa/turtlebot3_ws/install/turtlebot3_cartographer:/home/radxa/turtlebot3_ws/install/sllidar_ros2:/home/radxa/turtlebot3_ws/install/hclidar_driver_ros2:/home/radxa/turtlebot3_ws/install/dynamixel_sdk_examples:/home/radxa/turtlebot3_ws/install/dynamixel_sdk_custom_interfaces:/home/radxa/turtlebot3_ws/install/dynamixel_sdk:/home/radxa/microros_ws/install/micro_ros_agent:/home/radxa/microros_ws/install/micro_ros_msgs:/opt/ros/jazzy/opt/gz_sim_vendor:/opt/ros/jazzy/opt/gz_sensors_vendor:/opt/ros/jazzy/opt/gz_physics_vendor:/opt/ros/jazzy/opt/sdformat_vendor:/opt/ros/jazzy/opt/gz_gui_vendor:/opt/ros/jazzy/opt/gz_transport_vendor:/opt/ros/jazzy/opt/gz_rendering_vendor:/opt/ros/jazzy/opt/gz_plugin_vendor:/opt/ros/jazzy/opt/gz_fuel_tools_vendor:/opt/ros/jazzy/opt/gz_msgs_vendor:/opt/ros/jazzy/opt/gz_common_vendor:/opt/ros/jazzy/opt/gz_math_vendor:/opt/ros/jazzy/opt/gz_utils_vendor:/opt/ros/jazzy/opt/gz_tools_vendor:/opt/ros/jazzy/opt/gz_ogre_next_vendor:/opt/ros/jazzy/opt/gz_dartsim_vendor:/opt/ros/jazzy/opt/gz_cmake_vendor:/home/radxa/turtlebot3_ws/install/turtlebot3_teleop:/home/radxa/turtlebot3_ws/install/turtlebot3_example:/opt/ros/jazzy /usr/bin/cmake --build /home/radxa/receptionist_robot_ws/build/receptionist_robot_bringup -- -j8 -l8
[0.976s] DEBUG:colcon.colcon_core.event_handler.log_command:Invoked command in '/home/radxa/receptionist_robot_ws/build/receptionist_robot_bringup' returned '0': CMAKE_PREFIX_PATH=/home/radxa/receptionist_robot_ws/install/sllidar_ros2:/home/radxa/receptionist_robot_ws/install/receptionist_robot_description:/home/radxa/receptionist_robot_ws/install/receptionist_robot_bringup:/home/radxa/receptionist_robot_ws/install/eds_bot:/home/radxa/turtlebot3_ws/install/turtlebot3:/home/radxa/turtlebot3_ws/install/turtlebot3_bringup:/home/radxa/turtlebot3_ws/install/turtlebot3_node:/home/radxa/turtlebot3_ws/install/turtlebot3_navigation2:/home/radxa/turtlebot3_ws/install/turtlebot3_msgs:/home/radxa/turtlebot3_ws/install/turtlebot3_description:/home/radxa/turtlebot3_ws/install/turtlebot3_cartographer:/home/radxa/turtlebot3_ws/install/sllidar_ros2:/home/radxa/turtlebot3_ws/install/hclidar_driver_ros2:/home/radxa/turtlebot3_ws/install/dynamixel_sdk_examples:/home/radxa/turtlebot3_ws/install/dynamixel_sdk_custom_interfaces:/home/radxa/turtlebot3_ws/install/dynamixel_sdk:/home/radxa/microros_ws/install/micro_ros_agent:/home/radxa/microros_ws/install/micro_ros_msgs:/opt/ros/jazzy/opt/gz_sim_vendor:/opt/ros/jazzy/opt/gz_sensors_vendor:/opt/ros/jazzy/opt/gz_physics_vendor:/opt/ros/jazzy/opt/sdformat_vendor:/opt/ros/jazzy/opt/gz_gui_vendor:/opt/ros/jazzy/opt/gz_transport_vendor:/opt/ros/jazzy/opt/gz_rendering_vendor:/opt/ros/jazzy/opt/gz_plugin_vendor:/opt/ros/jazzy/opt/gz_fuel_tools_vendor:/opt/ros/jazzy/opt/gz_msgs_vendor:/opt/ros/jazzy/opt/gz_common_vendor:/opt/ros/jazzy/opt/gz_math_vendor:/opt/ros/jazzy/opt/gz_utils_vendor:/opt/ros/jazzy/opt/gz_tools_vendor:/opt/ros/jazzy/opt/gz_ogre_next_vendor:/opt/ros/jazzy/opt/gz_dartsim_vendor:/opt/ros/jazzy/opt/gz_cmake_vendor:/home/radxa/turtlebot3_ws/install/turtlebot3_teleop:/home/radxa/turtlebot3_ws/install/turtlebot3_example:/opt/ros/jazzy /usr/bin/cmake --build /home/radxa/receptionist_robot_ws/build/receptionist_robot_bringup -- -j8 -l8
[0.982s] DEBUG:colcon.colcon_core.event_handler.log_command:Invoking command in '/home/radxa/receptionist_robot_ws/build/receptionist_robot_bringup': CMAKE_PREFIX_PATH=/home/radxa/receptionist_robot_ws/install/sllidar_ros2:/home/radxa/receptionist_robot_ws/install/receptionist_robot_description:/home/radxa/receptionist_robot_ws/install/receptionist_robot_bringup:/home/radxa/receptionist_robot_ws/install/eds_bot:/home/radxa/turtlebot3_ws/install/turtlebot3:/home/radxa/turtlebot3_ws/install/turtlebot3_bringup:/home/radxa/turtlebot3_ws/install/turtlebot3_node:/home/radxa/turtlebot3_ws/install/turtlebot3_navigation2:/home/radxa/turtlebot3_ws/install/turtlebot3_msgs:/home/radxa/turtlebot3_ws/install/turtlebot3_description:/home/radxa/turtlebot3_ws/install/turtlebot3_cartographer:/home/radxa/turtlebot3_ws/install/sllidar_ros2:/home/radxa/turtlebot3_ws/install/hclidar_driver_ros2:/home/radxa/turtlebot3_ws/install/dynamixel_sdk_examples:/home/radxa/turtlebot3_ws/install/dynamixel_sdk_custom_interfaces:/home/radxa/turtlebot3_ws/install/dynamixel_sdk:/home/radxa/microros_ws/install/micro_ros_agent:/home/radxa/microros_ws/install/micro_ros_msgs:/opt/ros/jazzy/opt/gz_sim_vendor:/opt/ros/jazzy/opt/gz_sensors_vendor:/opt/ros/jazzy/opt/gz_physics_vendor:/opt/ros/jazzy/opt/sdformat_vendor:/opt/ros/jazzy/opt/gz_gui_vendor:/opt/ros/jazzy/opt/gz_transport_vendor:/opt/ros/jazzy/opt/gz_rendering_vendor:/opt/ros/jazzy/opt/gz_plugin_vendor:/opt/ros/jazzy/opt/gz_fuel_tools_vendor:/opt/ros/jazzy/opt/gz_msgs_vendor:/opt/ros/jazzy/opt/gz_common_vendor:/opt/ros/jazzy/opt/gz_math_vendor:/opt/ros/jazzy/opt/gz_utils_vendor:/opt/ros/jazzy/opt/gz_tools_vendor:/opt/ros/jazzy/opt/gz_ogre_next_vendor:/opt/ros/jazzy/opt/gz_dartsim_vendor:/opt/ros/jazzy/opt/gz_cmake_vendor:/home/radxa/turtlebot3_ws/install/turtlebot3_teleop:/home/radxa/turtlebot3_ws/install/turtlebot3_example:/opt/ros/jazzy /usr/bin/cmake --install /home/radxa/receptionist_robot_ws/build/receptionist_robot_bringup
[1.018s] Level 1:colcon.colcon_core.environment:create_environment_scripts_only(receptionist_robot_bringup)
[1.019s] Level 1:colcon.colcon_core.environment:checking '/home/radxa/receptionist_robot_ws/install/receptionist_robot_bringup' for CMake module files
[1.021s] DEBUG:colcon.colcon_core.event_handler.log_command:Invoked command in '/home/radxa/receptionist_robot_ws/build/receptionist_robot_bringup' returned '0': CMAKE_PREFIX_PATH=/home/radxa/receptionist_robot_ws/install/sllidar_ros2:/home/radxa/receptionist_robot_ws/install/receptionist_robot_description:/home/radxa/receptionist_robot_ws/install/receptionist_robot_bringup:/home/radxa/receptionist_robot_ws/install/eds_bot:/home/radxa/turtlebot3_ws/install/turtlebot3:/home/radxa/turtlebot3_ws/install/turtlebot3_bringup:/home/radxa/turtlebot3_ws/install/turtlebot3_node:/home/radxa/turtlebot3_ws/install/turtlebot3_navigation2:/home/radxa/turtlebot3_ws/install/turtlebot3_msgs:/home/radxa/turtlebot3_ws/install/turtlebot3_description:/home/radxa/turtlebot3_ws/install/turtlebot3_cartographer:/home/radxa/turtlebot3_ws/install/sllidar_ros2:/home/radxa/turtlebot3_ws/install/hclidar_driver_ros2:/home/radxa/turtlebot3_ws/install/dynamixel_sdk_examples:/home/radxa/turtlebot3_ws/install/dynamixel_sdk_custom_interfaces:/home/radxa/turtlebot3_ws/install/dynamixel_sdk:/home/radxa/microros_ws/install/micro_ros_agent:/home/radxa/microros_ws/install/micro_ros_msgs:/opt/ros/jazzy/opt/gz_sim_vendor:/opt/ros/jazzy/opt/gz_sensors_vendor:/opt/ros/jazzy/opt/gz_physics_vendor:/opt/ros/jazzy/opt/sdformat_vendor:/opt/ros/jazzy/opt/gz_gui_vendor:/opt/ros/jazzy/opt/gz_transport_vendor:/opt/ros/jazzy/opt/gz_rendering_vendor:/opt/ros/jazzy/opt/gz_plugin_vendor:/opt/ros/jazzy/opt/gz_fuel_tools_vendor:/opt/ros/jazzy/opt/gz_msgs_vendor:/opt/ros/jazzy/opt/gz_common_vendor:/opt/ros/jazzy/opt/gz_math_vendor:/opt/ros/jazzy/opt/gz_utils_vendor:/opt/ros/jazzy/opt/gz_tools_vendor:/opt/ros/jazzy/opt/gz_ogre_next_vendor:/opt/ros/jazzy/opt/gz_dartsim_vendor:/opt/ros/jazzy/opt/gz_cmake_vendor:/home/radxa/turtlebot3_ws/install/turtlebot3_teleop:/home/radxa/turtlebot3_ws/install/turtlebot3_example:/opt/ros/jazzy /usr/bin/cmake --install /home/radxa/receptionist_robot_ws/build/receptionist_robot_bringup
[1.024s] Level 1:colcon.colcon_core.environment:checking '/home/radxa/receptionist_robot_ws/install/receptionist_robot_bringup' for CMake config files
[1.026s] Level 1:colcon.colcon_core.shell:create_environment_hook('receptionist_robot_bringup', 'cmake_prefix_path')
[1.027s] INFO:colcon.colcon_core.shell:Creating environment hook '/home/radxa/receptionist_robot_ws/install/receptionist_robot_bringup/share/receptionist_robot_bringup/hook/cmake_prefix_path.ps1'
[1.029s] INFO:colcon.colcon_core.shell:Creating environment descriptor '/home/radxa/receptionist_robot_ws/install/receptionist_robot_bringup/share/receptionist_robot_bringup/hook/cmake_prefix_path.dsv'
[1.031s] INFO:colcon.colcon_core.shell:Creating environment hook '/home/radxa/receptionist_robot_ws/install/receptionist_robot_bringup/share/receptionist_robot_bringup/hook/cmake_prefix_path.sh'
[1.033s] Level 1:colcon.colcon_core.environment:checking '/home/radxa/receptionist_robot_ws/install/receptionist_robot_bringup/bin'
[1.034s] Level 1:colcon.colcon_core.environment:checking '/home/radxa/receptionist_robot_ws/install/receptionist_robot_bringup/lib/pkgconfig/receptionist_robot_bringup.pc'
[1.035s] Level 1:colcon.colcon_core.environment:checking '/home/radxa/receptionist_robot_ws/install/receptionist_robot_bringup/lib/python3.12/site-packages'
[1.038s] Level 1:colcon.colcon_core.environment:checking '/home/radxa/receptionist_robot_ws/install/receptionist_robot_bringup/bin'
[1.040s] INFO:colcon.colcon_core.shell:Creating package script '/home/radxa/receptionist_robot_ws/install/receptionist_robot_bringup/share/receptionist_robot_bringup/package.ps1'
[1.044s] INFO:colcon.colcon_core.shell:Creating package descriptor '/home/radxa/receptionist_robot_ws/install/receptionist_robot_bringup/share/receptionist_robot_bringup/package.dsv'
[1.046s] INFO:colcon.colcon_core.shell:Creating package script '/home/radxa/receptionist_robot_ws/install/receptionist_robot_bringup/share/receptionist_robot_bringup/package.sh'
[1.048s] INFO:colcon.colcon_core.shell:Creating package script '/home/radxa/receptionist_robot_ws/install/receptionist_robot_bringup/share/receptionist_robot_bringup/package.bash'
[1.050s] INFO:colcon.colcon_core.shell:Creating package script '/home/radxa/receptionist_robot_ws/install/receptionist_robot_bringup/share/receptionist_robot_bringup/package.zsh'
[1.052s] Level 1:colcon.colcon_core.environment:create_file_with_runtime_dependencies(/home/radxa/receptionist_robot_ws/install/receptionist_robot_bringup/share/colcon-core/packages/receptionist_robot_bringup)
[1.055s] Level 1:colcon.colcon_core.environment:create_environment_scripts_only(receptionist_robot_bringup)
[1.055s] Level 1:colcon.colcon_core.environment:checking '/home/radxa/receptionist_robot_ws/install/receptionist_robot_bringup' for CMake module files
[1.059s] Level 1:colcon.colcon_core.environment:checking '/home/radxa/receptionist_robot_ws/install/receptionist_robot_bringup' for CMake config files
[1.061s] Level 1:colcon.colcon_core.shell:create_environment_hook('receptionist_robot_bringup', 'cmake_prefix_path')
[1.062s] INFO:colcon.colcon_core.shell:Creating environment hook '/home/radxa/receptionist_robot_ws/install/receptionist_robot_bringup/share/receptionist_robot_bringup/hook/cmake_prefix_path.ps1'
[1.064s] INFO:colcon.colcon_core.shell:Creating environment descriptor '/home/radxa/receptionist_robot_ws/install/receptionist_robot_bringup/share/receptionist_robot_bringup/hook/cmake_prefix_path.dsv'
[1.065s] INFO:colcon.colcon_core.shell:Creating environment hook '/home/radxa/receptionist_robot_ws/install/receptionist_robot_bringup/share/receptionist_robot_bringup/hook/cmake_prefix_path.sh'
[1.068s] Level 1:colcon.colcon_core.environment:checking '/home/radxa/receptionist_robot_ws/install/receptionist_robot_bringup/bin'
[1.068s] Level 1:colcon.colcon_core.environment:checking '/home/radxa/receptionist_robot_ws/install/receptionist_robot_bringup/lib/pkgconfig/receptionist_robot_bringup.pc'
[1.070s] Level 1:colcon.colcon_core.environment:checking '/home/radxa/receptionist_robot_ws/install/receptionist_robot_bringup/lib/python3.12/site-packages'
[1.073s] Level 1:colcon.colcon_core.environment:checking '/home/radxa/receptionist_robot_ws/install/receptionist_robot_bringup/bin'
[1.074s] INFO:colcon.colcon_core.shell:Creating package script '/home/radxa/receptionist_robot_ws/install/receptionist_robot_bringup/share/receptionist_robot_bringup/package.ps1'
[1.077s] INFO:colcon.colcon_core.shell:Creating package descriptor '/home/radxa/receptionist_robot_ws/install/receptionist_robot_bringup/share/receptionist_robot_bringup/package.dsv'
[1.080s] INFO:colcon.colcon_core.shell:Creating package script '/home/radxa/receptionist_robot_ws/install/receptionist_robot_bringup/share/receptionist_robot_bringup/package.sh'
[1.082s] INFO:colcon.colcon_core.shell:Creating package script '/home/radxa/receptionist_robot_ws/install/receptionist_robot_bringup/share/receptionist_robot_bringup/package.bash'
[1.084s] INFO:colcon.colcon_core.shell:Creating package script '/home/radxa/receptionist_robot_ws/install/receptionist_robot_bringup/share/receptionist_robot_bringup/package.zsh'
[1.086s] Level 1:colcon.colcon_core.environment:create_file_with_runtime_dependencies(/home/radxa/receptionist_robot_ws/install/receptionist_robot_bringup/share/colcon-core/packages/receptionist_robot_bringup)
[1.088s] DEBUG:colcon.colcon_parallel_executor.executor.parallel:closing loop
[1.090s] DEBUG:colcon.colcon_parallel_executor.executor.parallel:loop closed
[1.091s] DEBUG:colcon.colcon_parallel_executor.executor.parallel:run_until_complete finished with '0'
[1.091s] DEBUG:colcon.colcon_core.event_reactor:joining thread
[1.094s] DEBUG:colcon.colcon_core.event_reactor:joined thread
[1.096s] INFO:colcon.colcon_core.shell:Creating prefix script '/home/radxa/receptionist_robot_ws/install/local_setup.ps1'
[1.100s] INFO:colcon.colcon_core.shell:Creating prefix util module '/home/radxa/receptionist_robot_ws/install/_local_setup_util_ps1.py'
[1.105s] INFO:colcon.colcon_core.shell:Creating prefix chain script '/home/radxa/receptionist_robot_ws/install/setup.ps1'
[1.115s] INFO:colcon.colcon_core.shell:Creating prefix script '/home/radxa/receptionist_robot_ws/install/local_setup.sh'
[1.117s] INFO:colcon.colcon_core.shell:Creating prefix util module '/home/radxa/receptionist_robot_ws/install/_local_setup_util_sh.py'
[1.119s] INFO:colcon.colcon_core.shell:Creating prefix chain script '/home/radxa/receptionist_robot_ws/install/setup.sh'
[1.124s] INFO:colcon.colcon_core.shell:Creating prefix script '/home/radxa/receptionist_robot_ws/install/local_setup.bash'
[1.127s] INFO:colcon.colcon_core.shell:Creating prefix chain script '/home/radxa/receptionist_robot_ws/install/setup.bash'
[1.131s] INFO:colcon.colcon_core.shell:Creating prefix script '/home/radxa/receptionist_robot_ws/install/local_setup.zsh'
[1.132s] INFO:colcon.colcon_core.shell:Creating prefix chain script '/home/radxa/receptionist_robot_ws/install/setup.zsh'
