[0.031s] Invoking command in '/home/radxa/receptionist_robot_ws/build/receptionist_robot_description': CMAKE_PREFIX_PATH=${CMAKE_PREFIX_PATH}:/home/radxa/turtlebot3_ws/install/turtlebot3_teleop:/home/radxa/turtlebot3_ws/install/turtlebot3_example:/opt/ros/jazzy /usr/bin/cmake --build /home/radxa/receptionist_robot_ws/build/receptionist_robot_description -- -j8 -l8
[0.190s] Invoked command in '/home/radxa/receptionist_robot_ws/build/receptionist_robot_description' returned '0': CMAKE_PREFIX_PATH=${CMAKE_PREFIX_PATH}:/home/radxa/turtlebot3_ws/install/turtlebot3_teleop:/home/radxa/turtlebot3_ws/install/turtlebot3_example:/opt/ros/jazzy /usr/bin/cmake --build /home/radxa/receptionist_robot_ws/build/receptionist_robot_description -- -j8 -l8
[0.199s] Invoking command in '/home/radxa/receptionist_robot_ws/build/receptionist_robot_description': CMAKE_PREFIX_PATH=${CMAKE_PREFIX_PATH}:/home/radxa/turtlebot3_ws/install/turtlebot3_teleop:/home/radxa/turtlebot3_ws/install/turtlebot3_example:/opt/ros/jazzy /usr/bin/cmake --install /home/radxa/receptionist_robot_ws/build/receptionist_robot_description
[0.237s] -- Install configuration: ""
[0.238s] -- Execute custom install script
[0.239s] -- Up-to-date symlink: /home/radxa/receptionist_robot_ws/install/receptionist_robot_description/share/receptionist_robot_description/urdf/receptionist_robot.urdf.xacro
[0.240s] -- Up-to-date symlink: /home/radxa/receptionist_robot_ws/install/receptionist_robot_description/share/receptionist_robot_description/rviz/receptionist_robot.rviz
[0.241s] -- Up-to-date symlink: /home/radxa/receptionist_robot_ws/install/receptionist_robot_description/share/ament_index/resource_index/package_run_dependencies/receptionist_robot_description
[0.241s] -- Up-to-date symlink: /home/radxa/receptionist_robot_ws/install/receptionist_robot_description/share/ament_index/resource_index/parent_prefix_path/receptionist_robot_description
[0.242s] -- Up-to-date symlink: /home/radxa/receptionist_robot_ws/install/receptionist_robot_description/share/receptionist_robot_description/environment/ament_prefix_path.sh
[0.243s] -- Up-to-date symlink: /home/radxa/receptionist_robot_ws/install/receptionist_robot_description/share/receptionist_robot_description/environment/ament_prefix_path.dsv
[0.244s] -- Up-to-date symlink: /home/radxa/receptionist_robot_ws/install/receptionist_robot_description/share/receptionist_robot_description/environment/path.sh
[0.245s] -- Up-to-date symlink: /home/radxa/receptionist_robot_ws/install/receptionist_robot_description/share/receptionist_robot_description/environment/path.dsv
[0.246s] -- Up-to-date symlink: /home/radxa/receptionist_robot_ws/install/receptionist_robot_description/share/receptionist_robot_description/local_setup.bash
[0.246s] -- Up-to-date symlink: /home/radxa/receptionist_robot_ws/install/receptionist_robot_description/share/receptionist_robot_description/local_setup.sh
[0.247s] -- Up-to-date symlink: /home/radxa/receptionist_robot_ws/install/receptionist_robot_description/share/receptionist_robot_description/local_setup.zsh
[0.259s] -- Up-to-date symlink: /home/radxa/receptionist_robot_ws/install/receptionist_robot_description/share/receptionist_robot_description/local_setup.dsv
[0.259s] -- Symlinking: /home/radxa/receptionist_robot_ws/install/receptionist_robot_description/share/receptionist_robot_description/package.dsv
[0.263s] -- Up-to-date symlink: /home/radxa/receptionist_robot_ws/install/receptionist_robot_description/share/ament_index/resource_index/packages/receptionist_robot_description
[0.264s] -- Up-to-date symlink: /home/radxa/receptionist_robot_ws/install/receptionist_robot_description/share/receptionist_robot_description/cmake/receptionist_robot_descriptionConfig.cmake
[0.264s] -- Up-to-date symlink: /home/radxa/receptionist_robot_ws/install/receptionist_robot_description/share/receptionist_robot_description/cmake/receptionist_robot_descriptionConfig-version.cmake
[0.265s] -- Up-to-date symlink: /home/radxa/receptionist_robot_ws/install/receptionist_robot_description/share/receptionist_robot_description/package.xml
[0.317s] Invoked command in '/home/radxa/receptionist_robot_ws/build/receptionist_robot_description' returned '0': CMAKE_PREFIX_PATH=${CMAKE_PREFIX_PATH}:/home/radxa/turtlebot3_ws/install/turtlebot3_teleop:/home/radxa/turtlebot3_ws/install/turtlebot3_example:/opt/ros/jazzy /usr/bin/cmake --install /home/radxa/receptionist_robot_ws/build/receptionist_robot_description
