-- The C compiler identification is GNU 13.3.0
-- The CXX compiler identification is GNU 13.3.0
-- Detecting C compiler ABI info
-- Detecting C compiler ABI info - done
-- Check for working C compiler: /usr/bin/cc - skipped
-- Detecting C compile features
-- Detecting C compile features - done
-- Detecting CXX compiler ABI info
-- Detecting CXX compiler ABI info - done
-- Check for working CXX compiler: /usr/bin/c++ - skipped
-- Detecting CXX compile features
-- Detecting CXX compile features - done
-- Found ament_cmake: 2.5.6 (/opt/ros/jazzy/share/ament_cmake/cmake)
-- Found Python3: /usr/bin/python3 (found version "3.12.3") found components: Interpreter 
-- Override CMake install command with custom implementation using symlinks instead of copying resources
-- Found ament_lint_auto: 0.17.5 (/opt/ros/jazzy/share/ament_lint_auto/cmake)
-- Added test 'copyright' to check source files copyright and LICENSE
-- Added test 'flake8' to check Python code syntax and style conventions
-- Configured 'flake8' exclude dirs and/or files: 
-- Added test 'lint_cmake' to check CMake code style
-- Added test 'pep257' to check Python code against some of the docstring style conventions in PEP 257
-- Added test 'xmllint' to check XML markup files
-- Configuring done (2.5s)
-- Generating done (0.0s)
-- Build files have been written to: /home/radxa/receptionist_robot_ws/build/eds_bot
-- Install configuration: ""
-- Execute custom install script
-- Symlinking: /home/radxa/receptionist_robot_ws/install/eds_bot/share/eds_bot/config/ball_tracker_params_robot.yaml
-- Symlinking: /home/radxa/receptionist_robot_ws/install/eds_bot/share/eds_bot/config/ball_tracker_params_sim.yaml
-- Symlinking: /home/radxa/receptionist_robot_ws/install/eds_bot/share/eds_bot/config/drive_bot.rviz
-- Symlinking: /home/radxa/receptionist_robot_ws/install/eds_bot/share/eds_bot/config/empty.yaml
-- Symlinking: /home/radxa/receptionist_robot_ws/install/eds_bot/share/eds_bot/config/gaz_ros2_ctl_use_sim.yaml
-- Symlinking: /home/radxa/receptionist_robot_ws/install/eds_bot/share/eds_bot/config/gz_bridge.yaml
-- Symlinking: /home/radxa/receptionist_robot_ws/install/eds_bot/share/eds_bot/config/joystick.yaml
-- Symlinking: /home/radxa/receptionist_robot_ws/install/eds_bot/share/eds_bot/config/main.rviz
-- Symlinking: /home/radxa/receptionist_robot_ws/install/eds_bot/share/eds_bot/config/map.rviz
-- Symlinking: /home/radxa/receptionist_robot_ws/install/eds_bot/share/eds_bot/config/mapper_params_online_async.yaml
-- Symlinking: /home/radxa/receptionist_robot_ws/install/eds_bot/share/eds_bot/config/my_controllers.yaml
-- Symlinking: /home/radxa/receptionist_robot_ws/install/eds_bot/share/eds_bot/config/nav2_params.yaml
-- Symlinking: /home/radxa/receptionist_robot_ws/install/eds_bot/share/eds_bot/config/twist_mux.yaml
-- Symlinking: /home/radxa/receptionist_robot_ws/install/eds_bot/share/eds_bot/config/view_bot.rviz
-- Symlinking: /home/radxa/receptionist_robot_ws/install/eds_bot/share/eds_bot/description/camera.xacro
-- Symlinking: /home/radxa/receptionist_robot_ws/install/eds_bot/share/eds_bot/description/depth_camera.xacro
-- Symlinking: /home/radxa/receptionist_robot_ws/install/eds_bot/share/eds_bot/description/face.xacro
-- Symlinking: /home/radxa/receptionist_robot_ws/install/eds_bot/share/eds_bot/description/gazebo_control.xacro
-- Symlinking: /home/radxa/receptionist_robot_ws/install/eds_bot/share/eds_bot/description/inertial_macros.xacro
-- Symlinking: /home/radxa/receptionist_robot_ws/install/eds_bot/share/eds_bot/description/lidar.xacro
-- Symlinking: /home/radxa/receptionist_robot_ws/install/eds_bot/share/eds_bot/description/robot.urdf.xacro
-- Symlinking: /home/radxa/receptionist_robot_ws/install/eds_bot/share/eds_bot/description/robot_core.xacro
-- Symlinking: /home/radxa/receptionist_robot_ws/install/eds_bot/share/eds_bot/description/ros2_control.xacro
-- Symlinking: /home/radxa/receptionist_robot_ws/install/eds_bot/share/eds_bot/launch/ball_tracker.launch.py
-- Symlinking: /home/radxa/receptionist_robot_ws/install/eds_bot/share/eds_bot/launch/camera.launch.py
-- Symlinking: /home/radxa/receptionist_robot_ws/install/eds_bot/share/eds_bot/launch/joystick.launch.py
-- Symlinking: /home/radxa/receptionist_robot_ws/install/eds_bot/share/eds_bot/launch/launch_dev_ws.py
-- Symlinking: /home/radxa/receptionist_robot_ws/install/eds_bot/share/eds_bot/launch/launch_robot.launch.py
-- Symlinking: /home/radxa/receptionist_robot_ws/install/eds_bot/share/eds_bot/launch/launch_sim.launch.py
-- Symlinking: /home/radxa/receptionist_robot_ws/install/eds_bot/share/eds_bot/launch/ld19lidar.launch.py
-- Symlinking: /home/radxa/receptionist_robot_ws/install/eds_bot/share/eds_bot/launch/localization_launch.py
-- Symlinking: /home/radxa/receptionist_robot_ws/install/eds_bot/share/eds_bot/launch/navigation_launch.py
-- Symlinking: /home/radxa/receptionist_robot_ws/install/eds_bot/share/eds_bot/launch/online_async_launch.py
-- Symlinking: /home/radxa/receptionist_robot_ws/install/eds_bot/share/eds_bot/launch/rsp.launch.py
-- Symlinking: /home/radxa/receptionist_robot_ws/install/eds_bot/share/eds_bot/worlds/empty.world
-- Symlinking: /home/radxa/receptionist_robot_ws/install/eds_bot/share/eds_bot/worlds/obstacles.world
-- Symlinking: /home/radxa/receptionist_robot_ws/install/eds_bot/share/ament_index/resource_index/package_run_dependencies/eds_bot
-- Symlinking: /home/radxa/receptionist_robot_ws/install/eds_bot/share/ament_index/resource_index/parent_prefix_path/eds_bot
-- Symlinking: /home/radxa/receptionist_robot_ws/install/eds_bot/share/eds_bot/environment/ament_prefix_path.sh
-- Symlinking: /home/radxa/receptionist_robot_ws/install/eds_bot/share/eds_bot/environment/ament_prefix_path.dsv
-- Symlinking: /home/radxa/receptionist_robot_ws/install/eds_bot/share/eds_bot/environment/path.sh
-- Symlinking: /home/radxa/receptionist_robot_ws/install/eds_bot/share/eds_bot/environment/path.dsv
-- Symlinking: /home/radxa/receptionist_robot_ws/install/eds_bot/share/eds_bot/local_setup.bash
-- Symlinking: /home/radxa/receptionist_robot_ws/install/eds_bot/share/eds_bot/local_setup.sh
-- Symlinking: /home/radxa/receptionist_robot_ws/install/eds_bot/share/eds_bot/local_setup.zsh
-- Symlinking: /home/radxa/receptionist_robot_ws/install/eds_bot/share/eds_bot/local_setup.dsv
-- Symlinking: /home/radxa/receptionist_robot_ws/install/eds_bot/share/eds_bot/package.dsv
-- Symlinking: /home/radxa/receptionist_robot_ws/install/eds_bot/share/ament_index/resource_index/packages/eds_bot
-- Symlinking: /home/radxa/receptionist_robot_ws/install/eds_bot/share/eds_bot/cmake/eds_botConfig.cmake
-- Symlinking: /home/radxa/receptionist_robot_ws/install/eds_bot/share/eds_bot/cmake/eds_botConfig-version.cmake
-- Symlinking: /home/radxa/receptionist_robot_ws/install/eds_bot/share/eds_bot/package.xml
