[0.025s] Invoking command in '/home/radxa/receptionist_robot_ws/build/eds_bot': CMAKE_PREFIX_PATH=${CMAKE_PREFIX_PATH}:/home/radxa/turtlebot3_ws/install/turtlebot3_teleop:/home/radxa/turtlebot3_ws/install/turtlebot3_example:/opt/ros/jazzy /usr/bin/cmake /home/radxa/receptionist_robot_ws/EDS_Bot -DAMENT_CMAKE_SYMLINK_INSTALL=1 -DCMAKE_INSTALL_PREFIX=/home/radxa/receptionist_robot_ws/install/eds_bot
[0.505s] -- The C compiler identification is GNU 13.3.0
[1.047s] -- The CXX compiler identification is GNU 13.3.0
[1.101s] -- Detecting C compiler ABI info
[1.370s] -- Detecting C compiler ABI info - done
[1.430s] -- Check for working C compiler: /usr/bin/cc - skipped
[1.431s] -- Detecting C compile features
[1.432s] -- Detecting C compile features - done
[1.451s] -- Detecting CXX compiler ABI info
[1.658s] -- Detecting CXX compiler ABI info - done
[1.703s] -- Check for working CXX compiler: /usr/bin/c++ - skipped
[1.704s] -- Detecting CXX compile features
[1.704s] -- Detecting CXX compile features - done
[1.714s] -- Found ament_cmake: 2.5.6 (/opt/ros/jazzy/share/ament_cmake/cmake)
[1.966s] -- Found Python3: /usr/bin/python3 (found version "3.12.3") found components: Interpreter 
[2.100s] -- Override CMake install command with custom implementation using symlinks instead of copying resources
[2.260s] -- Found ament_lint_auto: 0.17.5 (/opt/ros/jazzy/share/ament_lint_auto/cmake)
[2.525s] -- Added test 'copyright' to check source files copyright and LICENSE
[2.535s] -- Added test 'flake8' to check Python code syntax and style conventions
[2.540s] -- Configured 'flake8' exclude dirs and/or files: 
[2.541s] -- Added test 'lint_cmake' to check CMake code style
[2.542s] -- Added test 'pep257' to check Python code against some of the docstring style conventions in PEP 257
[2.547s] -- Added test 'xmllint' to check XML markup files
[2.553s] -- Configuring done (2.5s)
[2.555s] -- Generating done (0.0s)
[2.557s] -- Build files have been written to: /home/radxa/receptionist_robot_ws/build/eds_bot
[2.569s] Invoked command in '/home/radxa/receptionist_robot_ws/build/eds_bot' returned '0': CMAKE_PREFIX_PATH=${CMAKE_PREFIX_PATH}:/home/radxa/turtlebot3_ws/install/turtlebot3_teleop:/home/radxa/turtlebot3_ws/install/turtlebot3_example:/opt/ros/jazzy /usr/bin/cmake /home/radxa/receptionist_robot_ws/EDS_Bot -DAMENT_CMAKE_SYMLINK_INSTALL=1 -DCMAKE_INSTALL_PREFIX=/home/radxa/receptionist_robot_ws/install/eds_bot
[2.571s] Invoking command in '/home/radxa/receptionist_robot_ws/build/eds_bot': CMAKE_PREFIX_PATH=${CMAKE_PREFIX_PATH}:/home/radxa/turtlebot3_ws/install/turtlebot3_teleop:/home/radxa/turtlebot3_ws/install/turtlebot3_example:/opt/ros/jazzy /usr/bin/cmake --build /home/radxa/receptionist_robot_ws/build/eds_bot -- -j8 -l8
[2.634s] Invoked command in '/home/radxa/receptionist_robot_ws/build/eds_bot' returned '0': CMAKE_PREFIX_PATH=${CMAKE_PREFIX_PATH}:/home/radxa/turtlebot3_ws/install/turtlebot3_teleop:/home/radxa/turtlebot3_ws/install/turtlebot3_example:/opt/ros/jazzy /usr/bin/cmake --build /home/radxa/receptionist_robot_ws/build/eds_bot -- -j8 -l8
[2.643s] Invoking command in '/home/radxa/receptionist_robot_ws/build/eds_bot': CMAKE_PREFIX_PATH=${CMAKE_PREFIX_PATH}:/home/radxa/turtlebot3_ws/install/turtlebot3_teleop:/home/radxa/turtlebot3_ws/install/turtlebot3_example:/opt/ros/jazzy /usr/bin/cmake --install /home/radxa/receptionist_robot_ws/build/eds_bot
[2.656s] -- Install configuration: ""
[2.657s] -- Execute custom install script
[2.658s] -- Symlinking: /home/radxa/receptionist_robot_ws/install/eds_bot/share/eds_bot/config/ball_tracker_params_robot.yaml
[2.671s] -- Symlinking: /home/radxa/receptionist_robot_ws/install/eds_bot/share/eds_bot/config/ball_tracker_params_sim.yaml
[2.684s] -- Symlinking: /home/radxa/receptionist_robot_ws/install/eds_bot/share/eds_bot/config/drive_bot.rviz
[2.696s] -- Symlinking: /home/radxa/receptionist_robot_ws/install/eds_bot/share/eds_bot/config/empty.yaml
[2.709s] -- Symlinking: /home/radxa/receptionist_robot_ws/install/eds_bot/share/eds_bot/config/gaz_ros2_ctl_use_sim.yaml
[2.722s] -- Symlinking: /home/radxa/receptionist_robot_ws/install/eds_bot/share/eds_bot/config/gz_bridge.yaml
[2.735s] -- Symlinking: /home/radxa/receptionist_robot_ws/install/eds_bot/share/eds_bot/config/joystick.yaml
[2.751s] -- Symlinking: /home/radxa/receptionist_robot_ws/install/eds_bot/share/eds_bot/config/main.rviz
[2.770s] -- Symlinking: /home/radxa/receptionist_robot_ws/install/eds_bot/share/eds_bot/config/map.rviz
[2.785s] -- Symlinking: /home/radxa/receptionist_robot_ws/install/eds_bot/share/eds_bot/config/mapper_params_online_async.yaml
[2.802s] -- Symlinking: /home/radxa/receptionist_robot_ws/install/eds_bot/share/eds_bot/config/my_controllers.yaml
[2.820s] -- Symlinking: /home/radxa/receptionist_robot_ws/install/eds_bot/share/eds_bot/config/nav2_params.yaml
[2.836s] -- Symlinking: /home/radxa/receptionist_robot_ws/install/eds_bot/share/eds_bot/config/twist_mux.yaml
[2.852s] -- Symlinking: /home/radxa/receptionist_robot_ws/install/eds_bot/share/eds_bot/config/view_bot.rviz
[2.868s] -- Symlinking: /home/radxa/receptionist_robot_ws/install/eds_bot/share/eds_bot/description/camera.xacro
[2.886s] -- Symlinking: /home/radxa/receptionist_robot_ws/install/eds_bot/share/eds_bot/description/depth_camera.xacro
[2.902s] -- Symlinking: /home/radxa/receptionist_robot_ws/install/eds_bot/share/eds_bot/description/face.xacro
[2.918s] -- Symlinking: /home/radxa/receptionist_robot_ws/install/eds_bot/share/eds_bot/description/gazebo_control.xacro
[2.935s] -- Symlinking: /home/radxa/receptionist_robot_ws/install/eds_bot/share/eds_bot/description/inertial_macros.xacro
[2.951s] -- Symlinking: /home/radxa/receptionist_robot_ws/install/eds_bot/share/eds_bot/description/lidar.xacro
[2.965s] -- Symlinking: /home/radxa/receptionist_robot_ws/install/eds_bot/share/eds_bot/description/robot.urdf.xacro
[2.984s] -- Symlinking: /home/radxa/receptionist_robot_ws/install/eds_bot/share/eds_bot/description/robot_core.xacro
[3.002s] -- Symlinking: /home/radxa/receptionist_robot_ws/install/eds_bot/share/eds_bot/description/ros2_control.xacro
[3.022s] -- Symlinking: /home/radxa/receptionist_robot_ws/install/eds_bot/share/eds_bot/launch/ball_tracker.launch.py
[3.041s] -- Symlinking: /home/radxa/receptionist_robot_ws/install/eds_bot/share/eds_bot/launch/camera.launch.py
[3.062s] -- Symlinking: /home/radxa/receptionist_robot_ws/install/eds_bot/share/eds_bot/launch/joystick.launch.py
[3.076s] -- Symlinking: /home/radxa/receptionist_robot_ws/install/eds_bot/share/eds_bot/launch/launch_dev_ws.py
[3.093s] -- Symlinking: /home/radxa/receptionist_robot_ws/install/eds_bot/share/eds_bot/launch/launch_robot.launch.py
[3.113s] -- Symlinking: /home/radxa/receptionist_robot_ws/install/eds_bot/share/eds_bot/launch/launch_sim.launch.py
[3.129s] -- Symlinking: /home/radxa/receptionist_robot_ws/install/eds_bot/share/eds_bot/launch/ld19lidar.launch.py
[3.145s] -- Symlinking: /home/radxa/receptionist_robot_ws/install/eds_bot/share/eds_bot/launch/localization_launch.py
[3.163s] -- Symlinking: /home/radxa/receptionist_robot_ws/install/eds_bot/share/eds_bot/launch/navigation_launch.py
[3.179s] -- Symlinking: /home/radxa/receptionist_robot_ws/install/eds_bot/share/eds_bot/launch/online_async_launch.py
[3.194s] -- Symlinking: /home/radxa/receptionist_robot_ws/install/eds_bot/share/eds_bot/launch/rsp.launch.py
[3.212s] -- Symlinking: /home/radxa/receptionist_robot_ws/install/eds_bot/share/eds_bot/worlds/empty.world
[3.231s] -- Symlinking: /home/radxa/receptionist_robot_ws/install/eds_bot/share/eds_bot/worlds/obstacles.world
[3.249s] -- Symlinking: /home/radxa/receptionist_robot_ws/install/eds_bot/share/ament_index/resource_index/package_run_dependencies/eds_bot
[3.266s] -- Symlinking: /home/radxa/receptionist_robot_ws/install/eds_bot/share/ament_index/resource_index/parent_prefix_path/eds_bot
[3.286s] -- Symlinking: /home/radxa/receptionist_robot_ws/install/eds_bot/share/eds_bot/environment/ament_prefix_path.sh
[3.304s] -- Symlinking: /home/radxa/receptionist_robot_ws/install/eds_bot/share/eds_bot/environment/ament_prefix_path.dsv
[3.320s] -- Symlinking: /home/radxa/receptionist_robot_ws/install/eds_bot/share/eds_bot/environment/path.sh
[3.338s] -- Symlinking: /home/radxa/receptionist_robot_ws/install/eds_bot/share/eds_bot/environment/path.dsv
[3.357s] -- Symlinking: /home/radxa/receptionist_robot_ws/install/eds_bot/share/eds_bot/local_setup.bash
[3.374s] -- Symlinking: /home/radxa/receptionist_robot_ws/install/eds_bot/share/eds_bot/local_setup.sh
[3.389s] -- Symlinking: /home/radxa/receptionist_robot_ws/install/eds_bot/share/eds_bot/local_setup.zsh
[3.408s] -- Symlinking: /home/radxa/receptionist_robot_ws/install/eds_bot/share/eds_bot/local_setup.dsv
[3.424s] -- Symlinking: /home/radxa/receptionist_robot_ws/install/eds_bot/share/eds_bot/package.dsv
[3.462s] -- Symlinking: /home/radxa/receptionist_robot_ws/install/eds_bot/share/ament_index/resource_index/packages/eds_bot
[3.478s] -- Symlinking: /home/radxa/receptionist_robot_ws/install/eds_bot/share/eds_bot/cmake/eds_botConfig.cmake
[3.495s] -- Symlinking: /home/radxa/receptionist_robot_ws/install/eds_bot/share/eds_bot/cmake/eds_botConfig-version.cmake
[3.511s] -- Symlinking: /home/radxa/receptionist_robot_ws/install/eds_bot/share/eds_bot/package.xml
[3.537s] Invoked command in '/home/radxa/receptionist_robot_ws/build/eds_bot' returned '0': CMAKE_PREFIX_PATH=${CMAKE_PREFIX_PATH}:/home/radxa/turtlebot3_ws/install/turtlebot3_teleop:/home/radxa/turtlebot3_ws/install/turtlebot3_example:/opt/ros/jazzy /usr/bin/cmake --install /home/radxa/receptionist_robot_ws/build/eds_bot
