[0.058s] Invoking command in '/home/radxa/receptionist_robot_ws/build/sllidar_ros2': CMAKE_PREFIX_PATH=${CMAKE_PREFIX_PATH}:/home/radxa/turtlebot3_ws/install/turtlebot3_teleop:/home/radxa/turtlebot3_ws/install/turtlebot3_example:/opt/ros/jazzy /usr/bin/cmake --build /home/radxa/receptionist_robot_ws/build/sllidar_ros2 -- -j8 -l8
[0.543s] [ 10%] Built target sllidar_client
[0.563s] [100%] Built target sllidar_node
[0.780s] Invoked command in '/home/radxa/receptionist_robot_ws/build/sllidar_ros2' returned '0': CMAKE_PREFIX_PATH=${CMAKE_PREFIX_PATH}:/home/radxa/turtlebot3_ws/install/turtlebot3_teleop:/home/radxa/turtlebot3_ws/install/turtlebot3_example:/opt/ros/jazzy /usr/bin/cmake --build /home/radxa/receptionist_robot_ws/build/sllidar_ros2 -- -j8 -l8
[0.799s] Invoking command in '/home/radxa/receptionist_robot_ws/build/sllidar_ros2': CMAKE_PREFIX_PATH=${CMAKE_PREFIX_PATH}:/home/radxa/turtlebot3_ws/install/turtlebot3_teleop:/home/radxa/turtlebot3_ws/install/turtlebot3_example:/opt/ros/jazzy /usr/bin/cmake --install /home/radxa/receptionist_robot_ws/build/sllidar_ros2
[0.812s] -- Install configuration: ""
[0.817s] -- Execute custom install script
[0.818s] -- Up-to-date symlink: /home/radxa/receptionist_robot_ws/install/sllidar_ros2/share/sllidar_ros2/launch/sllidar_a1_launch.py
[0.819s] -- Up-to-date symlink: /home/radxa/receptionist_robot_ws/install/sllidar_ros2/share/sllidar_ros2/launch/sllidar_a2m12_launch .py
[0.821s] -- Up-to-date symlink: /home/radxa/receptionist_robot_ws/install/sllidar_ros2/share/sllidar_ros2/launch/sllidar_a2m7_launch.py
[0.822s] -- Up-to-date symlink: /home/radxa/receptionist_robot_ws/install/sllidar_ros2/share/sllidar_ros2/launch/sllidar_a2m8_launch.py
[0.823s] -- Up-to-date symlink: /home/radxa/receptionist_robot_ws/install/sllidar_ros2/share/sllidar_ros2/launch/sllidar_a3_launch.py
[0.824s] -- Up-to-date symlink: /home/radxa/receptionist_robot_ws/install/sllidar_ros2/share/sllidar_ros2/launch/sllidar_c1_launch.py
[0.825s] -- Up-to-date symlink: /home/radxa/receptionist_robot_ws/install/sllidar_ros2/share/sllidar_ros2/launch/sllidar_s1_launch.py
[0.827s] -- Up-to-date symlink: /home/radxa/receptionist_robot_ws/install/sllidar_ros2/share/sllidar_ros2/launch/sllidar_s1_tcp_launch.py
[0.828s] -- Up-to-date symlink: /home/radxa/receptionist_robot_ws/install/sllidar_ros2/share/sllidar_ros2/launch/sllidar_s2_launch.py
[0.829s] -- Up-to-date symlink: /home/radxa/receptionist_robot_ws/install/sllidar_ros2/share/sllidar_ros2/launch/sllidar_s2e_launch.py
[0.830s] -- Up-to-date symlink: /home/radxa/receptionist_robot_ws/install/sllidar_ros2/share/sllidar_ros2/launch/sllidar_s3_launch.py
[0.831s] -- Up-to-date symlink: /home/radxa/receptionist_robot_ws/install/sllidar_ros2/share/sllidar_ros2/launch/sllidar_t1_launch.py
[0.831s] -- Up-to-date symlink: /home/radxa/receptionist_robot_ws/install/sllidar_ros2/share/sllidar_ros2/launch/view_sllidar_a1_launch.py
[0.832s] -- Up-to-date symlink: /home/radxa/receptionist_robot_ws/install/sllidar_ros2/share/sllidar_ros2/launch/view_sllidar_a2m12_launch.py
[0.832s] -- Up-to-date symlink: /home/radxa/receptionist_robot_ws/install/sllidar_ros2/share/sllidar_ros2/launch/view_sllidar_a2m7_launch.py
[0.832s] -- Up-to-date symlink: /home/radxa/receptionist_robot_ws/install/sllidar_ros2/share/sllidar_ros2/launch/view_sllidar_a2m8_launch.py
[0.833s] -- Up-to-date symlink: /home/radxa/receptionist_robot_ws/install/sllidar_ros2/share/sllidar_ros2/launch/view_sllidar_a3_launch.py
[0.833s] -- Up-to-date symlink: /home/radxa/receptionist_robot_ws/install/sllidar_ros2/share/sllidar_ros2/launch/view_sllidar_c1_launch.py
[0.835s] -- Up-to-date symlink: /home/radxa/receptionist_robot_ws/install/sllidar_ros2/share/sllidar_ros2/launch/view_sllidar_s1_launch.py
[0.836s] -- Up-to-date symlink: /home/radxa/receptionist_robot_ws/install/sllidar_ros2/share/sllidar_ros2/launch/view_sllidar_s1_tcp_launch.py
[0.837s] -- Up-to-date symlink: /home/radxa/receptionist_robot_ws/install/sllidar_ros2/share/sllidar_ros2/launch/view_sllidar_s2_launch.py
[0.839s] -- Up-to-date symlink: /home/radxa/receptionist_robot_ws/install/sllidar_ros2/share/sllidar_ros2/launch/view_sllidar_s2e_launch.py
[0.840s] -- Up-to-date symlink: /home/radxa/receptionist_robot_ws/install/sllidar_ros2/share/sllidar_ros2/launch/view_sllidar_s3_launch.py
[0.840s] -- Up-to-date symlink: /home/radxa/receptionist_robot_ws/install/sllidar_ros2/share/sllidar_ros2/launch/view_sllidar_t1_launch.py
[0.841s] -- Up-to-date symlink: /home/radxa/receptionist_robot_ws/install/sllidar_ros2/share/sllidar_ros2/rviz/sllidar_ros2.rviz
[0.847s] -- Up-to-date symlink: /home/radxa/receptionist_robot_ws/install/sllidar_ros2/lib/sllidar_ros2/sllidar_node
[0.848s] -- Up-to-date symlink: /home/radxa/receptionist_robot_ws/install/sllidar_ros2/lib/sllidar_ros2/sllidar_client
[0.849s] -- Up-to-date symlink: /home/radxa/receptionist_robot_ws/install/sllidar_ros2/share/ament_index/resource_index/package_run_dependencies/sllidar_ros2
[0.849s] -- Up-to-date symlink: /home/radxa/receptionist_robot_ws/install/sllidar_ros2/share/ament_index/resource_index/parent_prefix_path/sllidar_ros2
[0.850s] -- Up-to-date symlink: /home/radxa/receptionist_robot_ws/install/sllidar_ros2/share/sllidar_ros2/environment/ament_prefix_path.sh
[0.851s] -- Up-to-date symlink: /home/radxa/receptionist_robot_ws/install/sllidar_ros2/share/sllidar_ros2/environment/ament_prefix_path.dsv
[0.852s] -- Up-to-date symlink: /home/radxa/receptionist_robot_ws/install/sllidar_ros2/share/sllidar_ros2/environment/path.sh
[0.852s] -- Up-to-date symlink: /home/radxa/receptionist_robot_ws/install/sllidar_ros2/share/sllidar_ros2/environment/path.dsv
[0.853s] -- Up-to-date symlink: /home/radxa/receptionist_robot_ws/install/sllidar_ros2/share/sllidar_ros2/local_setup.bash
[0.854s] -- Up-to-date symlink: /home/radxa/receptionist_robot_ws/install/sllidar_ros2/share/sllidar_ros2/local_setup.sh
[0.855s] -- Up-to-date symlink: /home/radxa/receptionist_robot_ws/install/sllidar_ros2/share/sllidar_ros2/local_setup.zsh
[0.856s] -- Up-to-date symlink: /home/radxa/receptionist_robot_ws/install/sllidar_ros2/share/sllidar_ros2/local_setup.dsv
[0.857s] -- Symlinking: /home/radxa/receptionist_robot_ws/install/sllidar_ros2/share/sllidar_ros2/package.dsv
[0.858s] -- Up-to-date symlink: /home/radxa/receptionist_robot_ws/install/sllidar_ros2/share/ament_index/resource_index/packages/sllidar_ros2
[0.859s] -- Up-to-date symlink: /home/radxa/receptionist_robot_ws/install/sllidar_ros2/share/sllidar_ros2/cmake/ament_cmake_export_dependencies-extras.cmake
[0.860s] -- Up-to-date symlink: /home/radxa/receptionist_robot_ws/install/sllidar_ros2/share/sllidar_ros2/cmake/ament_cmake_export_include_directories-extras.cmake
[0.861s] -- Up-to-date symlink: /home/radxa/receptionist_robot_ws/install/sllidar_ros2/share/sllidar_ros2/cmake/sllidar_ros2Config.cmake
[0.862s] -- Up-to-date symlink: /home/radxa/receptionist_robot_ws/install/sllidar_ros2/share/sllidar_ros2/cmake/sllidar_ros2Config-version.cmake
[0.863s] -- Up-to-date symlink: /home/radxa/receptionist_robot_ws/install/sllidar_ros2/share/sllidar_ros2/package.xml
[0.864s] Invoked command in '/home/radxa/receptionist_robot_ws/build/sllidar_ros2' returned '0': CMAKE_PREFIX_PATH=${CMAKE_PREFIX_PATH}:/home/radxa/turtlebot3_ws/install/turtlebot3_teleop:/home/radxa/turtlebot3_ws/install/turtlebot3_example:/opt/ros/jazzy /usr/bin/cmake --install /home/radxa/receptionist_robot_ws/build/sllidar_ros2
