[0.149s] DEBUG:colcon:Command line arguments: ['/usr/bin/colcon', 'build', '--symlink-install', '--packages-select', 'receptionist_robot_bringup']
[0.150s] DEBUG:colcon:Parsed command line arguments: Namespace(log_base=None, log_level=None, verb_name='build', build_base='build', install_base='install', merge_install=False, symlink_install=True, test_result_base=None, continue_on_error=False, executor='parallel', parallel_workers=8, event_handlers=None, ignore_user_meta=False, metas=['./colcon.meta'], base_paths=['.'], packages_ignore=None, packages_ignore_regex=None, paths=None, packages_up_to=None, packages_up_to_regex=None, packages_above=None, packages_above_and_dependencies=None, packages_above_depth=None, packages_select_by_dep=None, packages_skip_by_dep=None, packages_skip_up_to=None, packages_select_build_failed=False, packages_skip_build_finished=False, packages_select_test_failures=False, packages_skip_test_passed=False, packages_select=['receptionist_robot_bringup'], packages_skip=None, packages_select_regex=None, packages_skip_regex=None, packages_start=None, packages_end=None, allow_overriding=[], cmake_args=None, cmake_target=None, cmake_target_skip_unavailable=False, cmake_clean_cache=False, cmake_clean_first=False, cmake_force_configure=False, ament_cmake_args=None, catkin_cmake_args=None, catkin_skip_building_tests=False, mixin_files=None, mixin=None, verb_parser=<colcon_mixin.mixin.mixin_argument.MixinArgumentDecorator object at 0xffff8a138410>, verb_extension=<colcon_core.verb.build.BuildVerb object at 0xffff8a138080>, main=<bound method BuildVerb.main of <colcon_core.verb.build.BuildVerb object at 0xffff8a138080>>, mixin_verb=('build',))
[0.203s] Level 1:colcon.colcon_core.package_discovery:discover_packages(colcon_meta) check parameters
[0.203s] Level 1:colcon.colcon_core.package_discovery:discover_packages(recursive) check parameters
[0.203s] Level 1:colcon.colcon_core.package_discovery:discover_packages(ignore) check parameters
[0.203s] Level 1:colcon.colcon_core.package_discovery:discover_packages(path) check parameters
[0.203s] Level 1:colcon.colcon_core.package_discovery:discover_packages(colcon_meta) discover
[0.203s] Level 1:colcon.colcon_core.package_discovery:discover_packages(recursive) discover
[0.203s] INFO:colcon.colcon_core.package_discovery:Crawling recursively for packages in '/home/radxa/receptionist_robot_ws'
[0.204s] Level 1:colcon.colcon_core.package_identification:_identify(.) by extensions ['ignore', 'ignore_ament_install']
[0.204s] Level 1:colcon.colcon_core.package_identification:_identify(.) by extension 'ignore'
[0.204s] Level 1:colcon.colcon_core.package_identification:_identify(.) by extension 'ignore_ament_install'
[0.204s] Level 1:colcon.colcon_core.package_identification:_identify(.) by extensions ['colcon_pkg']
[0.204s] Level 1:colcon.colcon_core.package_identification:_identify(.) by extension 'colcon_pkg'
[0.204s] Level 1:colcon.colcon_core.package_identification:_identify(.) by extensions ['colcon_meta']
[0.204s] Level 1:colcon.colcon_core.package_identification:_identify(.) by extension 'colcon_meta'
[0.204s] Level 1:colcon.colcon_core.package_identification:_identify(.) by extensions ['ros']
[0.204s] Level 1:colcon.colcon_core.package_identification:_identify(.) by extension 'ros'
[0.239s] Level 1:colcon.colcon_core.package_identification:_identify(.) by extensions ['cmake', 'python']
[0.239s] Level 1:colcon.colcon_core.package_identification:_identify(.) by extension 'cmake'
[0.239s] Level 1:colcon.colcon_core.package_identification:_identify(.) by extension 'python'
[0.240s] Level 1:colcon.colcon_core.package_identification:_identify(.) by extensions ['python_setup_py']
[0.240s] Level 1:colcon.colcon_core.package_identification:_identify(.) by extension 'python_setup_py'
[0.240s] Level 1:colcon.colcon_core.package_identification:_identify(EDS_Bot) by extensions ['ignore', 'ignore_ament_install']
[0.240s] Level 1:colcon.colcon_core.package_identification:_identify(EDS_Bot) by extension 'ignore'
[0.240s] Level 1:colcon.colcon_core.package_identification:_identify(EDS_Bot) by extension 'ignore_ament_install'
[0.240s] Level 1:colcon.colcon_core.package_identification:_identify(EDS_Bot) by extensions ['colcon_pkg']
[0.240s] Level 1:colcon.colcon_core.package_identification:_identify(EDS_Bot) by extension 'colcon_pkg'
[0.240s] Level 1:colcon.colcon_core.package_identification:_identify(EDS_Bot) by extensions ['colcon_meta']
[0.240s] Level 1:colcon.colcon_core.package_identification:_identify(EDS_Bot) by extension 'colcon_meta'
[0.240s] Level 1:colcon.colcon_core.package_identification:_identify(EDS_Bot) by extensions ['ros']
[0.240s] Level 1:colcon.colcon_core.package_identification:_identify(EDS_Bot) by extension 'ros'
[0.243s] DEBUG:colcon.colcon_core.package_identification:Package 'EDS_Bot' with type 'ros.ament_cmake' and name 'eds_bot'
[0.244s] Level 1:colcon.colcon_core.package_identification:_identify(build) by extensions ['ignore', 'ignore_ament_install']
[0.244s] Level 1:colcon.colcon_core.package_identification:_identify(build) by extension 'ignore'
[0.244s] Level 1:colcon.colcon_core.package_identification:_identify(build) ignored
[0.244s] Level 1:colcon.colcon_core.package_identification:_identify(install) by extensions ['ignore', 'ignore_ament_install']
[0.244s] Level 1:colcon.colcon_core.package_identification:_identify(install) by extension 'ignore'
[0.244s] Level 1:colcon.colcon_core.package_identification:_identify(install) ignored
[0.244s] Level 1:colcon.colcon_core.package_identification:_identify(log) by extensions ['ignore', 'ignore_ament_install']
[0.244s] Level 1:colcon.colcon_core.package_identification:_identify(log) by extension 'ignore'
[0.244s] Level 1:colcon.colcon_core.package_identification:_identify(log) ignored
[0.245s] Level 1:colcon.colcon_core.package_identification:_identify(map) by extensions ['ignore', 'ignore_ament_install']
[0.245s] Level 1:colcon.colcon_core.package_identification:_identify(map) by extension 'ignore'
[0.245s] Level 1:colcon.colcon_core.package_identification:_identify(map) by extension 'ignore_ament_install'
[0.245s] Level 1:colcon.colcon_core.package_identification:_identify(map) by extensions ['colcon_pkg']
[0.245s] Level 1:colcon.colcon_core.package_identification:_identify(map) by extension 'colcon_pkg'
[0.245s] Level 1:colcon.colcon_core.package_identification:_identify(map) by extensions ['colcon_meta']
[0.245s] Level 1:colcon.colcon_core.package_identification:_identify(map) by extension 'colcon_meta'
[0.245s] Level 1:colcon.colcon_core.package_identification:_identify(map) by extensions ['ros']
[0.245s] Level 1:colcon.colcon_core.package_identification:_identify(map) by extension 'ros'
[0.245s] Level 1:colcon.colcon_core.package_identification:_identify(map) by extensions ['cmake', 'python']
[0.245s] Level 1:colcon.colcon_core.package_identification:_identify(map) by extension 'cmake'
[0.245s] Level 1:colcon.colcon_core.package_identification:_identify(map) by extension 'python'
[0.245s] Level 1:colcon.colcon_core.package_identification:_identify(map) by extensions ['python_setup_py']
[0.245s] Level 1:colcon.colcon_core.package_identification:_identify(map) by extension 'python_setup_py'
[0.246s] Level 1:colcon.colcon_core.package_identification:_identify(src) by extensions ['ignore', 'ignore_ament_install']
[0.246s] Level 1:colcon.colcon_core.package_identification:_identify(src) by extension 'ignore'
[0.246s] Level 1:colcon.colcon_core.package_identification:_identify(src) by extension 'ignore_ament_install'
[0.246s] Level 1:colcon.colcon_core.package_identification:_identify(src) by extensions ['colcon_pkg']
[0.246s] Level 1:colcon.colcon_core.package_identification:_identify(src) by extension 'colcon_pkg'
[0.246s] Level 1:colcon.colcon_core.package_identification:_identify(src) by extensions ['colcon_meta']
[0.246s] Level 1:colcon.colcon_core.package_identification:_identify(src) by extension 'colcon_meta'
[0.246s] Level 1:colcon.colcon_core.package_identification:_identify(src) by extensions ['ros']
[0.246s] Level 1:colcon.colcon_core.package_identification:_identify(src) by extension 'ros'
[0.246s] Level 1:colcon.colcon_core.package_identification:_identify(src) by extensions ['cmake', 'python']
[0.246s] Level 1:colcon.colcon_core.package_identification:_identify(src) by extension 'cmake'
[0.246s] Level 1:colcon.colcon_core.package_identification:_identify(src) by extension 'python'
[0.246s] Level 1:colcon.colcon_core.package_identification:_identify(src) by extensions ['python_setup_py']
[0.246s] Level 1:colcon.colcon_core.package_identification:_identify(src) by extension 'python_setup_py'
[0.247s] Level 1:colcon.colcon_core.package_identification:_identify(src/receptionist_robot_bringup) by extensions ['ignore', 'ignore_ament_install']
[0.247s] Level 1:colcon.colcon_core.package_identification:_identify(src/receptionist_robot_bringup) by extension 'ignore'
[0.247s] Level 1:colcon.colcon_core.package_identification:_identify(src/receptionist_robot_bringup) by extension 'ignore_ament_install'
[0.247s] Level 1:colcon.colcon_core.package_identification:_identify(src/receptionist_robot_bringup) by extensions ['colcon_pkg']
[0.247s] Level 1:colcon.colcon_core.package_identification:_identify(src/receptionist_robot_bringup) by extension 'colcon_pkg'
[0.247s] Level 1:colcon.colcon_core.package_identification:_identify(src/receptionist_robot_bringup) by extensions ['colcon_meta']
[0.247s] Level 1:colcon.colcon_core.package_identification:_identify(src/receptionist_robot_bringup) by extension 'colcon_meta'
[0.247s] Level 1:colcon.colcon_core.package_identification:_identify(src/receptionist_robot_bringup) by extensions ['ros']
[0.247s] Level 1:colcon.colcon_core.package_identification:_identify(src/receptionist_robot_bringup) by extension 'ros'
[0.248s] DEBUG:colcon.colcon_core.package_identification:Package 'src/receptionist_robot_bringup' with type 'ros.ament_cmake' and name 'receptionist_robot_bringup'
[0.248s] Level 1:colcon.colcon_core.package_identification:_identify(src/receptionist_robot_description) by extensions ['ignore', 'ignore_ament_install']
[0.248s] Level 1:colcon.colcon_core.package_identification:_identify(src/receptionist_robot_description) by extension 'ignore'
[0.248s] Level 1:colcon.colcon_core.package_identification:_identify(src/receptionist_robot_description) by extension 'ignore_ament_install'
[0.248s] Level 1:colcon.colcon_core.package_identification:_identify(src/receptionist_robot_description) by extensions ['colcon_pkg']
[0.248s] Level 1:colcon.colcon_core.package_identification:_identify(src/receptionist_robot_description) by extension 'colcon_pkg'
[0.248s] Level 1:colcon.colcon_core.package_identification:_identify(src/receptionist_robot_description) by extensions ['colcon_meta']
[0.248s] Level 1:colcon.colcon_core.package_identification:_identify(src/receptionist_robot_description) by extension 'colcon_meta'
[0.248s] Level 1:colcon.colcon_core.package_identification:_identify(src/receptionist_robot_description) by extensions ['ros']
[0.248s] Level 1:colcon.colcon_core.package_identification:_identify(src/receptionist_robot_description) by extension 'ros'
[0.249s] DEBUG:colcon.colcon_core.package_identification:Package 'src/receptionist_robot_description' with type 'ros.ament_cmake' and name 'receptionist_robot_description'
[0.249s] Level 1:colcon.colcon_core.package_identification:_identify(src/sllidar_ros2) by extensions ['ignore', 'ignore_ament_install']
[0.249s] Level 1:colcon.colcon_core.package_identification:_identify(src/sllidar_ros2) by extension 'ignore'
[0.249s] Level 1:colcon.colcon_core.package_identification:_identify(src/sllidar_ros2) by extension 'ignore_ament_install'
[0.249s] Level 1:colcon.colcon_core.package_identification:_identify(src/sllidar_ros2) by extensions ['colcon_pkg']
[0.249s] Level 1:colcon.colcon_core.package_identification:_identify(src/sllidar_ros2) by extension 'colcon_pkg'
[0.249s] Level 1:colcon.colcon_core.package_identification:_identify(src/sllidar_ros2) by extensions ['colcon_meta']
[0.249s] Level 1:colcon.colcon_core.package_identification:_identify(src/sllidar_ros2) by extension 'colcon_meta'
[0.249s] Level 1:colcon.colcon_core.package_identification:_identify(src/sllidar_ros2) by extensions ['ros']
[0.250s] Level 1:colcon.colcon_core.package_identification:_identify(src/sllidar_ros2) by extension 'ros'
[0.250s] DEBUG:colcon.colcon_core.package_identification:Package 'src/sllidar_ros2' with type 'ros.ament_cmake' and name 'sllidar_ros2'
[0.250s] Level 1:colcon.colcon_core.package_discovery:discover_packages(recursive) using defaults
[0.250s] Level 1:colcon.colcon_core.package_discovery:discover_packages(ignore) discover
[0.250s] Level 1:colcon.colcon_core.package_discovery:discover_packages(ignore) using defaults
[0.251s] Level 1:colcon.colcon_core.package_discovery:discover_packages(path) discover
[0.251s] Level 1:colcon.colcon_core.package_discovery:discover_packages(path) using defaults
[0.273s] INFO:colcon.colcon_core.package_selection:Skipping not selected package 'eds_bot' in 'EDS_Bot'
[0.273s] INFO:colcon.colcon_core.package_selection:Skipping not selected package 'receptionist_robot_description' in 'src/receptionist_robot_description'
[0.273s] INFO:colcon.colcon_core.package_selection:Skipping not selected package 'sllidar_ros2' in 'src/sllidar_ros2'
[0.274s] Level 1:colcon.colcon_core.package_discovery:discover_packages(prefix_path) check parameters
[0.274s] Level 1:colcon.colcon_core.package_discovery:discover_packages(prefix_path) discover
[0.277s] DEBUG:colcon.colcon_installed_package_information.package_discovery:Found 4 installed packages in /home/radxa/receptionist_robot_ws/install
[0.278s] DEBUG:colcon.colcon_installed_package_information.package_discovery:Found 14 installed packages in /home/radxa/turtlebot3_ws/install
[0.279s] DEBUG:colcon.colcon_installed_package_information.package_discovery:Found 2 installed packages in /home/radxa/microros_ws/install
[0.281s] DEBUG:colcon.colcon_installed_package_information.package_discovery:Found 386 installed packages in /opt/ros/jazzy
[0.283s] Level 1:colcon.colcon_core.package_discovery:discover_packages(prefix_path) using defaults
[0.353s] Level 5:colcon.colcon_core.verb:set package 'receptionist_robot_bringup' build argument 'cmake_args' from command line to 'None'
[0.353s] Level 5:colcon.colcon_core.verb:set package 'receptionist_robot_bringup' build argument 'cmake_target' from command line to 'None'
[0.353s] Level 5:colcon.colcon_core.verb:set package 'receptionist_robot_bringup' build argument 'cmake_target_skip_unavailable' from command line to 'False'
[0.353s] Level 5:colcon.colcon_core.verb:set package 'receptionist_robot_bringup' build argument 'cmake_clean_cache' from command line to 'False'
[0.353s] Level 5:colcon.colcon_core.verb:set package 'receptionist_robot_bringup' build argument 'cmake_clean_first' from command line to 'False'
[0.353s] Level 5:colcon.colcon_core.verb:set package 'receptionist_robot_bringup' build argument 'cmake_force_configure' from command line to 'False'
[0.353s] Level 5:colcon.colcon_core.verb:set package 'receptionist_robot_bringup' build argument 'ament_cmake_args' from command line to 'None'
[0.353s] Level 5:colcon.colcon_core.verb:set package 'receptionist_robot_bringup' build argument 'catkin_cmake_args' from command line to 'None'
[0.353s] Level 5:colcon.colcon_core.verb:set package 'receptionist_robot_bringup' build argument 'catkin_skip_building_tests' from command line to 'False'
[0.353s] DEBUG:colcon.colcon_core.verb:Building package 'receptionist_robot_bringup' with the following arguments: {'ament_cmake_args': None, 'build_base': '/home/radxa/receptionist_robot_ws/build/receptionist_robot_bringup', 'catkin_cmake_args': None, 'catkin_skip_building_tests': False, 'cmake_args': None, 'cmake_clean_cache': False, 'cmake_clean_first': False, 'cmake_force_configure': False, 'cmake_target': None, 'cmake_target_skip_unavailable': False, 'install_base': '/home/radxa/receptionist_robot_ws/install/receptionist_robot_bringup', 'merge_install': False, 'path': '/home/radxa/receptionist_robot_ws/src/receptionist_robot_bringup', 'symlink_install': True, 'test_result_base': None}
[0.353s] INFO:colcon.colcon_core.executor:Executing jobs using 'parallel' executor
[0.356s] DEBUG:colcon.colcon_parallel_executor.executor.parallel:run_until_complete
[0.357s] INFO:colcon.colcon_ros.task.ament_cmake.build:Building ROS package in '/home/radxa/receptionist_robot_ws/src/receptionist_robot_bringup' with build type 'ament_cmake'
[0.357s] INFO:colcon.colcon_cmake.task.cmake.build:Building CMake package in '/home/radxa/receptionist_robot_ws/src/receptionist_robot_bringup'
[0.360s] INFO:colcon.colcon_core.plugin_system:Skipping extension 'colcon_core.shell.bat': Not used on non-Windows systems
[0.360s] INFO:colcon.colcon_core.shell:Skip shell extension 'powershell' for command environment: Not usable outside of PowerShell
[0.360s] DEBUG:colcon.colcon_core.shell:Skip shell extension 'dsv' for command environment
[0.379s] DEBUG:colcon.colcon_core.event_handler.log_command:Invoking command in '/home/radxa/receptionist_robot_ws/build/receptionist_robot_bringup': CMAKE_PREFIX_PATH=/home/radxa/receptionist_robot_ws/install/sllidar_ros2:/home/radxa/receptionist_robot_ws/install/receptionist_robot_description:/home/radxa/receptionist_robot_ws/install/eds_bot:/home/radxa/receptionist_robot_ws/install/receptionist_robot_bringup:/home/radxa/turtlebot3_ws/install/turtlebot3:/home/radxa/turtlebot3_ws/install/turtlebot3_bringup:/home/radxa/turtlebot3_ws/install/turtlebot3_node:/home/radxa/turtlebot3_ws/install/turtlebot3_navigation2:/home/radxa/turtlebot3_ws/install/turtlebot3_msgs:/home/radxa/turtlebot3_ws/install/turtlebot3_description:/home/radxa/turtlebot3_ws/install/turtlebot3_cartographer:/home/radxa/turtlebot3_ws/install/sllidar_ros2:/home/radxa/turtlebot3_ws/install/hclidar_driver_ros2:/home/radxa/turtlebot3_ws/install/dynamixel_sdk_examples:/home/radxa/turtlebot3_ws/install/dynamixel_sdk_custom_interfaces:/home/radxa/turtlebot3_ws/install/dynamixel_sdk:/home/radxa/microros_ws/install/micro_ros_agent:/home/radxa/microros_ws/install/micro_ros_msgs:/opt/ros/jazzy/opt/gz_sim_vendor:/opt/ros/jazzy/opt/gz_sensors_vendor:/opt/ros/jazzy/opt/gz_physics_vendor:/opt/ros/jazzy/opt/sdformat_vendor:/opt/ros/jazzy/opt/gz_gui_vendor:/opt/ros/jazzy/opt/gz_transport_vendor:/opt/ros/jazzy/opt/gz_rendering_vendor:/opt/ros/jazzy/opt/gz_plugin_vendor:/opt/ros/jazzy/opt/gz_fuel_tools_vendor:/opt/ros/jazzy/opt/gz_msgs_vendor:/opt/ros/jazzy/opt/gz_common_vendor:/opt/ros/jazzy/opt/gz_math_vendor:/opt/ros/jazzy/opt/gz_utils_vendor:/opt/ros/jazzy/opt/gz_tools_vendor:/opt/ros/jazzy/opt/gz_ogre_next_vendor:/opt/ros/jazzy/opt/gz_dartsim_vendor:/opt/ros/jazzy/opt/gz_cmake_vendor:/home/radxa/turtlebot3_ws/install/turtlebot3_teleop:/home/radxa/turtlebot3_ws/install/turtlebot3_example:/opt/ros/jazzy /usr/bin/cmake --build /home/radxa/receptionist_robot_ws/build/receptionist_robot_bringup -- -j8 -l8
[0.492s] DEBUG:colcon.colcon_core.event_handler.log_command:Invoked command in '/home/radxa/receptionist_robot_ws/build/receptionist_robot_bringup' returned '0': CMAKE_PREFIX_PATH=/home/radxa/receptionist_robot_ws/install/sllidar_ros2:/home/radxa/receptionist_robot_ws/install/receptionist_robot_description:/home/radxa/receptionist_robot_ws/install/eds_bot:/home/radxa/receptionist_robot_ws/install/receptionist_robot_bringup:/home/radxa/turtlebot3_ws/install/turtlebot3:/home/radxa/turtlebot3_ws/install/turtlebot3_bringup:/home/radxa/turtlebot3_ws/install/turtlebot3_node:/home/radxa/turtlebot3_ws/install/turtlebot3_navigation2:/home/radxa/turtlebot3_ws/install/turtlebot3_msgs:/home/radxa/turtlebot3_ws/install/turtlebot3_description:/home/radxa/turtlebot3_ws/install/turtlebot3_cartographer:/home/radxa/turtlebot3_ws/install/sllidar_ros2:/home/radxa/turtlebot3_ws/install/hclidar_driver_ros2:/home/radxa/turtlebot3_ws/install/dynamixel_sdk_examples:/home/radxa/turtlebot3_ws/install/dynamixel_sdk_custom_interfaces:/home/radxa/turtlebot3_ws/install/dynamixel_sdk:/home/radxa/microros_ws/install/micro_ros_agent:/home/radxa/microros_ws/install/micro_ros_msgs:/opt/ros/jazzy/opt/gz_sim_vendor:/opt/ros/jazzy/opt/gz_sensors_vendor:/opt/ros/jazzy/opt/gz_physics_vendor:/opt/ros/jazzy/opt/sdformat_vendor:/opt/ros/jazzy/opt/gz_gui_vendor:/opt/ros/jazzy/opt/gz_transport_vendor:/opt/ros/jazzy/opt/gz_rendering_vendor:/opt/ros/jazzy/opt/gz_plugin_vendor:/opt/ros/jazzy/opt/gz_fuel_tools_vendor:/opt/ros/jazzy/opt/gz_msgs_vendor:/opt/ros/jazzy/opt/gz_common_vendor:/opt/ros/jazzy/opt/gz_math_vendor:/opt/ros/jazzy/opt/gz_utils_vendor:/opt/ros/jazzy/opt/gz_tools_vendor:/opt/ros/jazzy/opt/gz_ogre_next_vendor:/opt/ros/jazzy/opt/gz_dartsim_vendor:/opt/ros/jazzy/opt/gz_cmake_vendor:/home/radxa/turtlebot3_ws/install/turtlebot3_teleop:/home/radxa/turtlebot3_ws/install/turtlebot3_example:/opt/ros/jazzy /usr/bin/cmake --build /home/radxa/receptionist_robot_ws/build/receptionist_robot_bringup -- -j8 -l8
[0.511s] DEBUG:colcon.colcon_core.event_handler.log_command:Invoking command in '/home/radxa/receptionist_robot_ws/build/receptionist_robot_bringup': CMAKE_PREFIX_PATH=/home/radxa/receptionist_robot_ws/install/sllidar_ros2:/home/radxa/receptionist_robot_ws/install/receptionist_robot_description:/home/radxa/receptionist_robot_ws/install/eds_bot:/home/radxa/receptionist_robot_ws/install/receptionist_robot_bringup:/home/radxa/turtlebot3_ws/install/turtlebot3:/home/radxa/turtlebot3_ws/install/turtlebot3_bringup:/home/radxa/turtlebot3_ws/install/turtlebot3_node:/home/radxa/turtlebot3_ws/install/turtlebot3_navigation2:/home/radxa/turtlebot3_ws/install/turtlebot3_msgs:/home/radxa/turtlebot3_ws/install/turtlebot3_description:/home/radxa/turtlebot3_ws/install/turtlebot3_cartographer:/home/radxa/turtlebot3_ws/install/sllidar_ros2:/home/radxa/turtlebot3_ws/install/hclidar_driver_ros2:/home/radxa/turtlebot3_ws/install/dynamixel_sdk_examples:/home/radxa/turtlebot3_ws/install/dynamixel_sdk_custom_interfaces:/home/radxa/turtlebot3_ws/install/dynamixel_sdk:/home/radxa/microros_ws/install/micro_ros_agent:/home/radxa/microros_ws/install/micro_ros_msgs:/opt/ros/jazzy/opt/gz_sim_vendor:/opt/ros/jazzy/opt/gz_sensors_vendor:/opt/ros/jazzy/opt/gz_physics_vendor:/opt/ros/jazzy/opt/sdformat_vendor:/opt/ros/jazzy/opt/gz_gui_vendor:/opt/ros/jazzy/opt/gz_transport_vendor:/opt/ros/jazzy/opt/gz_rendering_vendor:/opt/ros/jazzy/opt/gz_plugin_vendor:/opt/ros/jazzy/opt/gz_fuel_tools_vendor:/opt/ros/jazzy/opt/gz_msgs_vendor:/opt/ros/jazzy/opt/gz_common_vendor:/opt/ros/jazzy/opt/gz_math_vendor:/opt/ros/jazzy/opt/gz_utils_vendor:/opt/ros/jazzy/opt/gz_tools_vendor:/opt/ros/jazzy/opt/gz_ogre_next_vendor:/opt/ros/jazzy/opt/gz_dartsim_vendor:/opt/ros/jazzy/opt/gz_cmake_vendor:/home/radxa/turtlebot3_ws/install/turtlebot3_teleop:/home/radxa/turtlebot3_ws/install/turtlebot3_example:/opt/ros/jazzy /usr/bin/cmake --install /home/radxa/receptionist_robot_ws/build/receptionist_robot_bringup
[0.568s] Level 1:colcon.colcon_core.environment:create_environment_scripts_only(receptionist_robot_bringup)
[0.571s] DEBUG:colcon.colcon_core.event_handler.log_command:Invoked command in '/home/radxa/receptionist_robot_ws/build/receptionist_robot_bringup' returned '0': CMAKE_PREFIX_PATH=/home/radxa/receptionist_robot_ws/install/sllidar_ros2:/home/radxa/receptionist_robot_ws/install/receptionist_robot_description:/home/radxa/receptionist_robot_ws/install/eds_bot:/home/radxa/receptionist_robot_ws/install/receptionist_robot_bringup:/home/radxa/turtlebot3_ws/install/turtlebot3:/home/radxa/turtlebot3_ws/install/turtlebot3_bringup:/home/radxa/turtlebot3_ws/install/turtlebot3_node:/home/radxa/turtlebot3_ws/install/turtlebot3_navigation2:/home/radxa/turtlebot3_ws/install/turtlebot3_msgs:/home/radxa/turtlebot3_ws/install/turtlebot3_description:/home/radxa/turtlebot3_ws/install/turtlebot3_cartographer:/home/radxa/turtlebot3_ws/install/sllidar_ros2:/home/radxa/turtlebot3_ws/install/hclidar_driver_ros2:/home/radxa/turtlebot3_ws/install/dynamixel_sdk_examples:/home/radxa/turtlebot3_ws/install/dynamixel_sdk_custom_interfaces:/home/radxa/turtlebot3_ws/install/dynamixel_sdk:/home/radxa/microros_ws/install/micro_ros_agent:/home/radxa/microros_ws/install/micro_ros_msgs:/opt/ros/jazzy/opt/gz_sim_vendor:/opt/ros/jazzy/opt/gz_sensors_vendor:/opt/ros/jazzy/opt/gz_physics_vendor:/opt/ros/jazzy/opt/sdformat_vendor:/opt/ros/jazzy/opt/gz_gui_vendor:/opt/ros/jazzy/opt/gz_transport_vendor:/opt/ros/jazzy/opt/gz_rendering_vendor:/opt/ros/jazzy/opt/gz_plugin_vendor:/opt/ros/jazzy/opt/gz_fuel_tools_vendor:/opt/ros/jazzy/opt/gz_msgs_vendor:/opt/ros/jazzy/opt/gz_common_vendor:/opt/ros/jazzy/opt/gz_math_vendor:/opt/ros/jazzy/opt/gz_utils_vendor:/opt/ros/jazzy/opt/gz_tools_vendor:/opt/ros/jazzy/opt/gz_ogre_next_vendor:/opt/ros/jazzy/opt/gz_dartsim_vendor:/opt/ros/jazzy/opt/gz_cmake_vendor:/home/radxa/turtlebot3_ws/install/turtlebot3_teleop:/home/radxa/turtlebot3_ws/install/turtlebot3_example:/opt/ros/jazzy /usr/bin/cmake --install /home/radxa/receptionist_robot_ws/build/receptionist_robot_bringup
[0.582s] Level 1:colcon.colcon_core.environment:checking '/home/radxa/receptionist_robot_ws/install/receptionist_robot_bringup' for CMake module files
[0.586s] Level 1:colcon.colcon_core.environment:checking '/home/radxa/receptionist_robot_ws/install/receptionist_robot_bringup' for CMake config files
[0.588s] Level 1:colcon.colcon_core.shell:create_environment_hook('receptionist_robot_bringup', 'cmake_prefix_path')
[0.589s] INFO:colcon.colcon_core.shell:Creating environment hook '/home/radxa/receptionist_robot_ws/install/receptionist_robot_bringup/share/receptionist_robot_bringup/hook/cmake_prefix_path.ps1'
[0.592s] INFO:colcon.colcon_core.shell:Creating environment descriptor '/home/radxa/receptionist_robot_ws/install/receptionist_robot_bringup/share/receptionist_robot_bringup/hook/cmake_prefix_path.dsv'
[0.594s] INFO:colcon.colcon_core.shell:Creating environment hook '/home/radxa/receptionist_robot_ws/install/receptionist_robot_bringup/share/receptionist_robot_bringup/hook/cmake_prefix_path.sh'
[0.599s] Level 1:colcon.colcon_core.environment:checking '/home/radxa/receptionist_robot_ws/install/receptionist_robot_bringup/bin'
[0.599s] Level 1:colcon.colcon_core.environment:checking '/home/radxa/receptionist_robot_ws/install/receptionist_robot_bringup/lib/pkgconfig/receptionist_robot_bringup.pc'
[0.601s] Level 1:colcon.colcon_core.environment:checking '/home/radxa/receptionist_robot_ws/install/receptionist_robot_bringup/lib/python3.12/site-packages'
[0.603s] Level 1:colcon.colcon_core.environment:checking '/home/radxa/receptionist_robot_ws/install/receptionist_robot_bringup/bin'
[0.605s] INFO:colcon.colcon_core.shell:Creating package script '/home/radxa/receptionist_robot_ws/install/receptionist_robot_bringup/share/receptionist_robot_bringup/package.ps1'
[0.610s] INFO:colcon.colcon_core.shell:Creating package descriptor '/home/radxa/receptionist_robot_ws/install/receptionist_robot_bringup/share/receptionist_robot_bringup/package.dsv'
[0.612s] INFO:colcon.colcon_core.shell:Creating package script '/home/radxa/receptionist_robot_ws/install/receptionist_robot_bringup/share/receptionist_robot_bringup/package.sh'
[0.615s] INFO:colcon.colcon_core.shell:Creating package script '/home/radxa/receptionist_robot_ws/install/receptionist_robot_bringup/share/receptionist_robot_bringup/package.bash'
[0.618s] INFO:colcon.colcon_core.shell:Creating package script '/home/radxa/receptionist_robot_ws/install/receptionist_robot_bringup/share/receptionist_robot_bringup/package.zsh'
[0.620s] Level 1:colcon.colcon_core.environment:create_file_with_runtime_dependencies(/home/radxa/receptionist_robot_ws/install/receptionist_robot_bringup/share/colcon-core/packages/receptionist_robot_bringup)
[0.623s] Level 1:colcon.colcon_core.environment:create_environment_scripts_only(receptionist_robot_bringup)
[0.624s] Level 1:colcon.colcon_core.environment:checking '/home/radxa/receptionist_robot_ws/install/receptionist_robot_bringup' for CMake module files
[0.626s] Level 1:colcon.colcon_core.environment:checking '/home/radxa/receptionist_robot_ws/install/receptionist_robot_bringup' for CMake config files
[0.630s] Level 1:colcon.colcon_core.shell:create_environment_hook('receptionist_robot_bringup', 'cmake_prefix_path')
[0.632s] INFO:colcon.colcon_core.shell:Creating environment hook '/home/radxa/receptionist_robot_ws/install/receptionist_robot_bringup/share/receptionist_robot_bringup/hook/cmake_prefix_path.ps1'
[0.635s] INFO:colcon.colcon_core.shell:Creating environment descriptor '/home/radxa/receptionist_robot_ws/install/receptionist_robot_bringup/share/receptionist_robot_bringup/hook/cmake_prefix_path.dsv'
[0.636s] INFO:colcon.colcon_core.shell:Creating environment hook '/home/radxa/receptionist_robot_ws/install/receptionist_robot_bringup/share/receptionist_robot_bringup/hook/cmake_prefix_path.sh'
[0.638s] Level 1:colcon.colcon_core.environment:checking '/home/radxa/receptionist_robot_ws/install/receptionist_robot_bringup/bin'
[0.638s] Level 1:colcon.colcon_core.environment:checking '/home/radxa/receptionist_robot_ws/install/receptionist_robot_bringup/lib/pkgconfig/receptionist_robot_bringup.pc'
[0.639s] Level 1:colcon.colcon_core.environment:checking '/home/radxa/receptionist_robot_ws/install/receptionist_robot_bringup/lib/python3.12/site-packages'
[0.641s] Level 1:colcon.colcon_core.environment:checking '/home/radxa/receptionist_robot_ws/install/receptionist_robot_bringup/bin'
[0.642s] INFO:colcon.colcon_core.shell:Creating package script '/home/radxa/receptionist_robot_ws/install/receptionist_robot_bringup/share/receptionist_robot_bringup/package.ps1'
[0.646s] INFO:colcon.colcon_core.shell:Creating package descriptor '/home/radxa/receptionist_robot_ws/install/receptionist_robot_bringup/share/receptionist_robot_bringup/package.dsv'
[0.648s] INFO:colcon.colcon_core.shell:Creating package script '/home/radxa/receptionist_robot_ws/install/receptionist_robot_bringup/share/receptionist_robot_bringup/package.sh'
[0.649s] INFO:colcon.colcon_core.shell:Creating package script '/home/radxa/receptionist_robot_ws/install/receptionist_robot_bringup/share/receptionist_robot_bringup/package.bash'
[0.651s] INFO:colcon.colcon_core.shell:Creating package script '/home/radxa/receptionist_robot_ws/install/receptionist_robot_bringup/share/receptionist_robot_bringup/package.zsh'
[0.652s] Level 1:colcon.colcon_core.environment:create_file_with_runtime_dependencies(/home/radxa/receptionist_robot_ws/install/receptionist_robot_bringup/share/colcon-core/packages/receptionist_robot_bringup)
[0.654s] DEBUG:colcon.colcon_parallel_executor.executor.parallel:closing loop
[0.656s] DEBUG:colcon.colcon_parallel_executor.executor.parallel:loop closed
[0.656s] DEBUG:colcon.colcon_parallel_executor.executor.parallel:run_until_complete finished with '0'
[0.656s] DEBUG:colcon.colcon_core.event_reactor:joining thread
[0.659s] DEBUG:colcon.colcon_core.event_reactor:joined thread
[0.660s] INFO:colcon.colcon_core.shell:Creating prefix script '/home/radxa/receptionist_robot_ws/install/local_setup.ps1'
[0.663s] INFO:colcon.colcon_core.shell:Creating prefix util module '/home/radxa/receptionist_robot_ws/install/_local_setup_util_ps1.py'
[0.669s] INFO:colcon.colcon_core.shell:Creating prefix chain script '/home/radxa/receptionist_robot_ws/install/setup.ps1'
[0.678s] INFO:colcon.colcon_core.shell:Creating prefix script '/home/radxa/receptionist_robot_ws/install/local_setup.sh'
[0.680s] INFO:colcon.colcon_core.shell:Creating prefix util module '/home/radxa/receptionist_robot_ws/install/_local_setup_util_sh.py'
[0.682s] INFO:colcon.colcon_core.shell:Creating prefix chain script '/home/radxa/receptionist_robot_ws/install/setup.sh'
[0.687s] INFO:colcon.colcon_core.shell:Creating prefix script '/home/radxa/receptionist_robot_ws/install/local_setup.bash'
[0.687s] INFO:colcon.colcon_core.shell:Creating prefix chain script '/home/radxa/receptionist_robot_ws/install/setup.bash'
[0.691s] INFO:colcon.colcon_core.shell:Creating prefix script '/home/radxa/receptionist_robot_ws/install/local_setup.zsh'
[0.693s] INFO:colcon.colcon_core.shell:Creating prefix chain script '/home/radxa/receptionist_robot_ws/install/setup.zsh'
