-- Found ament_cmake: 2.5.6 (/opt/ros/jazzy/share/ament_cmake/cmake)
-- Override CMake install command with custom implementation using symlinks instead of copying resources
-- Found ament_lint_auto: 0.17.5 (/opt/ros/jazzy/share/ament_lint_auto/cmake)
-- Added test 'lint_cmake' to check CMake code style
-- Added test 'xmllint' to check XML markup files
-- Configuring done (0.6s)
-- Generating done (0.0s)
-- Build files have been written to: /home/radxa/receptionist_robot_ws/build/receptionist_robot_description
-- Install configuration: ""
-- Execute custom install script
-- Up-to-date symlink: /home/radxa/receptionist_robot_ws/install/receptionist_robot_description/share/receptionist_robot_description/urdf/receptionist_robot.urdf.xacro
-- Up-to-date symlink: /home/radxa/receptionist_robot_ws/install/receptionist_robot_description/share/receptionist_robot_description/rviz/receptionist_robot.rviz
-- Up-to-date symlink: /home/radxa/receptionist_robot_ws/install/receptionist_robot_description/share/ament_index/resource_index/package_run_dependencies/receptionist_robot_description
-- Up-to-date symlink: /home/radxa/receptionist_robot_ws/install/receptionist_robot_description/share/ament_index/resource_index/parent_prefix_path/receptionist_robot_description
-- Up-to-date symlink: /home/radxa/receptionist_robot_ws/install/receptionist_robot_description/share/receptionist_robot_description/environment/ament_prefix_path.sh
-- Up-to-date symlink: /home/radxa/receptionist_robot_ws/install/receptionist_robot_description/share/receptionist_robot_description/environment/ament_prefix_path.dsv
-- Up-to-date symlink: /home/radxa/receptionist_robot_ws/install/receptionist_robot_description/share/receptionist_robot_description/environment/path.sh
-- Up-to-date symlink: /home/radxa/receptionist_robot_ws/install/receptionist_robot_description/share/receptionist_robot_description/environment/path.dsv
-- Up-to-date symlink: /home/radxa/receptionist_robot_ws/install/receptionist_robot_description/share/receptionist_robot_description/local_setup.bash
-- Up-to-date symlink: /home/radxa/receptionist_robot_ws/install/receptionist_robot_description/share/receptionist_robot_description/local_setup.sh
-- Up-to-date symlink: /home/radxa/receptionist_robot_ws/install/receptionist_robot_description/share/receptionist_robot_description/local_setup.zsh
-- Up-to-date symlink: /home/radxa/receptionist_robot_ws/install/receptionist_robot_description/share/receptionist_robot_description/local_setup.dsv
-- Symlinking: /home/radxa/receptionist_robot_ws/install/receptionist_robot_description/share/receptionist_robot_description/package.dsv
-- Up-to-date symlink: /home/radxa/receptionist_robot_ws/install/receptionist_robot_description/share/ament_index/resource_index/packages/receptionist_robot_description
-- Up-to-date symlink: /home/radxa/receptionist_robot_ws/install/receptionist_robot_description/share/receptionist_robot_description/cmake/receptionist_robot_descriptionConfig.cmake
-- Up-to-date symlink: /home/radxa/receptionist_robot_ws/install/receptionist_robot_description/share/receptionist_robot_description/cmake/receptionist_robot_descriptionConfig-version.cmake
-- Up-to-date symlink: /home/radxa/receptionist_robot_ws/install/receptionist_robot_description/share/receptionist_robot_description/package.xml
