[0.028s] Invoking command in '/home/radxa/receptionist_robot_ws/build/sllidar_ros2': CMAKE_PREFIX_PATH=${CMAKE_PREFIX_PATH}:/home/radxa/turtlebot3_ws/install/turtlebot3_teleop:/home/radxa/turtlebot3_ws/install/turtlebot3_example:/opt/ros/jazzy /usr/bin/cmake --build /home/radxa/receptionist_robot_ws/build/sllidar_ros2 -- -j8 -l8
[0.185s] [ 10%] Built target sllidar_client
[0.211s] [100%] Built target sllidar_node
[0.323s] Invoked command in '/home/radxa/receptionist_robot_ws/build/sllidar_ros2' returned '0': CMAKE_PREFIX_PATH=${CMAKE_PREFIX_PATH}:/home/radxa/turtlebot3_ws/install/turtlebot3_teleop:/home/radxa/turtlebot3_ws/install/turtlebot3_example:/opt/ros/jazzy /usr/bin/cmake --build /home/radxa/receptionist_robot_ws/build/sllidar_ros2 -- -j8 -l8
[0.327s] Invoking command in '/home/radxa/receptionist_robot_ws/build/sllidar_ros2': CMAKE_PREFIX_PATH=${CMAKE_PREFIX_PATH}:/home/radxa/turtlebot3_ws/install/turtlebot3_teleop:/home/radxa/turtlebot3_ws/install/turtlebot3_example:/opt/ros/jazzy /usr/bin/cmake --install /home/radxa/receptionist_robot_ws/build/sllidar_ros2
[0.393s] -- Install configuration: ""
[0.394s] -- Execute custom install script
[0.394s] -- Up-to-date symlink: /home/radxa/receptionist_robot_ws/install/sllidar_ros2/share/sllidar_ros2/launch/sllidar_a1_launch.py
[0.395s] -- Up-to-date symlink: /home/radxa/receptionist_robot_ws/install/sllidar_ros2/share/sllidar_ros2/launch/sllidar_a2m12_launch .py
[0.396s] -- Up-to-date symlink: /home/radxa/receptionist_robot_ws/install/sllidar_ros2/share/sllidar_ros2/launch/sllidar_a2m7_launch.py
[0.396s] -- Up-to-date symlink: /home/radxa/receptionist_robot_ws/install/sllidar_ros2/share/sllidar_ros2/launch/sllidar_a2m8_launch.py
[0.398s] -- Up-to-date symlink: /home/radxa/receptionist_robot_ws/install/sllidar_ros2/share/sllidar_ros2/launch/sllidar_a3_launch.py
[0.398s] -- Up-to-date symlink: /home/radxa/receptionist_robot_ws/install/sllidar_ros2/share/sllidar_ros2/launch/sllidar_c1_launch.py
[0.399s] -- Up-to-date symlink: /home/radxa/receptionist_robot_ws/install/sllidar_ros2/share/sllidar_ros2/launch/sllidar_s1_launch.py
[0.400s] -- Up-to-date symlink: /home/radxa/receptionist_robot_ws/install/sllidar_ros2/share/sllidar_ros2/launch/sllidar_s1_tcp_launch.py
[0.400s] -- Up-to-date symlink: /home/radxa/receptionist_robot_ws/install/sllidar_ros2/share/sllidar_ros2/launch/sllidar_s2_launch.py
[0.401s] -- Up-to-date symlink: /home/radxa/receptionist_robot_ws/install/sllidar_ros2/share/sllidar_ros2/launch/sllidar_s2e_launch.py
[0.401s] -- Up-to-date symlink: /home/radxa/receptionist_robot_ws/install/sllidar_ros2/share/sllidar_ros2/launch/sllidar_s3_launch.py
[0.402s] -- Up-to-date symlink: /home/radxa/receptionist_robot_ws/install/sllidar_ros2/share/sllidar_ros2/launch/sllidar_t1_launch.py
[0.402s] -- Up-to-date symlink: /home/radxa/receptionist_robot_ws/install/sllidar_ros2/share/sllidar_ros2/launch/view_sllidar_a1_launch.py
[0.403s] -- Up-to-date symlink: /home/radxa/receptionist_robot_ws/install/sllidar_ros2/share/sllidar_ros2/launch/view_sllidar_a2m12_launch.py
[0.404s] -- Up-to-date symlink: /home/radxa/receptionist_robot_ws/install/sllidar_ros2/share/sllidar_ros2/launch/view_sllidar_a2m7_launch.py
[0.404s] -- Up-to-date symlink: /home/radxa/receptionist_robot_ws/install/sllidar_ros2/share/sllidar_ros2/launch/view_sllidar_a2m8_launch.py
[0.406s] -- Up-to-date symlink: /home/radxa/receptionist_robot_ws/install/sllidar_ros2/share/sllidar_ros2/launch/view_sllidar_a3_launch.py
[0.408s] -- Up-to-date symlink: /home/radxa/receptionist_robot_ws/install/sllidar_ros2/share/sllidar_ros2/launch/view_sllidar_c1_launch.py
[0.409s] -- Up-to-date symlink: /home/radxa/receptionist_robot_ws/install/sllidar_ros2/share/sllidar_ros2/launch/view_sllidar_s1_launch.py
[0.410s] -- Up-to-date symlink: /home/radxa/receptionist_robot_ws/install/sllidar_ros2/share/sllidar_ros2/launch/view_sllidar_s1_tcp_launch.py
[0.411s] -- Up-to-date symlink: /home/radxa/receptionist_robot_ws/install/sllidar_ros2/share/sllidar_ros2/launch/view_sllidar_s2_launch.py
[0.413s] -- Up-to-date symlink: /home/radxa/receptionist_robot_ws/install/sllidar_ros2/share/sllidar_ros2/launch/view_sllidar_s2e_launch.py
[0.413s] -- Up-to-date symlink: /home/radxa/receptionist_robot_ws/install/sllidar_ros2/share/sllidar_ros2/launch/view_sllidar_s3_launch.py
[0.414s] -- Up-to-date symlink: /home/radxa/receptionist_robot_ws/install/sllidar_ros2/share/sllidar_ros2/launch/view_sllidar_t1_launch.py
[0.415s] -- Up-to-date symlink: /home/radxa/receptionist_robot_ws/install/sllidar_ros2/share/sllidar_ros2/rviz/sllidar_ros2.rviz
[0.416s] -- Up-to-date symlink: /home/radxa/receptionist_robot_ws/install/sllidar_ros2/lib/sllidar_ros2/sllidar_node
[0.420s] -- Up-to-date symlink: /home/radxa/receptionist_robot_ws/install/sllidar_ros2/lib/sllidar_ros2/sllidar_client
[0.423s] -- Up-to-date symlink: /home/radxa/receptionist_robot_ws/install/sllidar_ros2/share/ament_index/resource_index/package_run_dependencies/sllidar_ros2
[0.423s] -- Up-to-date symlink: /home/radxa/receptionist_robot_ws/install/sllidar_ros2/share/ament_index/resource_index/parent_prefix_path/sllidar_ros2
[0.424s] -- Up-to-date symlink: /home/radxa/receptionist_robot_ws/install/sllidar_ros2/share/sllidar_ros2/environment/ament_prefix_path.sh
[0.425s] -- Up-to-date symlink: /home/radxa/receptionist_robot_ws/install/sllidar_ros2/share/sllidar_ros2/environment/ament_prefix_path.dsv
[0.426s] -- Up-to-date symlink: /home/radxa/receptionist_robot_ws/install/sllidar_ros2/share/sllidar_ros2/environment/path.sh
[0.426s] -- Up-to-date symlink: /home/radxa/receptionist_robot_ws/install/sllidar_ros2/share/sllidar_ros2/environment/path.dsv
[0.427s] -- Up-to-date symlink: /home/radxa/receptionist_robot_ws/install/sllidar_ros2/share/sllidar_ros2/local_setup.bash
[0.429s] -- Up-to-date symlink: /home/radxa/receptionist_robot_ws/install/sllidar_ros2/share/sllidar_ros2/local_setup.sh
[0.429s] -- Up-to-date symlink: /home/radxa/receptionist_robot_ws/install/sllidar_ros2/share/sllidar_ros2/local_setup.zsh
[0.430s] -- Up-to-date symlink: /home/radxa/receptionist_robot_ws/install/sllidar_ros2/share/sllidar_ros2/local_setup.dsv
[0.431s] -- Symlinking: /home/radxa/receptionist_robot_ws/install/sllidar_ros2/share/sllidar_ros2/package.dsv
[0.432s] -- Up-to-date symlink: /home/radxa/receptionist_robot_ws/install/sllidar_ros2/share/ament_index/resource_index/packages/sllidar_ros2
[0.433s] -- Up-to-date symlink: /home/radxa/receptionist_robot_ws/install/sllidar_ros2/share/sllidar_ros2/cmake/ament_cmake_export_dependencies-extras.cmake
[0.434s] -- Up-to-date symlink: /home/radxa/receptionist_robot_ws/install/sllidar_ros2/share/sllidar_ros2/cmake/ament_cmake_export_include_directories-extras.cmake
[0.435s] -- Up-to-date symlink: /home/radxa/receptionist_robot_ws/install/sllidar_ros2/share/sllidar_ros2/cmake/sllidar_ros2Config.cmake
[0.435s] -- Up-to-date symlink: /home/radxa/receptionist_robot_ws/install/sllidar_ros2/share/sllidar_ros2/cmake/sllidar_ros2Config-version.cmake
[0.436s] -- Up-to-date symlink: /home/radxa/receptionist_robot_ws/install/sllidar_ros2/share/sllidar_ros2/package.xml
[0.437s] Invoked command in '/home/radxa/receptionist_robot_ws/build/sllidar_ros2' returned '0': CMAKE_PREFIX_PATH=${CMAKE_PREFIX_PATH}:/home/radxa/turtlebot3_ws/install/turtlebot3_teleop:/home/radxa/turtlebot3_ws/install/turtlebot3_example:/opt/ros/jazzy /usr/bin/cmake --install /home/radxa/receptionist_robot_ws/build/sllidar_ros2
