[0.501s] DEBUG:colcon:Command line arguments: ['/usr/bin/colcon', 'build', '--symlink-install']
[0.502s] DEBUG:colcon:Parsed command line arguments: Namespace(log_base=None, log_level=None, verb_name='build', build_base='build', install_base='install', merge_install=False, symlink_install=True, test_result_base=None, continue_on_error=False, executor='parallel', parallel_workers=8, event_handlers=None, ignore_user_meta=False, metas=['./colcon.meta'], base_paths=['.'], packages_ignore=None, packages_ignore_regex=None, paths=None, packages_up_to=None, packages_up_to_regex=None, packages_above=None, packages_above_and_dependencies=None, packages_above_depth=None, packages_select_by_dep=None, packages_skip_by_dep=None, packages_skip_up_to=None, packages_select_build_failed=False, packages_skip_build_finished=False, packages_select_test_failures=False, packages_skip_test_passed=False, packages_select=None, packages_skip=None, packages_select_regex=None, packages_skip_regex=None, packages_start=None, packages_end=None, allow_overriding=[], cmake_args=None, cmake_target=None, cmake_target_skip_unavailable=False, cmake_clean_cache=False, cmake_clean_first=False, cmake_force_configure=False, ament_cmake_args=None, catkin_cmake_args=None, catkin_skip_building_tests=False, mixin_files=None, mixin=None, verb_parser=<colcon_mixin.mixin.mixin_argument.MixinArgumentDecorator object at 0xffff85954500>, verb_extension=<colcon_core.verb.build.BuildVerb object at 0xffff859541d0>, main=<bound method BuildVerb.main of <colcon_core.verb.build.BuildVerb object at 0xffff859541d0>>, mixin_verb=('build',))
[0.821s] Level 1:colcon.colcon_core.package_discovery:discover_packages(colcon_meta) check parameters
[0.821s] Level 1:colcon.colcon_core.package_discovery:discover_packages(recursive) check parameters
[0.821s] Level 1:colcon.colcon_core.package_discovery:discover_packages(ignore) check parameters
[0.822s] Level 1:colcon.colcon_core.package_discovery:discover_packages(path) check parameters
[0.822s] Level 1:colcon.colcon_core.package_discovery:discover_packages(colcon_meta) discover
[0.822s] Level 1:colcon.colcon_core.package_discovery:discover_packages(recursive) discover
[0.822s] INFO:colcon.colcon_core.package_discovery:Crawling recursively for packages in '/home/radxa/receptionist_robot_ws'
[0.823s] Level 1:colcon.colcon_core.package_identification:_identify(.) by extensions ['ignore', 'ignore_ament_install']
[0.823s] Level 1:colcon.colcon_core.package_identification:_identify(.) by extension 'ignore'
[0.823s] Level 1:colcon.colcon_core.package_identification:_identify(.) by extension 'ignore_ament_install'
[0.824s] Level 1:colcon.colcon_core.package_identification:_identify(.) by extensions ['colcon_pkg']
[0.824s] Level 1:colcon.colcon_core.package_identification:_identify(.) by extension 'colcon_pkg'
[0.824s] Level 1:colcon.colcon_core.package_identification:_identify(.) by extensions ['colcon_meta']
[0.824s] Level 1:colcon.colcon_core.package_identification:_identify(.) by extension 'colcon_meta'
[0.824s] Level 1:colcon.colcon_core.package_identification:_identify(.) by extensions ['ros']
[0.824s] Level 1:colcon.colcon_core.package_identification:_identify(.) by extension 'ros'
[0.941s] Level 1:colcon.colcon_core.package_identification:_identify(.) by extensions ['cmake', 'python']
[0.941s] Level 1:colcon.colcon_core.package_identification:_identify(.) by extension 'cmake'
[0.942s] Level 1:colcon.colcon_core.package_identification:_identify(.) by extension 'python'
[0.942s] Level 1:colcon.colcon_core.package_identification:_identify(.) by extensions ['python_setup_py']
[0.942s] Level 1:colcon.colcon_core.package_identification:_identify(.) by extension 'python_setup_py'
[0.942s] Level 1:colcon.colcon_core.package_identification:_identify(EDS_Bot) by extensions ['ignore', 'ignore_ament_install']
[0.942s] Level 1:colcon.colcon_core.package_identification:_identify(EDS_Bot) by extension 'ignore'
[0.942s] Level 1:colcon.colcon_core.package_identification:_identify(EDS_Bot) by extension 'ignore_ament_install'
[0.943s] Level 1:colcon.colcon_core.package_identification:_identify(EDS_Bot) by extensions ['colcon_pkg']
[0.943s] Level 1:colcon.colcon_core.package_identification:_identify(EDS_Bot) by extension 'colcon_pkg'
[0.943s] Level 1:colcon.colcon_core.package_identification:_identify(EDS_Bot) by extensions ['colcon_meta']
[0.943s] Level 1:colcon.colcon_core.package_identification:_identify(EDS_Bot) by extension 'colcon_meta'
[0.943s] Level 1:colcon.colcon_core.package_identification:_identify(EDS_Bot) by extensions ['ros']
[0.943s] Level 1:colcon.colcon_core.package_identification:_identify(EDS_Bot) by extension 'ros'
[0.950s] DEBUG:colcon.colcon_core.package_identification:Package 'EDS_Bot' with type 'ros.ament_cmake' and name 'eds_bot'
[0.950s] Level 1:colcon.colcon_core.package_identification:_identify(build) by extensions ['ignore', 'ignore_ament_install']
[0.950s] Level 1:colcon.colcon_core.package_identification:_identify(build) by extension 'ignore'
[0.950s] Level 1:colcon.colcon_core.package_identification:_identify(build) ignored
[0.950s] Level 1:colcon.colcon_core.package_identification:_identify(install) by extensions ['ignore', 'ignore_ament_install']
[0.951s] Level 1:colcon.colcon_core.package_identification:_identify(install) by extension 'ignore'
[0.951s] Level 1:colcon.colcon_core.package_identification:_identify(install) ignored
[0.951s] Level 1:colcon.colcon_core.package_identification:_identify(log) by extensions ['ignore', 'ignore_ament_install']
[0.951s] Level 1:colcon.colcon_core.package_identification:_identify(log) by extension 'ignore'
[0.951s] Level 1:colcon.colcon_core.package_identification:_identify(log) ignored
[0.951s] Level 1:colcon.colcon_core.package_identification:_identify(map) by extensions ['ignore', 'ignore_ament_install']
[0.951s] Level 1:colcon.colcon_core.package_identification:_identify(map) by extension 'ignore'
[0.952s] Level 1:colcon.colcon_core.package_identification:_identify(map) by extension 'ignore_ament_install'
[0.952s] Level 1:colcon.colcon_core.package_identification:_identify(map) by extensions ['colcon_pkg']
[0.952s] Level 1:colcon.colcon_core.package_identification:_identify(map) by extension 'colcon_pkg'
[0.952s] Level 1:colcon.colcon_core.package_identification:_identify(map) by extensions ['colcon_meta']
[0.952s] Level 1:colcon.colcon_core.package_identification:_identify(map) by extension 'colcon_meta'
[0.952s] Level 1:colcon.colcon_core.package_identification:_identify(map) by extensions ['ros']
[0.952s] Level 1:colcon.colcon_core.package_identification:_identify(map) by extension 'ros'
[0.952s] Level 1:colcon.colcon_core.package_identification:_identify(map) by extensions ['cmake', 'python']
[0.952s] Level 1:colcon.colcon_core.package_identification:_identify(map) by extension 'cmake'
[0.952s] Level 1:colcon.colcon_core.package_identification:_identify(map) by extension 'python'
[0.952s] Level 1:colcon.colcon_core.package_identification:_identify(map) by extensions ['python_setup_py']
[0.952s] Level 1:colcon.colcon_core.package_identification:_identify(map) by extension 'python_setup_py'
[0.953s] Level 1:colcon.colcon_core.package_identification:_identify(src) by extensions ['ignore', 'ignore_ament_install']
[0.953s] Level 1:colcon.colcon_core.package_identification:_identify(src) by extension 'ignore'
[0.953s] Level 1:colcon.colcon_core.package_identification:_identify(src) by extension 'ignore_ament_install'
[0.953s] Level 1:colcon.colcon_core.package_identification:_identify(src) by extensions ['colcon_pkg']
[0.953s] Level 1:colcon.colcon_core.package_identification:_identify(src) by extension 'colcon_pkg'
[0.953s] Level 1:colcon.colcon_core.package_identification:_identify(src) by extensions ['colcon_meta']
[0.953s] Level 1:colcon.colcon_core.package_identification:_identify(src) by extension 'colcon_meta'
[0.953s] Level 1:colcon.colcon_core.package_identification:_identify(src) by extensions ['ros']
[0.953s] Level 1:colcon.colcon_core.package_identification:_identify(src) by extension 'ros'
[0.954s] Level 1:colcon.colcon_core.package_identification:_identify(src) by extensions ['cmake', 'python']
[0.954s] Level 1:colcon.colcon_core.package_identification:_identify(src) by extension 'cmake'
[0.954s] Level 1:colcon.colcon_core.package_identification:_identify(src) by extension 'python'
[0.954s] Level 1:colcon.colcon_core.package_identification:_identify(src) by extensions ['python_setup_py']
[0.954s] Level 1:colcon.colcon_core.package_identification:_identify(src) by extension 'python_setup_py'
[0.954s] Level 1:colcon.colcon_core.package_identification:_identify(src/receptionist_robot_bringup) by extensions ['ignore', 'ignore_ament_install']
[0.954s] Level 1:colcon.colcon_core.package_identification:_identify(src/receptionist_robot_bringup) by extension 'ignore'
[0.954s] Level 1:colcon.colcon_core.package_identification:_identify(src/receptionist_robot_bringup) by extension 'ignore_ament_install'
[0.955s] Level 1:colcon.colcon_core.package_identification:_identify(src/receptionist_robot_bringup) by extensions ['colcon_pkg']
[0.955s] Level 1:colcon.colcon_core.package_identification:_identify(src/receptionist_robot_bringup) by extension 'colcon_pkg'
[0.955s] Level 1:colcon.colcon_core.package_identification:_identify(src/receptionist_robot_bringup) by extensions ['colcon_meta']
[0.955s] Level 1:colcon.colcon_core.package_identification:_identify(src/receptionist_robot_bringup) by extension 'colcon_meta'
[0.955s] Level 1:colcon.colcon_core.package_identification:_identify(src/receptionist_robot_bringup) by extensions ['ros']
[0.955s] Level 1:colcon.colcon_core.package_identification:_identify(src/receptionist_robot_bringup) by extension 'ros'
[0.957s] DEBUG:colcon.colcon_core.package_identification:Package 'src/receptionist_robot_bringup' with type 'ros.ament_cmake' and name 'receptionist_robot_bringup'
[0.957s] Level 1:colcon.colcon_core.package_identification:_identify(src/receptionist_robot_description) by extensions ['ignore', 'ignore_ament_install']
[0.958s] Level 1:colcon.colcon_core.package_identification:_identify(src/receptionist_robot_description) by extension 'ignore'
[0.958s] Level 1:colcon.colcon_core.package_identification:_identify(src/receptionist_robot_description) by extension 'ignore_ament_install'
[0.958s] Level 1:colcon.colcon_core.package_identification:_identify(src/receptionist_robot_description) by extensions ['colcon_pkg']
[0.958s] Level 1:colcon.colcon_core.package_identification:_identify(src/receptionist_robot_description) by extension 'colcon_pkg'
[0.958s] Level 1:colcon.colcon_core.package_identification:_identify(src/receptionist_robot_description) by extensions ['colcon_meta']
[0.958s] Level 1:colcon.colcon_core.package_identification:_identify(src/receptionist_robot_description) by extension 'colcon_meta'
[0.958s] Level 1:colcon.colcon_core.package_identification:_identify(src/receptionist_robot_description) by extensions ['ros']
[0.958s] Level 1:colcon.colcon_core.package_identification:_identify(src/receptionist_robot_description) by extension 'ros'
[0.959s] DEBUG:colcon.colcon_core.package_identification:Package 'src/receptionist_robot_description' with type 'ros.ament_cmake' and name 'receptionist_robot_description'
[0.959s] Level 1:colcon.colcon_core.package_identification:_identify(src/sllidar_ros2) by extensions ['ignore', 'ignore_ament_install']
[0.960s] Level 1:colcon.colcon_core.package_identification:_identify(src/sllidar_ros2) by extension 'ignore'
[0.960s] Level 1:colcon.colcon_core.package_identification:_identify(src/sllidar_ros2) by extension 'ignore_ament_install'
[0.960s] Level 1:colcon.colcon_core.package_identification:_identify(src/sllidar_ros2) by extensions ['colcon_pkg']
[0.960s] Level 1:colcon.colcon_core.package_identification:_identify(src/sllidar_ros2) by extension 'colcon_pkg'
[0.960s] Level 1:colcon.colcon_core.package_identification:_identify(src/sllidar_ros2) by extensions ['colcon_meta']
[0.960s] Level 1:colcon.colcon_core.package_identification:_identify(src/sllidar_ros2) by extension 'colcon_meta'
[0.960s] Level 1:colcon.colcon_core.package_identification:_identify(src/sllidar_ros2) by extensions ['ros']
[0.960s] Level 1:colcon.colcon_core.package_identification:_identify(src/sllidar_ros2) by extension 'ros'
[0.963s] DEBUG:colcon.colcon_core.package_identification:Package 'src/sllidar_ros2' with type 'ros.ament_cmake' and name 'sllidar_ros2'
[0.963s] Level 1:colcon.colcon_core.package_discovery:discover_packages(recursive) using defaults
[0.964s] Level 1:colcon.colcon_core.package_discovery:discover_packages(ignore) discover
[0.964s] Level 1:colcon.colcon_core.package_discovery:discover_packages(ignore) using defaults
[0.964s] Level 1:colcon.colcon_core.package_discovery:discover_packages(path) discover
[0.964s] Level 1:colcon.colcon_core.package_discovery:discover_packages(path) using defaults
[1.054s] Level 1:colcon.colcon_core.package_discovery:discover_packages(prefix_path) check parameters
[1.054s] Level 1:colcon.colcon_core.package_discovery:discover_packages(prefix_path) discover
[1.074s] DEBUG:colcon.colcon_installed_package_information.package_discovery:Found 4 installed packages in /home/radxa/receptionist_robot_ws/install
[1.078s] DEBUG:colcon.colcon_installed_package_information.package_discovery:Found 14 installed packages in /home/radxa/turtlebot3_ws/install
[1.081s] DEBUG:colcon.colcon_installed_package_information.package_discovery:Found 2 installed packages in /home/radxa/microros_ws/install
[1.085s] DEBUG:colcon.colcon_installed_package_information.package_discovery:Found 386 installed packages in /opt/ros/jazzy
[1.089s] Level 1:colcon.colcon_core.package_discovery:discover_packages(prefix_path) using defaults
[1.333s] Level 5:colcon.colcon_core.verb:set package 'eds_bot' build argument 'cmake_args' from command line to 'None'
[1.333s] Level 5:colcon.colcon_core.verb:set package 'eds_bot' build argument 'cmake_target' from command line to 'None'
[1.333s] Level 5:colcon.colcon_core.verb:set package 'eds_bot' build argument 'cmake_target_skip_unavailable' from command line to 'False'
[1.333s] Level 5:colcon.colcon_core.verb:set package 'eds_bot' build argument 'cmake_clean_cache' from command line to 'False'
[1.333s] Level 5:colcon.colcon_core.verb:set package 'eds_bot' build argument 'cmake_clean_first' from command line to 'False'
[1.333s] Level 5:colcon.colcon_core.verb:set package 'eds_bot' build argument 'cmake_force_configure' from command line to 'False'
[1.333s] Level 5:colcon.colcon_core.verb:set package 'eds_bot' build argument 'ament_cmake_args' from command line to 'None'
[1.333s] Level 5:colcon.colcon_core.verb:set package 'eds_bot' build argument 'catkin_cmake_args' from command line to 'None'
[1.333s] Level 5:colcon.colcon_core.verb:set package 'eds_bot' build argument 'catkin_skip_building_tests' from command line to 'False'
[1.334s] DEBUG:colcon.colcon_core.verb:Building package 'eds_bot' with the following arguments: {'ament_cmake_args': None, 'build_base': '/home/radxa/receptionist_robot_ws/build/eds_bot', 'catkin_cmake_args': None, 'catkin_skip_building_tests': False, 'cmake_args': None, 'cmake_clean_cache': False, 'cmake_clean_first': False, 'cmake_force_configure': False, 'cmake_target': None, 'cmake_target_skip_unavailable': False, 'install_base': '/home/radxa/receptionist_robot_ws/install/eds_bot', 'merge_install': False, 'path': '/home/radxa/receptionist_robot_ws/EDS_Bot', 'symlink_install': True, 'test_result_base': None}
[1.334s] Level 5:colcon.colcon_core.verb:set package 'receptionist_robot_description' build argument 'cmake_args' from command line to 'None'
[1.334s] Level 5:colcon.colcon_core.verb:set package 'receptionist_robot_description' build argument 'cmake_target' from command line to 'None'
[1.334s] Level 5:colcon.colcon_core.verb:set package 'receptionist_robot_description' build argument 'cmake_target_skip_unavailable' from command line to 'False'
[1.334s] Level 5:colcon.colcon_core.verb:set package 'receptionist_robot_description' build argument 'cmake_clean_cache' from command line to 'False'
[1.334s] Level 5:colcon.colcon_core.verb:set package 'receptionist_robot_description' build argument 'cmake_clean_first' from command line to 'False'
[1.334s] Level 5:colcon.colcon_core.verb:set package 'receptionist_robot_description' build argument 'cmake_force_configure' from command line to 'False'
[1.334s] Level 5:colcon.colcon_core.verb:set package 'receptionist_robot_description' build argument 'ament_cmake_args' from command line to 'None'
[1.334s] Level 5:colcon.colcon_core.verb:set package 'receptionist_robot_description' build argument 'catkin_cmake_args' from command line to 'None'
[1.334s] Level 5:colcon.colcon_core.verb:set package 'receptionist_robot_description' build argument 'catkin_skip_building_tests' from command line to 'False'
[1.334s] DEBUG:colcon.colcon_core.verb:Building package 'receptionist_robot_description' with the following arguments: {'ament_cmake_args': None, 'build_base': '/home/radxa/receptionist_robot_ws/build/receptionist_robot_description', 'catkin_cmake_args': None, 'catkin_skip_building_tests': False, 'cmake_args': None, 'cmake_clean_cache': False, 'cmake_clean_first': False, 'cmake_force_configure': False, 'cmake_target': None, 'cmake_target_skip_unavailable': False, 'install_base': '/home/radxa/receptionist_robot_ws/install/receptionist_robot_description', 'merge_install': False, 'path': '/home/radxa/receptionist_robot_ws/src/receptionist_robot_description', 'symlink_install': True, 'test_result_base': None}
[1.335s] Level 5:colcon.colcon_core.verb:set package 'sllidar_ros2' build argument 'cmake_args' from command line to 'None'
[1.335s] Level 5:colcon.colcon_core.verb:set package 'sllidar_ros2' build argument 'cmake_target' from command line to 'None'
[1.335s] Level 5:colcon.colcon_core.verb:set package 'sllidar_ros2' build argument 'cmake_target_skip_unavailable' from command line to 'False'
[1.335s] Level 5:colcon.colcon_core.verb:set package 'sllidar_ros2' build argument 'cmake_clean_cache' from command line to 'False'
[1.335s] Level 5:colcon.colcon_core.verb:set package 'sllidar_ros2' build argument 'cmake_clean_first' from command line to 'False'
[1.335s] Level 5:colcon.colcon_core.verb:set package 'sllidar_ros2' build argument 'cmake_force_configure' from command line to 'False'
[1.335s] Level 5:colcon.colcon_core.verb:set package 'sllidar_ros2' build argument 'ament_cmake_args' from command line to 'None'
[1.335s] Level 5:colcon.colcon_core.verb:set package 'sllidar_ros2' build argument 'catkin_cmake_args' from command line to 'None'
[1.335s] Level 5:colcon.colcon_core.verb:set package 'sllidar_ros2' build argument 'catkin_skip_building_tests' from command line to 'False'
[1.335s] DEBUG:colcon.colcon_core.verb:Building package 'sllidar_ros2' with the following arguments: {'ament_cmake_args': None, 'build_base': '/home/radxa/receptionist_robot_ws/build/sllidar_ros2', 'catkin_cmake_args': None, 'catkin_skip_building_tests': False, 'cmake_args': None, 'cmake_clean_cache': False, 'cmake_clean_first': False, 'cmake_force_configure': False, 'cmake_target': None, 'cmake_target_skip_unavailable': False, 'install_base': '/home/radxa/receptionist_robot_ws/install/sllidar_ros2', 'merge_install': False, 'path': '/home/radxa/receptionist_robot_ws/src/sllidar_ros2', 'symlink_install': True, 'test_result_base': None}
[1.335s] Level 5:colcon.colcon_core.verb:set package 'receptionist_robot_bringup' build argument 'cmake_args' from command line to 'None'
[1.335s] Level 5:colcon.colcon_core.verb:set package 'receptionist_robot_bringup' build argument 'cmake_target' from command line to 'None'
[1.335s] Level 5:colcon.colcon_core.verb:set package 'receptionist_robot_bringup' build argument 'cmake_target_skip_unavailable' from command line to 'False'
[1.335s] Level 5:colcon.colcon_core.verb:set package 'receptionist_robot_bringup' build argument 'cmake_clean_cache' from command line to 'False'
[1.335s] Level 5:colcon.colcon_core.verb:set package 'receptionist_robot_bringup' build argument 'cmake_clean_first' from command line to 'False'
[1.335s] Level 5:colcon.colcon_core.verb:set package 'receptionist_robot_bringup' build argument 'cmake_force_configure' from command line to 'False'
[1.335s] Level 5:colcon.colcon_core.verb:set package 'receptionist_robot_bringup' build argument 'ament_cmake_args' from command line to 'None'
[1.335s] Level 5:colcon.colcon_core.verb:set package 'receptionist_robot_bringup' build argument 'catkin_cmake_args' from command line to 'None'
[1.336s] Level 5:colcon.colcon_core.verb:set package 'receptionist_robot_bringup' build argument 'catkin_skip_building_tests' from command line to 'False'
[1.336s] DEBUG:colcon.colcon_core.verb:Building package 'receptionist_robot_bringup' with the following arguments: {'ament_cmake_args': None, 'build_base': '/home/radxa/receptionist_robot_ws/build/receptionist_robot_bringup', 'catkin_cmake_args': None, 'catkin_skip_building_tests': False, 'cmake_args': None, 'cmake_clean_cache': False, 'cmake_clean_first': False, 'cmake_force_configure': False, 'cmake_target': None, 'cmake_target_skip_unavailable': False, 'install_base': '/home/radxa/receptionist_robot_ws/install/receptionist_robot_bringup', 'merge_install': False, 'path': '/home/radxa/receptionist_robot_ws/src/receptionist_robot_bringup', 'symlink_install': True, 'test_result_base': None}
[1.336s] INFO:colcon.colcon_core.executor:Executing jobs using 'parallel' executor
[1.339s] DEBUG:colcon.colcon_parallel_executor.executor.parallel:run_until_complete
[1.339s] INFO:colcon.colcon_ros.task.ament_cmake.build:Building ROS package in '/home/radxa/receptionist_robot_ws/src/receptionist_robot_description' with build type 'ament_cmake'
[1.340s] INFO:colcon.colcon_cmake.task.cmake.build:Building CMake package in '/home/radxa/receptionist_robot_ws/src/receptionist_robot_description'
[1.364s] INFO:colcon.colcon_core.plugin_system:Skipping extension 'colcon_core.shell.bat': Not used on non-Windows systems
[1.364s] INFO:colcon.colcon_core.shell:Skip shell extension 'powershell' for command environment: Not usable outside of PowerShell
[1.364s] DEBUG:colcon.colcon_core.shell:Skip shell extension 'dsv' for command environment
[1.377s] INFO:colcon.colcon_ros.task.ament_cmake.build:Building ROS package in '/home/radxa/receptionist_robot_ws/src/sllidar_ros2' with build type 'ament_cmake'
[1.378s] INFO:colcon.colcon_cmake.task.cmake.build:Building CMake package in '/home/radxa/receptionist_robot_ws/src/sllidar_ros2'
[1.378s] INFO:colcon.colcon_core.shell:Skip shell extension 'powershell' for command environment: Not usable outside of PowerShell
[1.378s] DEBUG:colcon.colcon_core.shell:Skip shell extension 'dsv' for command environment
[1.386s] INFO:colcon.colcon_ros.task.ament_cmake.build:Building ROS package in '/home/radxa/receptionist_robot_ws/EDS_Bot' with build type 'ament_cmake'
[1.386s] INFO:colcon.colcon_cmake.task.cmake.build:Building CMake package in '/home/radxa/receptionist_robot_ws/EDS_Bot'
[1.387s] INFO:colcon.colcon_core.shell:Skip shell extension 'powershell' for command environment: Not usable outside of PowerShell
[1.387s] DEBUG:colcon.colcon_core.shell:Skip shell extension 'dsv' for command environment
[1.416s] DEBUG:colcon.colcon_core.event_handler.log_command:Invoking command in '/home/radxa/receptionist_robot_ws/build/receptionist_robot_description': CMAKE_PREFIX_PATH=${CMAKE_PREFIX_PATH}:/home/radxa/turtlebot3_ws/install/turtlebot3_teleop:/home/radxa/turtlebot3_ws/install/turtlebot3_example:/opt/ros/jazzy /usr/bin/cmake --build /home/radxa/receptionist_robot_ws/build/receptionist_robot_description -- -j8 -l8
[1.437s] DEBUG:colcon.colcon_core.event_handler.log_command:Invoking command in '/home/radxa/receptionist_robot_ws/build/sllidar_ros2': CMAKE_PREFIX_PATH=${CMAKE_PREFIX_PATH}:/home/radxa/turtlebot3_ws/install/turtlebot3_teleop:/home/radxa/turtlebot3_ws/install/turtlebot3_example:/opt/ros/jazzy /usr/bin/cmake --build /home/radxa/receptionist_robot_ws/build/sllidar_ros2 -- -j8 -l8
[1.460s] DEBUG:colcon.colcon_core.event_handler.log_command:Invoking command in '/home/radxa/receptionist_robot_ws/build/eds_bot': CMAKE_PREFIX_PATH=${CMAKE_PREFIX_PATH}:/home/radxa/turtlebot3_ws/install/turtlebot3_teleop:/home/radxa/turtlebot3_ws/install/turtlebot3_example:/opt/ros/jazzy /usr/bin/cmake --build /home/radxa/receptionist_robot_ws/build/eds_bot -- -j8 -l8
[1.721s] DEBUG:colcon.colcon_core.event_handler.log_command:Invoked command in '/home/radxa/receptionist_robot_ws/build/receptionist_robot_description' returned '0': CMAKE_PREFIX_PATH=${CMAKE_PREFIX_PATH}:/home/radxa/turtlebot3_ws/install/turtlebot3_teleop:/home/radxa/turtlebot3_ws/install/turtlebot3_example:/opt/ros/jazzy /usr/bin/cmake --build /home/radxa/receptionist_robot_ws/build/receptionist_robot_description -- -j8 -l8
[1.751s] DEBUG:colcon.colcon_core.event_handler.log_command:Invoking command in '/home/radxa/receptionist_robot_ws/build/receptionist_robot_description': CMAKE_PREFIX_PATH=${CMAKE_PREFIX_PATH}:/home/radxa/turtlebot3_ws/install/turtlebot3_teleop:/home/radxa/turtlebot3_ws/install/turtlebot3_example:/opt/ros/jazzy /usr/bin/cmake --install /home/radxa/receptionist_robot_ws/build/receptionist_robot_description
[1.759s] DEBUG:colcon.colcon_core.event_handler.log_command:Invoked command in '/home/radxa/receptionist_robot_ws/build/eds_bot' returned '0': CMAKE_PREFIX_PATH=${CMAKE_PREFIX_PATH}:/home/radxa/turtlebot3_ws/install/turtlebot3_teleop:/home/radxa/turtlebot3_ws/install/turtlebot3_example:/opt/ros/jazzy /usr/bin/cmake --build /home/radxa/receptionist_robot_ws/build/eds_bot -- -j8 -l8
[1.769s] DEBUG:colcon.colcon_core.event_handler.log_command:Invoking command in '/home/radxa/receptionist_robot_ws/build/eds_bot': CMAKE_PREFIX_PATH=${CMAKE_PREFIX_PATH}:/home/radxa/turtlebot3_ws/install/turtlebot3_teleop:/home/radxa/turtlebot3_ws/install/turtlebot3_example:/opt/ros/jazzy /usr/bin/cmake --install /home/radxa/receptionist_robot_ws/build/eds_bot
[1.802s] Level 1:colcon.colcon_core.environment:create_environment_scripts_only(receptionist_robot_description)
[1.808s] DEBUG:colcon.colcon_core.event_handler.log_command:Invoked command in '/home/radxa/receptionist_robot_ws/build/receptionist_robot_description' returned '0': CMAKE_PREFIX_PATH=${CMAKE_PREFIX_PATH}:/home/radxa/turtlebot3_ws/install/turtlebot3_teleop:/home/radxa/turtlebot3_ws/install/turtlebot3_example:/opt/ros/jazzy /usr/bin/cmake --install /home/radxa/receptionist_robot_ws/build/receptionist_robot_description
[1.844s] Level 1:colcon.colcon_core.environment:checking '/home/radxa/receptionist_robot_ws/install/receptionist_robot_description' for CMake module files
[1.849s] Level 1:colcon.colcon_core.environment:checking '/home/radxa/receptionist_robot_ws/install/receptionist_robot_description' for CMake config files
[1.850s] Level 1:colcon.colcon_core.shell:create_environment_hook('receptionist_robot_description', 'cmake_prefix_path')
[1.851s] INFO:colcon.colcon_core.shell:Creating environment hook '/home/radxa/receptionist_robot_ws/install/receptionist_robot_description/share/receptionist_robot_description/hook/cmake_prefix_path.ps1'
[1.855s] INFO:colcon.colcon_core.shell:Creating environment descriptor '/home/radxa/receptionist_robot_ws/install/receptionist_robot_description/share/receptionist_robot_description/hook/cmake_prefix_path.dsv'
[1.868s] INFO:colcon.colcon_core.shell:Creating environment hook '/home/radxa/receptionist_robot_ws/install/receptionist_robot_description/share/receptionist_robot_description/hook/cmake_prefix_path.sh'
[1.882s] Level 1:colcon.colcon_core.environment:checking '/home/radxa/receptionist_robot_ws/install/receptionist_robot_description/bin'
[1.882s] Level 1:colcon.colcon_core.environment:checking '/home/radxa/receptionist_robot_ws/install/receptionist_robot_description/lib/pkgconfig/receptionist_robot_description.pc'
[1.884s] Level 1:colcon.colcon_core.environment:checking '/home/radxa/receptionist_robot_ws/install/receptionist_robot_description/lib/python3.12/site-packages'
[1.886s] Level 1:colcon.colcon_core.environment:checking '/home/radxa/receptionist_robot_ws/install/receptionist_robot_description/bin'
[1.888s] INFO:colcon.colcon_core.shell:Creating package script '/home/radxa/receptionist_robot_ws/install/receptionist_robot_description/share/receptionist_robot_description/package.ps1'
[1.893s] INFO:colcon.colcon_core.shell:Creating package descriptor '/home/radxa/receptionist_robot_ws/install/receptionist_robot_description/share/receptionist_robot_description/package.dsv'
[1.905s] INFO:colcon.colcon_core.shell:Creating package script '/home/radxa/receptionist_robot_ws/install/receptionist_robot_description/share/receptionist_robot_description/package.sh'
[1.909s] INFO:colcon.colcon_core.shell:Creating package script '/home/radxa/receptionist_robot_ws/install/receptionist_robot_description/share/receptionist_robot_description/package.bash'
[1.926s] INFO:colcon.colcon_core.shell:Creating package script '/home/radxa/receptionist_robot_ws/install/receptionist_robot_description/share/receptionist_robot_description/package.zsh'
[1.936s] Level 1:colcon.colcon_core.environment:create_file_with_runtime_dependencies(/home/radxa/receptionist_robot_ws/install/receptionist_robot_description/share/colcon-core/packages/receptionist_robot_description)
[1.943s] Level 1:colcon.colcon_core.environment:create_environment_scripts_only(receptionist_robot_description)
[1.945s] Level 1:colcon.colcon_core.environment:checking '/home/radxa/receptionist_robot_ws/install/receptionist_robot_description' for CMake module files
[1.950s] Level 1:colcon.colcon_core.environment:checking '/home/radxa/receptionist_robot_ws/install/receptionist_robot_description' for CMake config files
[1.951s] Level 1:colcon.colcon_core.shell:create_environment_hook('receptionist_robot_description', 'cmake_prefix_path')
[1.953s] INFO:colcon.colcon_core.shell:Creating environment hook '/home/radxa/receptionist_robot_ws/install/receptionist_robot_description/share/receptionist_robot_description/hook/cmake_prefix_path.ps1'
[1.958s] INFO:colcon.colcon_core.shell:Creating environment descriptor '/home/radxa/receptionist_robot_ws/install/receptionist_robot_description/share/receptionist_robot_description/hook/cmake_prefix_path.dsv'
[1.963s] INFO:colcon.colcon_core.shell:Creating environment hook '/home/radxa/receptionist_robot_ws/install/receptionist_robot_description/share/receptionist_robot_description/hook/cmake_prefix_path.sh'
[1.969s] Level 1:colcon.colcon_core.environment:checking '/home/radxa/receptionist_robot_ws/install/receptionist_robot_description/bin'
[1.969s] Level 1:colcon.colcon_core.environment:checking '/home/radxa/receptionist_robot_ws/install/receptionist_robot_description/lib/pkgconfig/receptionist_robot_description.pc'
[1.971s] Level 1:colcon.colcon_core.environment:checking '/home/radxa/receptionist_robot_ws/install/receptionist_robot_description/lib/python3.12/site-packages'
[1.973s] Level 1:colcon.colcon_core.environment:checking '/home/radxa/receptionist_robot_ws/install/receptionist_robot_description/bin'
[1.975s] INFO:colcon.colcon_core.shell:Creating package script '/home/radxa/receptionist_robot_ws/install/receptionist_robot_description/share/receptionist_robot_description/package.ps1'
[1.978s] INFO:colcon.colcon_core.shell:Creating package descriptor '/home/radxa/receptionist_robot_ws/install/receptionist_robot_description/share/receptionist_robot_description/package.dsv'
[1.983s] INFO:colcon.colcon_core.shell:Creating package script '/home/radxa/receptionist_robot_ws/install/receptionist_robot_description/share/receptionist_robot_description/package.sh'
[1.987s] INFO:colcon.colcon_core.shell:Creating package script '/home/radxa/receptionist_robot_ws/install/receptionist_robot_description/share/receptionist_robot_description/package.bash'
[1.993s] INFO:colcon.colcon_core.shell:Creating package script '/home/radxa/receptionist_robot_ws/install/receptionist_robot_description/share/receptionist_robot_description/package.zsh'
[1.999s] Level 1:colcon.colcon_core.environment:create_file_with_runtime_dependencies(/home/radxa/receptionist_robot_ws/install/receptionist_robot_description/share/colcon-core/packages/receptionist_robot_description)
[2.010s] Level 1:colcon.colcon_core.environment:create_environment_scripts_only(eds_bot)
[2.011s] Level 1:colcon.colcon_core.environment:checking '/home/radxa/receptionist_robot_ws/install/eds_bot' for CMake module files
[2.016s] Level 1:colcon.colcon_core.environment:checking '/home/radxa/receptionist_robot_ws/install/eds_bot' for CMake config files
[2.017s] DEBUG:colcon.colcon_core.event_handler.log_command:Invoked command in '/home/radxa/receptionist_robot_ws/build/eds_bot' returned '0': CMAKE_PREFIX_PATH=${CMAKE_PREFIX_PATH}:/home/radxa/turtlebot3_ws/install/turtlebot3_teleop:/home/radxa/turtlebot3_ws/install/turtlebot3_example:/opt/ros/jazzy /usr/bin/cmake --install /home/radxa/receptionist_robot_ws/build/eds_bot
[2.020s] Level 1:colcon.colcon_core.shell:create_environment_hook('eds_bot', 'cmake_prefix_path')
[2.021s] INFO:colcon.colcon_core.shell:Creating environment hook '/home/radxa/receptionist_robot_ws/install/eds_bot/share/eds_bot/hook/cmake_prefix_path.ps1'
[2.023s] INFO:colcon.colcon_core.shell:Creating environment descriptor '/home/radxa/receptionist_robot_ws/install/eds_bot/share/eds_bot/hook/cmake_prefix_path.dsv'
[2.031s] INFO:colcon.colcon_core.shell:Creating environment hook '/home/radxa/receptionist_robot_ws/install/eds_bot/share/eds_bot/hook/cmake_prefix_path.sh'
[2.039s] Level 1:colcon.colcon_core.environment:checking '/home/radxa/receptionist_robot_ws/install/eds_bot/bin'
[2.039s] Level 1:colcon.colcon_core.environment:checking '/home/radxa/receptionist_robot_ws/install/eds_bot/lib/pkgconfig/eds_bot.pc'
[2.041s] Level 1:colcon.colcon_core.environment:checking '/home/radxa/receptionist_robot_ws/install/eds_bot/lib/python3.12/site-packages'
[2.043s] Level 1:colcon.colcon_core.environment:checking '/home/radxa/receptionist_robot_ws/install/eds_bot/bin'
[2.045s] INFO:colcon.colcon_core.shell:Creating package script '/home/radxa/receptionist_robot_ws/install/eds_bot/share/eds_bot/package.ps1'
[2.049s] INFO:colcon.colcon_core.shell:Creating package descriptor '/home/radxa/receptionist_robot_ws/install/eds_bot/share/eds_bot/package.dsv'
[2.051s] INFO:colcon.colcon_core.shell:Creating package script '/home/radxa/receptionist_robot_ws/install/eds_bot/share/eds_bot/package.sh'
[2.056s] INFO:colcon.colcon_core.shell:Creating package script '/home/radxa/receptionist_robot_ws/install/eds_bot/share/eds_bot/package.bash'
[2.064s] INFO:colcon.colcon_core.shell:Creating package script '/home/radxa/receptionist_robot_ws/install/eds_bot/share/eds_bot/package.zsh'
[2.072s] Level 1:colcon.colcon_core.environment:create_file_with_runtime_dependencies(/home/radxa/receptionist_robot_ws/install/eds_bot/share/colcon-core/packages/eds_bot)
[2.075s] Level 1:colcon.colcon_core.environment:create_environment_scripts_only(eds_bot)
[2.076s] Level 1:colcon.colcon_core.environment:checking '/home/radxa/receptionist_robot_ws/install/eds_bot' for CMake module files
[2.081s] Level 1:colcon.colcon_core.environment:checking '/home/radxa/receptionist_robot_ws/install/eds_bot' for CMake config files
[2.084s] Level 1:colcon.colcon_core.shell:create_environment_hook('eds_bot', 'cmake_prefix_path')
[2.085s] INFO:colcon.colcon_core.shell:Creating environment hook '/home/radxa/receptionist_robot_ws/install/eds_bot/share/eds_bot/hook/cmake_prefix_path.ps1'
[2.086s] INFO:colcon.colcon_core.shell:Creating environment descriptor '/home/radxa/receptionist_robot_ws/install/eds_bot/share/eds_bot/hook/cmake_prefix_path.dsv'
[2.095s] INFO:colcon.colcon_core.shell:Creating environment hook '/home/radxa/receptionist_robot_ws/install/eds_bot/share/eds_bot/hook/cmake_prefix_path.sh'
[2.105s] Level 1:colcon.colcon_core.environment:checking '/home/radxa/receptionist_robot_ws/install/eds_bot/bin'
[2.105s] Level 1:colcon.colcon_core.environment:checking '/home/radxa/receptionist_robot_ws/install/eds_bot/lib/pkgconfig/eds_bot.pc'
[2.106s] Level 1:colcon.colcon_core.environment:checking '/home/radxa/receptionist_robot_ws/install/eds_bot/lib/python3.12/site-packages'
[2.108s] Level 1:colcon.colcon_core.environment:checking '/home/radxa/receptionist_robot_ws/install/eds_bot/bin'
[2.109s] INFO:colcon.colcon_core.shell:Creating package script '/home/radxa/receptionist_robot_ws/install/eds_bot/share/eds_bot/package.ps1'
[2.114s] INFO:colcon.colcon_core.shell:Creating package descriptor '/home/radxa/receptionist_robot_ws/install/eds_bot/share/eds_bot/package.dsv'
[2.123s] INFO:colcon.colcon_core.shell:Creating package script '/home/radxa/receptionist_robot_ws/install/eds_bot/share/eds_bot/package.sh'
[2.134s] INFO:colcon.colcon_core.shell:Creating package script '/home/radxa/receptionist_robot_ws/install/eds_bot/share/eds_bot/package.bash'
[2.142s] INFO:colcon.colcon_core.shell:Creating package script '/home/radxa/receptionist_robot_ws/install/eds_bot/share/eds_bot/package.zsh'
[2.150s] Level 1:colcon.colcon_core.environment:create_file_with_runtime_dependencies(/home/radxa/receptionist_robot_ws/install/eds_bot/share/colcon-core/packages/eds_bot)
[2.159s] DEBUG:colcon.colcon_core.event_handler.log_command:Invoked command in '/home/radxa/receptionist_robot_ws/build/sllidar_ros2' returned '0': CMAKE_PREFIX_PATH=${CMAKE_PREFIX_PATH}:/home/radxa/turtlebot3_ws/install/turtlebot3_teleop:/home/radxa/turtlebot3_ws/install/turtlebot3_example:/opt/ros/jazzy /usr/bin/cmake --build /home/radxa/receptionist_robot_ws/build/sllidar_ros2 -- -j8 -l8
[2.178s] DEBUG:colcon.colcon_core.event_handler.log_command:Invoking command in '/home/radxa/receptionist_robot_ws/build/sllidar_ros2': CMAKE_PREFIX_PATH=${CMAKE_PREFIX_PATH}:/home/radxa/turtlebot3_ws/install/turtlebot3_teleop:/home/radxa/turtlebot3_ws/install/turtlebot3_example:/opt/ros/jazzy /usr/bin/cmake --install /home/radxa/receptionist_robot_ws/build/sllidar_ros2
[2.222s] Level 1:colcon.colcon_core.environment:create_environment_scripts_only(sllidar_ros2)
[2.224s] Level 1:colcon.colcon_core.environment:checking '/home/radxa/receptionist_robot_ws/install/sllidar_ros2' for CMake module files
[2.237s] Level 1:colcon.colcon_core.environment:checking '/home/radxa/receptionist_robot_ws/install/sllidar_ros2' for CMake config files
[2.242s] DEBUG:colcon.colcon_core.event_handler.log_command:Invoked command in '/home/radxa/receptionist_robot_ws/build/sllidar_ros2' returned '0': CMAKE_PREFIX_PATH=${CMAKE_PREFIX_PATH}:/home/radxa/turtlebot3_ws/install/turtlebot3_teleop:/home/radxa/turtlebot3_ws/install/turtlebot3_example:/opt/ros/jazzy /usr/bin/cmake --install /home/radxa/receptionist_robot_ws/build/sllidar_ros2
[2.243s] Level 1:colcon.colcon_core.shell:create_environment_hook('sllidar_ros2', 'cmake_prefix_path')
[2.244s] INFO:colcon.colcon_core.shell:Creating environment hook '/home/radxa/receptionist_robot_ws/install/sllidar_ros2/share/sllidar_ros2/hook/cmake_prefix_path.ps1'
[2.247s] INFO:colcon.colcon_core.shell:Creating environment descriptor '/home/radxa/receptionist_robot_ws/install/sllidar_ros2/share/sllidar_ros2/hook/cmake_prefix_path.dsv'
[2.255s] INFO:colcon.colcon_core.shell:Creating environment hook '/home/radxa/receptionist_robot_ws/install/sllidar_ros2/share/sllidar_ros2/hook/cmake_prefix_path.sh'
[2.261s] Level 1:colcon.colcon_core.environment:checking '/home/radxa/receptionist_robot_ws/install/sllidar_ros2/lib'
[2.262s] Level 1:colcon.colcon_core.environment:checking '/home/radxa/receptionist_robot_ws/install/sllidar_ros2/bin'
[2.262s] Level 1:colcon.colcon_core.environment:checking '/home/radxa/receptionist_robot_ws/install/sllidar_ros2/lib/pkgconfig/sllidar_ros2.pc'
[2.264s] Level 1:colcon.colcon_core.environment:checking '/home/radxa/receptionist_robot_ws/install/sllidar_ros2/lib/python3.12/site-packages'
[2.267s] Level 1:colcon.colcon_core.environment:checking '/home/radxa/receptionist_robot_ws/install/sllidar_ros2/bin'
[2.269s] INFO:colcon.colcon_core.shell:Creating package script '/home/radxa/receptionist_robot_ws/install/sllidar_ros2/share/sllidar_ros2/package.ps1'
[2.272s] INFO:colcon.colcon_core.shell:Creating package descriptor '/home/radxa/receptionist_robot_ws/install/sllidar_ros2/share/sllidar_ros2/package.dsv'
[2.275s] INFO:colcon.colcon_core.shell:Creating package script '/home/radxa/receptionist_robot_ws/install/sllidar_ros2/share/sllidar_ros2/package.sh'
[2.277s] INFO:colcon.colcon_core.shell:Creating package script '/home/radxa/receptionist_robot_ws/install/sllidar_ros2/share/sllidar_ros2/package.bash'
[2.283s] INFO:colcon.colcon_core.shell:Creating package script '/home/radxa/receptionist_robot_ws/install/sllidar_ros2/share/sllidar_ros2/package.zsh'
[2.288s] Level 1:colcon.colcon_core.environment:create_file_with_runtime_dependencies(/home/radxa/receptionist_robot_ws/install/sllidar_ros2/share/colcon-core/packages/sllidar_ros2)
[2.295s] Level 1:colcon.colcon_core.environment:create_environment_scripts_only(sllidar_ros2)
[2.297s] Level 1:colcon.colcon_core.environment:checking '/home/radxa/receptionist_robot_ws/install/sllidar_ros2' for CMake module files
[2.303s] Level 1:colcon.colcon_core.environment:checking '/home/radxa/receptionist_robot_ws/install/sllidar_ros2' for CMake config files
[2.305s] Level 1:colcon.colcon_core.shell:create_environment_hook('sllidar_ros2', 'cmake_prefix_path')
[2.306s] INFO:colcon.colcon_core.shell:Creating environment hook '/home/radxa/receptionist_robot_ws/install/sllidar_ros2/share/sllidar_ros2/hook/cmake_prefix_path.ps1'
[2.311s] INFO:colcon.colcon_core.shell:Creating environment descriptor '/home/radxa/receptionist_robot_ws/install/sllidar_ros2/share/sllidar_ros2/hook/cmake_prefix_path.dsv'
[2.325s] INFO:colcon.colcon_core.shell:Creating environment hook '/home/radxa/receptionist_robot_ws/install/sllidar_ros2/share/sllidar_ros2/hook/cmake_prefix_path.sh'
[2.335s] Level 1:colcon.colcon_core.environment:checking '/home/radxa/receptionist_robot_ws/install/sllidar_ros2/lib'
[2.335s] Level 1:colcon.colcon_core.environment:checking '/home/radxa/receptionist_robot_ws/install/sllidar_ros2/bin'
[2.336s] Level 1:colcon.colcon_core.environment:checking '/home/radxa/receptionist_robot_ws/install/sllidar_ros2/lib/pkgconfig/sllidar_ros2.pc'
[2.337s] Level 1:colcon.colcon_core.environment:checking '/home/radxa/receptionist_robot_ws/install/sllidar_ros2/lib/python3.12/site-packages'
[2.340s] Level 1:colcon.colcon_core.environment:checking '/home/radxa/receptionist_robot_ws/install/sllidar_ros2/bin'
[2.341s] INFO:colcon.colcon_core.shell:Creating package script '/home/radxa/receptionist_robot_ws/install/sllidar_ros2/share/sllidar_ros2/package.ps1'
[2.345s] INFO:colcon.colcon_core.shell:Creating package descriptor '/home/radxa/receptionist_robot_ws/install/sllidar_ros2/share/sllidar_ros2/package.dsv'
[2.351s] INFO:colcon.colcon_core.shell:Creating package script '/home/radxa/receptionist_robot_ws/install/sllidar_ros2/share/sllidar_ros2/package.sh'
[2.357s] INFO:colcon.colcon_core.shell:Creating package script '/home/radxa/receptionist_robot_ws/install/sllidar_ros2/share/sllidar_ros2/package.bash'
[2.364s] INFO:colcon.colcon_core.shell:Creating package script '/home/radxa/receptionist_robot_ws/install/sllidar_ros2/share/sllidar_ros2/package.zsh'
[2.368s] Level 1:colcon.colcon_core.environment:create_file_with_runtime_dependencies(/home/radxa/receptionist_robot_ws/install/sllidar_ros2/share/colcon-core/packages/sllidar_ros2)
[2.374s] INFO:colcon.colcon_ros.task.ament_cmake.build:Building ROS package in '/home/radxa/receptionist_robot_ws/src/receptionist_robot_bringup' with build type 'ament_cmake'
[2.375s] INFO:colcon.colcon_cmake.task.cmake.build:Building CMake package in '/home/radxa/receptionist_robot_ws/src/receptionist_robot_bringup'
[2.376s] INFO:colcon.colcon_core.shell:Skip shell extension 'powershell' for command environment: Not usable outside of PowerShell
[2.376s] DEBUG:colcon.colcon_core.shell:Skip shell extension 'dsv' for command environment
[2.436s] DEBUG:colcon.colcon_core.event_handler.log_command:Invoking command in '/home/radxa/receptionist_robot_ws/build/receptionist_robot_bringup': CMAKE_PREFIX_PATH=/home/radxa/receptionist_robot_ws/install/sllidar_ros2:/home/radxa/receptionist_robot_ws/install/receptionist_robot_description:/home/radxa/receptionist_robot_ws/install/receptionist_robot_bringup:/home/radxa/receptionist_robot_ws/install/eds_bot:/home/radxa/turtlebot3_ws/install/turtlebot3:/home/radxa/turtlebot3_ws/install/turtlebot3_bringup:/home/radxa/turtlebot3_ws/install/turtlebot3_node:/home/radxa/turtlebot3_ws/install/turtlebot3_navigation2:/home/radxa/turtlebot3_ws/install/turtlebot3_msgs:/home/radxa/turtlebot3_ws/install/turtlebot3_description:/home/radxa/turtlebot3_ws/install/turtlebot3_cartographer:/home/radxa/turtlebot3_ws/install/sllidar_ros2:/home/radxa/turtlebot3_ws/install/hclidar_driver_ros2:/home/radxa/turtlebot3_ws/install/dynamixel_sdk_examples:/home/radxa/turtlebot3_ws/install/dynamixel_sdk_custom_interfaces:/home/radxa/turtlebot3_ws/install/dynamixel_sdk:/home/radxa/microros_ws/install/micro_ros_agent:/home/radxa/microros_ws/install/micro_ros_msgs:/opt/ros/jazzy/opt/gz_sim_vendor:/opt/ros/jazzy/opt/gz_sensors_vendor:/opt/ros/jazzy/opt/gz_physics_vendor:/opt/ros/jazzy/opt/sdformat_vendor:/opt/ros/jazzy/opt/gz_gui_vendor:/opt/ros/jazzy/opt/gz_transport_vendor:/opt/ros/jazzy/opt/gz_rendering_vendor:/opt/ros/jazzy/opt/gz_plugin_vendor:/opt/ros/jazzy/opt/gz_fuel_tools_vendor:/opt/ros/jazzy/opt/gz_msgs_vendor:/opt/ros/jazzy/opt/gz_common_vendor:/opt/ros/jazzy/opt/gz_math_vendor:/opt/ros/jazzy/opt/gz_utils_vendor:/opt/ros/jazzy/opt/gz_tools_vendor:/opt/ros/jazzy/opt/gz_ogre_next_vendor:/opt/ros/jazzy/opt/gz_dartsim_vendor:/opt/ros/jazzy/opt/gz_cmake_vendor:/home/radxa/turtlebot3_ws/install/turtlebot3_teleop:/home/radxa/turtlebot3_ws/install/turtlebot3_example:/opt/ros/jazzy /usr/bin/cmake --build /home/radxa/receptionist_robot_ws/build/receptionist_robot_bringup -- -j8 -l8
[2.502s] DEBUG:colcon.colcon_core.event_handler.log_command:Invoked command in '/home/radxa/receptionist_robot_ws/build/receptionist_robot_bringup' returned '0': CMAKE_PREFIX_PATH=/home/radxa/receptionist_robot_ws/install/sllidar_ros2:/home/radxa/receptionist_robot_ws/install/receptionist_robot_description:/home/radxa/receptionist_robot_ws/install/receptionist_robot_bringup:/home/radxa/receptionist_robot_ws/install/eds_bot:/home/radxa/turtlebot3_ws/install/turtlebot3:/home/radxa/turtlebot3_ws/install/turtlebot3_bringup:/home/radxa/turtlebot3_ws/install/turtlebot3_node:/home/radxa/turtlebot3_ws/install/turtlebot3_navigation2:/home/radxa/turtlebot3_ws/install/turtlebot3_msgs:/home/radxa/turtlebot3_ws/install/turtlebot3_description:/home/radxa/turtlebot3_ws/install/turtlebot3_cartographer:/home/radxa/turtlebot3_ws/install/sllidar_ros2:/home/radxa/turtlebot3_ws/install/hclidar_driver_ros2:/home/radxa/turtlebot3_ws/install/dynamixel_sdk_examples:/home/radxa/turtlebot3_ws/install/dynamixel_sdk_custom_interfaces:/home/radxa/turtlebot3_ws/install/dynamixel_sdk:/home/radxa/microros_ws/install/micro_ros_agent:/home/radxa/microros_ws/install/micro_ros_msgs:/opt/ros/jazzy/opt/gz_sim_vendor:/opt/ros/jazzy/opt/gz_sensors_vendor:/opt/ros/jazzy/opt/gz_physics_vendor:/opt/ros/jazzy/opt/sdformat_vendor:/opt/ros/jazzy/opt/gz_gui_vendor:/opt/ros/jazzy/opt/gz_transport_vendor:/opt/ros/jazzy/opt/gz_rendering_vendor:/opt/ros/jazzy/opt/gz_plugin_vendor:/opt/ros/jazzy/opt/gz_fuel_tools_vendor:/opt/ros/jazzy/opt/gz_msgs_vendor:/opt/ros/jazzy/opt/gz_common_vendor:/opt/ros/jazzy/opt/gz_math_vendor:/opt/ros/jazzy/opt/gz_utils_vendor:/opt/ros/jazzy/opt/gz_tools_vendor:/opt/ros/jazzy/opt/gz_ogre_next_vendor:/opt/ros/jazzy/opt/gz_dartsim_vendor:/opt/ros/jazzy/opt/gz_cmake_vendor:/home/radxa/turtlebot3_ws/install/turtlebot3_teleop:/home/radxa/turtlebot3_ws/install/turtlebot3_example:/opt/ros/jazzy /usr/bin/cmake --build /home/radxa/receptionist_robot_ws/build/receptionist_robot_bringup -- -j8 -l8
[2.513s] DEBUG:colcon.colcon_core.event_handler.log_command:Invoking command in '/home/radxa/receptionist_robot_ws/build/receptionist_robot_bringup': CMAKE_PREFIX_PATH=/home/radxa/receptionist_robot_ws/install/sllidar_ros2:/home/radxa/receptionist_robot_ws/install/receptionist_robot_description:/home/radxa/receptionist_robot_ws/install/receptionist_robot_bringup:/home/radxa/receptionist_robot_ws/install/eds_bot:/home/radxa/turtlebot3_ws/install/turtlebot3:/home/radxa/turtlebot3_ws/install/turtlebot3_bringup:/home/radxa/turtlebot3_ws/install/turtlebot3_node:/home/radxa/turtlebot3_ws/install/turtlebot3_navigation2:/home/radxa/turtlebot3_ws/install/turtlebot3_msgs:/home/radxa/turtlebot3_ws/install/turtlebot3_description:/home/radxa/turtlebot3_ws/install/turtlebot3_cartographer:/home/radxa/turtlebot3_ws/install/sllidar_ros2:/home/radxa/turtlebot3_ws/install/hclidar_driver_ros2:/home/radxa/turtlebot3_ws/install/dynamixel_sdk_examples:/home/radxa/turtlebot3_ws/install/dynamixel_sdk_custom_interfaces:/home/radxa/turtlebot3_ws/install/dynamixel_sdk:/home/radxa/microros_ws/install/micro_ros_agent:/home/radxa/microros_ws/install/micro_ros_msgs:/opt/ros/jazzy/opt/gz_sim_vendor:/opt/ros/jazzy/opt/gz_sensors_vendor:/opt/ros/jazzy/opt/gz_physics_vendor:/opt/ros/jazzy/opt/sdformat_vendor:/opt/ros/jazzy/opt/gz_gui_vendor:/opt/ros/jazzy/opt/gz_transport_vendor:/opt/ros/jazzy/opt/gz_rendering_vendor:/opt/ros/jazzy/opt/gz_plugin_vendor:/opt/ros/jazzy/opt/gz_fuel_tools_vendor:/opt/ros/jazzy/opt/gz_msgs_vendor:/opt/ros/jazzy/opt/gz_common_vendor:/opt/ros/jazzy/opt/gz_math_vendor:/opt/ros/jazzy/opt/gz_utils_vendor:/opt/ros/jazzy/opt/gz_tools_vendor:/opt/ros/jazzy/opt/gz_ogre_next_vendor:/opt/ros/jazzy/opt/gz_dartsim_vendor:/opt/ros/jazzy/opt/gz_cmake_vendor:/home/radxa/turtlebot3_ws/install/turtlebot3_teleop:/home/radxa/turtlebot3_ws/install/turtlebot3_example:/opt/ros/jazzy /usr/bin/cmake --install /home/radxa/receptionist_robot_ws/build/receptionist_robot_bringup
[2.545s] Level 1:colcon.colcon_core.environment:create_environment_scripts_only(receptionist_robot_bringup)
[2.547s] Level 1:colcon.colcon_core.environment:checking '/home/radxa/receptionist_robot_ws/install/receptionist_robot_bringup' for CMake module files
[2.549s] DEBUG:colcon.colcon_core.event_handler.log_command:Invoked command in '/home/radxa/receptionist_robot_ws/build/receptionist_robot_bringup' returned '0': CMAKE_PREFIX_PATH=/home/radxa/receptionist_robot_ws/install/sllidar_ros2:/home/radxa/receptionist_robot_ws/install/receptionist_robot_description:/home/radxa/receptionist_robot_ws/install/receptionist_robot_bringup:/home/radxa/receptionist_robot_ws/install/eds_bot:/home/radxa/turtlebot3_ws/install/turtlebot3:/home/radxa/turtlebot3_ws/install/turtlebot3_bringup:/home/radxa/turtlebot3_ws/install/turtlebot3_node:/home/radxa/turtlebot3_ws/install/turtlebot3_navigation2:/home/radxa/turtlebot3_ws/install/turtlebot3_msgs:/home/radxa/turtlebot3_ws/install/turtlebot3_description:/home/radxa/turtlebot3_ws/install/turtlebot3_cartographer:/home/radxa/turtlebot3_ws/install/sllidar_ros2:/home/radxa/turtlebot3_ws/install/hclidar_driver_ros2:/home/radxa/turtlebot3_ws/install/dynamixel_sdk_examples:/home/radxa/turtlebot3_ws/install/dynamixel_sdk_custom_interfaces:/home/radxa/turtlebot3_ws/install/dynamixel_sdk:/home/radxa/microros_ws/install/micro_ros_agent:/home/radxa/microros_ws/install/micro_ros_msgs:/opt/ros/jazzy/opt/gz_sim_vendor:/opt/ros/jazzy/opt/gz_sensors_vendor:/opt/ros/jazzy/opt/gz_physics_vendor:/opt/ros/jazzy/opt/sdformat_vendor:/opt/ros/jazzy/opt/gz_gui_vendor:/opt/ros/jazzy/opt/gz_transport_vendor:/opt/ros/jazzy/opt/gz_rendering_vendor:/opt/ros/jazzy/opt/gz_plugin_vendor:/opt/ros/jazzy/opt/gz_fuel_tools_vendor:/opt/ros/jazzy/opt/gz_msgs_vendor:/opt/ros/jazzy/opt/gz_common_vendor:/opt/ros/jazzy/opt/gz_math_vendor:/opt/ros/jazzy/opt/gz_utils_vendor:/opt/ros/jazzy/opt/gz_tools_vendor:/opt/ros/jazzy/opt/gz_ogre_next_vendor:/opt/ros/jazzy/opt/gz_dartsim_vendor:/opt/ros/jazzy/opt/gz_cmake_vendor:/home/radxa/turtlebot3_ws/install/turtlebot3_teleop:/home/radxa/turtlebot3_ws/install/turtlebot3_example:/opt/ros/jazzy /usr/bin/cmake --install /home/radxa/receptionist_robot_ws/build/receptionist_robot_bringup
[2.553s] Level 1:colcon.colcon_core.environment:checking '/home/radxa/receptionist_robot_ws/install/receptionist_robot_bringup' for CMake config files
[2.555s] Level 1:colcon.colcon_core.shell:create_environment_hook('receptionist_robot_bringup', 'cmake_prefix_path')
[2.556s] INFO:colcon.colcon_core.shell:Creating environment hook '/home/radxa/receptionist_robot_ws/install/receptionist_robot_bringup/share/receptionist_robot_bringup/hook/cmake_prefix_path.ps1'
[2.558s] INFO:colcon.colcon_core.shell:Creating environment descriptor '/home/radxa/receptionist_robot_ws/install/receptionist_robot_bringup/share/receptionist_robot_bringup/hook/cmake_prefix_path.dsv'
[2.566s] INFO:colcon.colcon_core.shell:Creating environment hook '/home/radxa/receptionist_robot_ws/install/receptionist_robot_bringup/share/receptionist_robot_bringup/hook/cmake_prefix_path.sh'
[2.571s] Level 1:colcon.colcon_core.environment:checking '/home/radxa/receptionist_robot_ws/install/receptionist_robot_bringup/bin'
[2.572s] Level 1:colcon.colcon_core.environment:checking '/home/radxa/receptionist_robot_ws/install/receptionist_robot_bringup/lib/pkgconfig/receptionist_robot_bringup.pc'
[2.573s] Level 1:colcon.colcon_core.environment:checking '/home/radxa/receptionist_robot_ws/install/receptionist_robot_bringup/lib/python3.12/site-packages'
[2.576s] Level 1:colcon.colcon_core.environment:checking '/home/radxa/receptionist_robot_ws/install/receptionist_robot_bringup/bin'
[2.578s] INFO:colcon.colcon_core.shell:Creating package script '/home/radxa/receptionist_robot_ws/install/receptionist_robot_bringup/share/receptionist_robot_bringup/package.ps1'
[2.585s] INFO:colcon.colcon_core.shell:Creating package descriptor '/home/radxa/receptionist_robot_ws/install/receptionist_robot_bringup/share/receptionist_robot_bringup/package.dsv'
[2.588s] INFO:colcon.colcon_core.shell:Creating package script '/home/radxa/receptionist_robot_ws/install/receptionist_robot_bringup/share/receptionist_robot_bringup/package.sh'
[2.593s] INFO:colcon.colcon_core.shell:Creating package script '/home/radxa/receptionist_robot_ws/install/receptionist_robot_bringup/share/receptionist_robot_bringup/package.bash'
[2.601s] INFO:colcon.colcon_core.shell:Creating package script '/home/radxa/receptionist_robot_ws/install/receptionist_robot_bringup/share/receptionist_robot_bringup/package.zsh'
[2.610s] Level 1:colcon.colcon_core.environment:create_file_with_runtime_dependencies(/home/radxa/receptionist_robot_ws/install/receptionist_robot_bringup/share/colcon-core/packages/receptionist_robot_bringup)
[2.620s] Level 1:colcon.colcon_core.environment:create_environment_scripts_only(receptionist_robot_bringup)
[2.621s] Level 1:colcon.colcon_core.environment:checking '/home/radxa/receptionist_robot_ws/install/receptionist_robot_bringup' for CMake module files
[2.624s] Level 1:colcon.colcon_core.environment:checking '/home/radxa/receptionist_robot_ws/install/receptionist_robot_bringup' for CMake config files
[2.627s] Level 1:colcon.colcon_core.shell:create_environment_hook('receptionist_robot_bringup', 'cmake_prefix_path')
[2.628s] INFO:colcon.colcon_core.shell:Creating environment hook '/home/radxa/receptionist_robot_ws/install/receptionist_robot_bringup/share/receptionist_robot_bringup/hook/cmake_prefix_path.ps1'
[2.631s] INFO:colcon.colcon_core.shell:Creating environment descriptor '/home/radxa/receptionist_robot_ws/install/receptionist_robot_bringup/share/receptionist_robot_bringup/hook/cmake_prefix_path.dsv'
[2.642s] INFO:colcon.colcon_core.shell:Creating environment hook '/home/radxa/receptionist_robot_ws/install/receptionist_robot_bringup/share/receptionist_robot_bringup/hook/cmake_prefix_path.sh'
[2.653s] Level 1:colcon.colcon_core.environment:checking '/home/radxa/receptionist_robot_ws/install/receptionist_robot_bringup/bin'
[2.653s] Level 1:colcon.colcon_core.environment:checking '/home/radxa/receptionist_robot_ws/install/receptionist_robot_bringup/lib/pkgconfig/receptionist_robot_bringup.pc'
[2.656s] Level 1:colcon.colcon_core.environment:checking '/home/radxa/receptionist_robot_ws/install/receptionist_robot_bringup/lib/python3.12/site-packages'
[2.660s] Level 1:colcon.colcon_core.environment:checking '/home/radxa/receptionist_robot_ws/install/receptionist_robot_bringup/bin'
[2.662s] INFO:colcon.colcon_core.shell:Creating package script '/home/radxa/receptionist_robot_ws/install/receptionist_robot_bringup/share/receptionist_robot_bringup/package.ps1'
[2.666s] INFO:colcon.colcon_core.shell:Creating package descriptor '/home/radxa/receptionist_robot_ws/install/receptionist_robot_bringup/share/receptionist_robot_bringup/package.dsv'
[2.676s] INFO:colcon.colcon_core.shell:Creating package script '/home/radxa/receptionist_robot_ws/install/receptionist_robot_bringup/share/receptionist_robot_bringup/package.sh'
[2.683s] INFO:colcon.colcon_core.shell:Creating package script '/home/radxa/receptionist_robot_ws/install/receptionist_robot_bringup/share/receptionist_robot_bringup/package.bash'
[2.690s] INFO:colcon.colcon_core.shell:Creating package script '/home/radxa/receptionist_robot_ws/install/receptionist_robot_bringup/share/receptionist_robot_bringup/package.zsh'
[2.696s] Level 1:colcon.colcon_core.environment:create_file_with_runtime_dependencies(/home/radxa/receptionist_robot_ws/install/receptionist_robot_bringup/share/colcon-core/packages/receptionist_robot_bringup)
[2.704s] DEBUG:colcon.colcon_parallel_executor.executor.parallel:closing loop
[2.705s] DEBUG:colcon.colcon_parallel_executor.executor.parallel:loop closed
[2.706s] DEBUG:colcon.colcon_parallel_executor.executor.parallel:run_until_complete finished with '0'
[2.707s] DEBUG:colcon.colcon_core.event_reactor:joining thread
[2.713s] DEBUG:colcon.colcon_core.event_reactor:joined thread
[2.714s] INFO:colcon.colcon_core.shell:Creating prefix script '/home/radxa/receptionist_robot_ws/install/local_setup.ps1'
[2.723s] INFO:colcon.colcon_core.shell:Creating prefix util module '/home/radxa/receptionist_robot_ws/install/_local_setup_util_ps1.py'
[2.739s] INFO:colcon.colcon_core.shell:Creating prefix chain script '/home/radxa/receptionist_robot_ws/install/setup.ps1'
[2.757s] INFO:colcon.colcon_core.shell:Creating prefix script '/home/radxa/receptionist_robot_ws/install/local_setup.sh'
[2.767s] INFO:colcon.colcon_core.shell:Creating prefix util module '/home/radxa/receptionist_robot_ws/install/_local_setup_util_sh.py'
[2.772s] INFO:colcon.colcon_core.shell:Creating prefix chain script '/home/radxa/receptionist_robot_ws/install/setup.sh'
[2.786s] INFO:colcon.colcon_core.shell:Creating prefix script '/home/radxa/receptionist_robot_ws/install/local_setup.bash'
[2.796s] INFO:colcon.colcon_core.shell:Creating prefix chain script '/home/radxa/receptionist_robot_ws/install/setup.bash'
[2.811s] INFO:colcon.colcon_core.shell:Creating prefix script '/home/radxa/receptionist_robot_ws/install/local_setup.zsh'
[2.822s] INFO:colcon.colcon_core.shell:Creating prefix chain script '/home/radxa/receptionist_robot_ws/install/setup.zsh'
